Archive member included to satisfy reference by file (symbol)

/opt/st/stm32cubeide_1.15.0/plugins/com.st.stm32cube.ide.mcu.externaltools.gnu-tools-for-stm32.12.3.rel1.linux64_1.0.100.202403111256/tools/bin/../lib/gcc/arm-none-eabi/12.3.1/../../../../arm-none-eabi/lib/thumb/v8-m.main+fp/hard/libc_nano.a(libc_a-exit.o)
                              /opt/st/stm32cubeide_1.15.0/plugins/com.st.stm32cube.ide.mcu.externaltools.gnu-tools-for-stm32.12.3.rel1.linux64_1.0.100.202403111256/tools/bin/../lib/gcc/arm-none-eabi/12.3.1/../../../../arm-none-eabi/lib/thumb/v8-m.main+fp/hard/crt0.o (exit)
/opt/st/stm32cubeide_1.15.0/plugins/com.st.stm32cube.ide.mcu.externaltools.gnu-tools-for-stm32.12.3.rel1.linux64_1.0.100.202403111256/tools/bin/../lib/gcc/arm-none-eabi/12.3.1/../../../../arm-none-eabi/lib/thumb/v8-m.main+fp/hard/libc_nano.a(libc_a-findfp.o)
                              /opt/st/stm32cubeide_1.15.0/plugins/com.st.stm32cube.ide.mcu.externaltools.gnu-tools-for-stm32.12.3.rel1.linux64_1.0.100.202403111256/tools/bin/../lib/gcc/arm-none-eabi/12.3.1/../../../../arm-none-eabi/lib/thumb/v8-m.main+fp/hard/libc_nano.a(libc_a-exit.o) (__stdio_exit_handler)
/opt/st/stm32cubeide_1.15.0/plugins/com.st.stm32cube.ide.mcu.externaltools.gnu-tools-for-stm32.12.3.rel1.linux64_1.0.100.202403111256/tools/bin/../lib/gcc/arm-none-eabi/12.3.1/../../../../arm-none-eabi/lib/thumb/v8-m.main+fp/hard/libc_nano.a(libc_a-fwalk.o)
                              /opt/st/stm32cubeide_1.15.0/plugins/com.st.stm32cube.ide.mcu.externaltools.gnu-tools-for-stm32.12.3.rel1.linux64_1.0.100.202403111256/tools/bin/../lib/gcc/arm-none-eabi/12.3.1/../../../../arm-none-eabi/lib/thumb/v8-m.main+fp/hard/libc_nano.a(libc_a-findfp.o) (_fwalk_sglue)
/opt/st/stm32cubeide_1.15.0/plugins/com.st.stm32cube.ide.mcu.externaltools.gnu-tools-for-stm32.12.3.rel1.linux64_1.0.100.202403111256/tools/bin/../lib/gcc/arm-none-eabi/12.3.1/../../../../arm-none-eabi/lib/thumb/v8-m.main+fp/hard/libc_nano.a(libc_a-stdio.o)
                              /opt/st/stm32cubeide_1.15.0/plugins/com.st.stm32cube.ide.mcu.externaltools.gnu-tools-for-stm32.12.3.rel1.linux64_1.0.100.202403111256/tools/bin/../lib/gcc/arm-none-eabi/12.3.1/../../../../arm-none-eabi/lib/thumb/v8-m.main+fp/hard/libc_nano.a(libc_a-findfp.o) (__sread)
/opt/st/stm32cubeide_1.15.0/plugins/com.st.stm32cube.ide.mcu.externaltools.gnu-tools-for-stm32.12.3.rel1.linux64_1.0.100.202403111256/tools/bin/../lib/gcc/arm-none-eabi/12.3.1/../../../../arm-none-eabi/lib/thumb/v8-m.main+fp/hard/libc_nano.a(libc_a-memset.o)
                              /opt/st/stm32cubeide_1.15.0/plugins/com.st.stm32cube.ide.mcu.externaltools.gnu-tools-for-stm32.12.3.rel1.linux64_1.0.100.202403111256/tools/bin/../lib/gcc/arm-none-eabi/12.3.1/../../../../arm-none-eabi/lib/thumb/v8-m.main+fp/hard/crt0.o (memset)
/opt/st/stm32cubeide_1.15.0/plugins/com.st.stm32cube.ide.mcu.externaltools.gnu-tools-for-stm32.12.3.rel1.linux64_1.0.100.202403111256/tools/bin/../lib/gcc/arm-none-eabi/12.3.1/../../../../arm-none-eabi/lib/thumb/v8-m.main+fp/hard/libc_nano.a(libc_a-closer.o)
                              /opt/st/stm32cubeide_1.15.0/plugins/com.st.stm32cube.ide.mcu.externaltools.gnu-tools-for-stm32.12.3.rel1.linux64_1.0.100.202403111256/tools/bin/../lib/gcc/arm-none-eabi/12.3.1/../../../../arm-none-eabi/lib/thumb/v8-m.main+fp/hard/libc_nano.a(libc_a-stdio.o) (_close_r)
/opt/st/stm32cubeide_1.15.0/plugins/com.st.stm32cube.ide.mcu.externaltools.gnu-tools-for-stm32.12.3.rel1.linux64_1.0.100.202403111256/tools/bin/../lib/gcc/arm-none-eabi/12.3.1/../../../../arm-none-eabi/lib/thumb/v8-m.main+fp/hard/libc_nano.a(libc_a-reent.o)
                              /opt/st/stm32cubeide_1.15.0/plugins/com.st.stm32cube.ide.mcu.externaltools.gnu-tools-for-stm32.12.3.rel1.linux64_1.0.100.202403111256/tools/bin/../lib/gcc/arm-none-eabi/12.3.1/../../../../arm-none-eabi/lib/thumb/v8-m.main+fp/hard/libc_nano.a(libc_a-closer.o) (errno)
/opt/st/stm32cubeide_1.15.0/plugins/com.st.stm32cube.ide.mcu.externaltools.gnu-tools-for-stm32.12.3.rel1.linux64_1.0.100.202403111256/tools/bin/../lib/gcc/arm-none-eabi/12.3.1/../../../../arm-none-eabi/lib/thumb/v8-m.main+fp/hard/libc_nano.a(libc_a-impure.o)
                              /opt/st/stm32cubeide_1.15.0/plugins/com.st.stm32cube.ide.mcu.externaltools.gnu-tools-for-stm32.12.3.rel1.linux64_1.0.100.202403111256/tools/bin/../lib/gcc/arm-none-eabi/12.3.1/../../../../arm-none-eabi/lib/thumb/v8-m.main+fp/hard/libc_nano.a(libc_a-reent.o) (_impure_ptr)
/opt/st/stm32cubeide_1.15.0/plugins/com.st.stm32cube.ide.mcu.externaltools.gnu-tools-for-stm32.12.3.rel1.linux64_1.0.100.202403111256/tools/bin/../lib/gcc/arm-none-eabi/12.3.1/../../../../arm-none-eabi/lib/thumb/v8-m.main+fp/hard/libc_nano.a(libc_a-lseekr.o)
[...]
Memory Configuration

Name             Origin             Length             Attributes
RAM              0x20000000         0x00270000         xrw
SRAM4            0x28000000         0x00004000         xrw
FLASH            0x08000000         0x00400000         xr
*default*        0x00000000         0xffffffff

Linker script and memory map

LOAD /opt/st/stm32cubeide_1.15.0/plugins/com.st.stm32cube.ide.mcu.externaltools.gnu-tools-for-stm32.12.3.rel1.linux64_1.0.100.202403111256/tools/bin/../lib/gcc/arm-none-eabi/12.3.1/thumb/v8-m.main+fp/hard/crti.o
LOAD /opt/st/stm32cubeide_1.15.0/plugins/com.st.stm32cube.ide.mcu.externaltools.gnu-tools-for-stm32.12.3.rel1.linux64_1.0.100.202403111256/tools/bin/../lib/gcc/arm-none-eabi/12.3.1/thumb/v8-m.main+fp/hard/crtbegin.o
LOAD /opt/st/stm32cubeide_1.15.0/plugins/com.st.stm32cube.ide.mcu.externaltools.gnu-tools-for-stm32.12.3.rel1.linux64_1.0.100.202403111256/tools/bin/../lib/gcc/arm-none-eabi/12.3.1/../../../../arm-none-eabi/lib/thumb/v8-m.main+fp/hard/crt0.o
LOAD ./Core/Src/gpio.o
LOAD ./Core/Src/icache.o
LOAD ./Core/Src/lcd.o
LOAD ./Core/Src/main.o
LOAD ./Core/Src/memorymap.o
LOAD ./Core/Src/rfm69.o
LOAD ./Core/Src/spi.o
LOAD ./Core/Src/stm32u5xx_hal_msp.o
LOAD ./Core/Src/stm32u5xx_it.o
LOAD ./Core/Src/syscalls.o
LOAD ./Core/Src/sysmem.o
LOAD ./Core/Src/system_stm32u5xx.o
LOAD ./Core/Src/usart.o
LOAD ./Core/Startup/startup_stm32u5a5zjtxq.o
LOAD ./Drivers/STM32U5xx_HAL_Driver/Src/stm32u5xx_hal.o
LOAD ./Drivers/STM32U5xx_HAL_Driver/Src/stm32u5xx_hal_cortex.o
LOAD ./Drivers/STM32U5xx_HAL_Driver/Src/stm32u5xx_hal_dma.o
LOAD ./Drivers/STM32U5xx_HAL_Driver/Src/stm32u5xx_hal_dma_ex.o
LOAD ./Drivers/STM32U5xx_HAL_Driver/Src/stm32u5xx_hal_exti.o
LOAD ./Drivers/STM32U5xx_HAL_Driver/Src/stm32u5xx_hal_flash.o
LOAD ./Drivers/STM32U5xx_HAL_Driver/Src/stm32u5xx_hal_flash_ex.o
LOAD ./Drivers/STM32U5xx_HAL_Driver/Src/stm32u5xx_hal_gpio.o
LOAD ./Drivers/STM32U5xx_HAL_Driver/Src/stm32u5xx_hal_gtzc.o
LOAD ./Drivers/STM32U5xx_HAL_Driver/Src/stm32u5xx_hal_i2c.o
LOAD ./Drivers/STM32U5xx_HAL_Driver/Src/stm32u5xx_hal_i2c_ex.o
LOAD ./Drivers/STM32U5xx_HAL_Driver/Src/stm32u5xx_hal_icache.o
LOAD ./Drivers/STM32U5xx_HAL_Driver/Src/stm32u5xx_hal_pwr.o
LOAD ./Drivers/STM32U5xx_HAL_Driver/Src/stm32u5xx_hal_pwr_ex.o
LOAD ./Drivers/STM32U5xx_HAL_Driver/Src/stm32u5xx_hal_rcc.o
LOAD ./Drivers/STM32U5xx_HAL_Driver/Src/stm32u5xx_hal_rcc_ex.o
LOAD ./Drivers/STM32U5xx_HAL_Driver/Src/stm32u5xx_hal_spi.o
LOAD ./Drivers/STM32U5xx_HAL_Driver/Src/stm32u5xx_hal_spi_ex.o
LOAD ./Drivers/STM32U5xx_HAL_Driver/Src/stm32u5xx_hal_tim.o
LOAD ./Drivers/STM32U5xx_HAL_Driver/Src/stm32u5xx_hal_tim_ex.o
LOAD ./Drivers/STM32U5xx_HAL_Driver/Src/stm32u5xx_hal_uart.o
LOAD ./Drivers/STM32U5xx_HAL_Driver/Src/stm32u5xx_hal_uart_ex.o
START GROUP
LOAD /opt/st/stm32cubeide_1.15.0/plugins/com.st.stm32cube.ide.mcu.externaltools.gnu-tools-for-stm32.12.3.rel1.linux64_1.0.100.202403111256/tools/bin/../lib/gcc/arm-none-eabi/12.3.1/../../../../arm-none-eabi/lib/thumb/v8-m.main+fp/hard/libc_nano.a
LOAD /opt/st/stm32cubeide_1.15.0/plugins/com.st.stm32cube.ide.mcu.externaltools.gnu-tools-for-stm32.12.3.rel1.linux64_1.0.100.202403111256/tools/bin/../lib/gcc/arm-none-eabi/12.3.1/../../../../arm-none-eabi/lib/thumb/v8-m.main+fp/hard/libm.a
END GROUP
START GROUP
LOAD /opt/st/stm32cubeide_1.15.0/plugins/com.st.stm32cube.ide.mcu.externaltools.gnu-tools-for-stm32.12.3.rel1.linux64_1.0.100.202403111256/tools/bin/../lib/gcc/arm-none-eabi/12.3.1/thumb/v8-m.main+fp/hard/libgcc.a
LOAD /opt/st/stm32cubeide_1.15.0/plugins/com.st.stm32cube.ide.mcu.externaltools.gnu-tools-for-stm32.12.3.rel1.linux64_1.0.100.202403111256/tools/bin/../lib/gcc/arm-none-eabi/12.3.1/../../../../arm-none-eabi/lib/thumb/v8-m.main+fp/hard/libc_nano.a
END GROUP
START GROUP
LOAD /opt/st/stm32cubeide_1.15.0/plugins/com.st.stm32cube.ide.mcu.externaltools.gnu-tools-for-stm32.12.3.rel1.linux64_1.0.100.202403111256/tools/bin/../lib/gcc/arm-none-eabi/12.3.1/thumb/v8-m.main+fp/hard/libgcc.a
LOAD /opt/st/stm32cubeide_1.15.0/plugins/com.st.stm32cube.ide.mcu.externaltools.gnu-tools-for-stm32.12.3.rel1.linux64_1.0.100.202403111256/tools/bin/../lib/gcc/arm-none-eabi/12.3.1/../../../../arm-none-eabi/lib/thumb/v8-m.main+fp/hard/libc_nano.a
LOAD /opt/st/stm32cubeide_1.15.0/plugins/com.st.stm32cube.ide.mcu.externaltools.gnu-tools-for-stm32.12.3.rel1.linux64_1.0.100.202403111256/tools/bin/../lib/gcc/arm-none-eabi/12.3.1/../../../../arm-none-eabi/lib/thumb/v8-m.main+fp/hard/libnosys.a
END GROUP
START GROUP
LOAD /opt/st/stm32cubeide_1.15.0/plugins/com.st.stm32cube.ide.mcu.externaltools.gnu-tools-for-stm32.12.3.rel1.linux64_1.0.100.202403111256/tools/bin/../lib/gcc/arm-none-eabi/12.3.1/thumb/v8-m.main+fp/hard/libgcc.a
LOAD /opt/st/stm32cubeide_1.15.0/plugins/com.st.stm32cube.ide.mcu.externaltools.gnu-tools-for-stm32.12.3.rel1.linux64_1.0.100.202403111256/tools/bin/../lib/gcc/arm-none-eabi/12.3.1/../../../../arm-none-eabi/lib/thumb/v8-m.main+fp/hard/libc_nano.a
LOAD /opt/st/stm32cubeide_1.15.0/plugins/com.st.stm32cube.ide.mcu.externaltools.gnu-tools-for-stm32.12.3.rel1.linux64_1.0.100.202403111256/tools/bin/../lib/gcc/arm-none-eabi/12.3.1/../../../../arm-none-eabi/lib/thumb/v8-m.main+fp/hard/libnosys.a
END GROUP
LOAD /opt/st/stm32cubeide_1.15.0/plugins/com.st.stm32cube.ide.mcu.externaltools.gnu-tools-for-stm32.12.3.rel1.linux64_1.0.100.202403111256/tools/bin/../lib/gcc/arm-none-eabi/12.3.1/thumb/v8-m.main+fp/hard/crtend.o
LOAD /opt/st/stm32cubeide_1.15.0/plugins/com.st.stm32cube.ide.mcu.externaltools.gnu-tools-for-stm32.12.3.rel1.linux64_1.0.100.202403111256/tools/bin/../lib/gcc/arm-none-eabi/12.3.1/thumb/v8-m.main+fp/hard/crtn.o
                0x20270000                        _estack = (ORIGIN (RAM) + LENGTH (RAM))
                0x00000200                        _Min_Heap_Size = 0x200
                0x00000400                        _Min_Stack_Size = 0x400

.isr_vector     0x08000000      0x250
 *(.isr_vector)
 .isr_vector    0x08000000      0x250 ./Core/Startup/startup_stm32u5a5zjtxq.o
                0x08000000                g_pfnVectors

.text           0x08000250     0x7188
 *(.text)
 .text          0x08000250       0x40 /opt/st/stm32cubeide_1.15.0/plugins/com.st.stm32cube.ide.mcu.externaltools.gnu-tools-for-stm32.12.3.rel1.linux64_1.0.100.202403111256/tools/bin/../lib/gcc/arm-none-eabi/12.3.1/thumb/v8-m.main+fp/hard/crtbegin.o
 .text          0x08000290       0x30 /opt/st/stm32cubeide_1.15.0/plugins/com.st.stm32cube.ide.mcu.externaltools.gnu-tools-for-stm32.12.3.rel1.linux64_1.0.100.202403111256/tools/bin/../lib/gcc/arm-none-eabi/12.3.1/thumb/v8-m.main+fp/hard/libgcc.a(_aeabi_uldivmod.o)
                0x08000290                __aeabi_uldivmod
 .text          0x080002c0      0x2e4 /opt/st/stm32cubeide_1.15.0/plugins/com.st.stm32cube.ide.mcu.externaltools.gnu-tools-for-stm32.12.3.rel1.linux64_1.0.100.202403111256/tools/bin/../lib/gcc/arm-none-eabi/12.3.1/thumb/v8-m.main+fp/hard/libgcc.a(_udivmoddi4.o)
                0x080002c0                __udivmoddi4
 .text          0x080005a4        0x4 /opt/st/stm32cubeide_1.15.0/plugins/com.st.stm32cube.ide.mcu.externaltools.gnu-tools-for-stm32.12.3.rel1.linux64_1.0.100.202403111256/tools/bin/../lib/gcc/arm-none-eabi/12.3.1/thumb/v8-m.main+fp/hard/libgcc.a(_dvmd_tls.o)
                0x080005a4                __aeabi_ldiv0
                0x080005a4                __aeabi_idiv0
 *(.text*)
 .text.MX_GPIO_Init
                0x080005a8      0x1b0 ./Core/Src/gpio.o
                0x080005a8                MX_GPIO_Init
 .text.MX_ICACHE_Init
                0x08000758       0x26 ./Core/Src/icache.o
                0x08000758                MX_ICACHE_Init
 *fill*         0x0800077e        0x2 
 .text.main     0x08000780       0x70 ./Core/Src/main.o
                0x08000780                main
 .text.SystemClock_Config
                0x080007f0       0x92 ./Core/Src/main.o
                0x080007f0                SystemClock_Config
 .text.SystemPower_Config
                0x08000882       0x20 ./Core/Src/main.o
 .text.Error_Handler
                0x080008a2        0xc ./Core/Src/main.o
                0x080008a2                Error_Handler
 *fill*         0x080008ae        0x2 
 .text.RFM69_Init
                0x080008b0       0x30 ./Core/Src/rfm69.o
                0x080008b0                RFM69_Init
 .text.chipPresent
                0x080008e0       0x84 ./Core/Src/rfm69.o
                0x080008e0                chipPresent
 .text.writeREG
                0x08000964       0x3c ./Core/Src/rfm69.o
                0x08000964                writeREG
 .text.readREG  0x080009a0       0x2e ./Core/Src/rfm69.o
                0x080009a0                readREG
 *fill*         0x080009ce        0x2 
 .text.MX_SPI1_Init
                0x080009d0       0xdc ./Core/Src/spi.o
                0x080009d0                MX_SPI1_Init
 .text.HAL_SPI_MspInit
                0x08000aac       0xd4 ./Core/Src/spi.o
                0x08000aac                HAL_SPI_MspInit
 .text.HAL_MspInit
                0x08000b80       0x34 ./Core/Src/stm32u5xx_hal_msp.o
                0x08000b80                HAL_MspInit
 .text.NMI_Handler
                0x08000bb4        0x8 ./Core/Src/stm32u5xx_it.o
                0x08000bb4                NMI_Handler
 .text.HardFault_Handler
                0x08000bbc        0x8 ./Core/Src/stm32u5xx_it.o
                0x08000bbc                HardFault_Handler
 .text.MemManage_Handler
                0x08000bc4        0x8 ./Core/Src/stm32u5xx_it.o
                0x08000bc4                MemManage_Handler
 .text.BusFault_Handler
                0x08000bcc        0x8 ./Core/Src/stm32u5xx_it.o
                0x08000bcc                BusFault_Handler
 .text.UsageFault_Handler
                0x08000bd4        0x8 ./Core/Src/stm32u5xx_it.o
                0x08000bd4                UsageFault_Handler
 .text.SVC_Handler
                0x08000bdc        0xe ./Core/Src/stm32u5xx_it.o
                0x08000bdc                SVC_Handler
 .text.DebugMon_Handler
                0x08000bea        0xe ./Core/Src/stm32u5xx_it.o
                0x08000bea                DebugMon_Handler
 .text.PendSV_Handler
                0x08000bf8        0xe ./Core/Src/stm32u5xx_it.o
                0x08000bf8                PendSV_Handler
 .text.SysTick_Handler
                0x08000c06        0xc ./Core/Src/stm32u5xx_it.o
                0x08000c06                SysTick_Handler
 *fill*         0x08000c12        0x2 
 .text.SystemInit
                0x08000c14       0x70 ./Core/Src/system_stm32u5xx.o
                0x08000c14                SystemInit
 .text.MX_USART1_UART_Init
                0x08000c84       0x98 ./Core/Src/usart.o
                0x08000c84                MX_USART1_UART_Init
 .text.HAL_UART_MspInit
                0x08000d1c       0xd4 ./Core/Src/usart.o
                0x08000d1c                HAL_UART_MspInit
 .text.Reset_Handler
                0x08000df0       0x50 ./Core/Startup/startup_stm32u5a5zjtxq.o
                0x08000df0                Reset_Handler
 .text.Default_Handler
                0x08000e40        0x2 ./Core/Startup/startup_stm32u5a5zjtxq.o
                0x08000e40                EXTI2_IRQHandler
                0x08000e40                TIM8_TRG_COM_IRQHandler
                0x08000e40                TIM8_CC_IRQHandler
                0x08000e40                EXTI5_IRQHandler
                0x08000e40                FLASH_S_IRQHandler
                0x08000e40                EXTI13_IRQHandler
                0x08000e40                TIM1_CC_IRQHandler
                0x08000e40                TSC_IRQHandler
                0x08000e40                TAMP_IRQHandler
                0x08000e40                TIM6_IRQHandler
                0x08000e40                EXTI12_IRQHandler
                0x08000e40                CORDIC_IRQHandler
                0x08000e40                EXTI3_IRQHandler
                0x08000e40                LPTIM4_IRQHandler
                0x08000e40                GPDMA1_Channel5_IRQHandler
                0x08000e40                EXTI8_IRQHandler
                0x08000e40                LPTIM2_IRQHandler
                0x08000e40                I2C3_ER_IRQHandler
                0x08000e40                I2C5_EV_IRQHandler
                0x08000e40                PWR_S3WU_IRQHandler
                0x08000e40                MDF1_FLT2_IRQHandler
                0x08000e40                LPDMA1_Channel3_IRQHandler
                0x08000e40                LPTIM3_IRQHandler
                0x08000e40                EXTI0_IRQHandler
                0x08000e40                I2C2_EV_IRQHandler
                0x08000e40                FPU_IRQHandler
                0x08000e40                GPDMA1_Channel3_IRQHandler
                0x08000e40                GPDMA1_Channel7_IRQHandler
                0x08000e40                MDF1_FLT4_IRQHandler
                0x08000e40                FDCAN1_IT1_IRQHandler
                0x08000e40                RAMCFG_IRQHandler
                0x08000e40                ADC1_2_IRQHandler
                0x08000e40                GPDMA1_Channel9_IRQHandler
                0x08000e40                DCACHE1_IRQHandler
                0x08000e40                SPI1_IRQHandler
                0x08000e40                OCTOSPI1_IRQHandler
                0x08000e40                GPDMA1_Channel2_IRQHandler
                0x08000e40                TIM8_UP_IRQHandler
                0x08000e40                RCC_S_IRQHandler
                0x08000e40                OCTOSPI2_IRQHandler
                0x08000e40                SAI2_IRQHandler
                0x08000e40                MDF1_FLT1_IRQHandler
                0x08000e40                PKA_IRQHandler
                0x08000e40                USART6_IRQHandler
                0x08000e40                MDF1_FLT5_IRQHandler
                0x08000e40                EXTI15_IRQHandler
                0x08000e40                TIM17_IRQHandler
                0x08000e40                USART3_IRQHandler
                0x08000e40                RTC_IRQHandler
                0x08000e40                EXTI9_IRQHandler
                0x08000e40                HSPI1_IRQHandler
                0x08000e40                UART5_IRQHandler
                0x08000e40                TIM4_IRQHandler
                0x08000e40                I2C1_EV_IRQHandler
                0x08000e40                GPDMA1_Channel12_IRQHandler
                0x08000e40                GPDMA1_Channel1_IRQHandler
                0x08000e40                TIM16_IRQHandler
                0x08000e40                GPDMA1_Channel15_IRQHandler
                0x08000e40                UART4_IRQHandler
                0x08000e40                SecureFault_Handler
                0x08000e40                TIM3_IRQHandler
                0x08000e40                RCC_IRQHandler
                0x08000e40                TIM1_TRG_COM_IRQHandler
                0x08000e40                Default_Handler
                0x08000e40                GPDMA1_Channel8_IRQHandler
                0x08000e40                FMAC_IRQHandler
                0x08000e40                I2C5_ER_IRQHandler
                0x08000e40                OTFDEC1_IRQHandler
                0x08000e40                GPDMA1_Channel11_IRQHandler
                0x08000e40                TIM7_IRQHandler
                0x08000e40                SDMMC1_IRQHandler
                0x08000e40                SAES_IRQHandler
                0x08000e40                TIM5_IRQHandler
                0x08000e40                UCPD1_IRQHandler
                0x08000e40                GPDMA1_Channel0_IRQHandler
                0x08000e40                TIM15_IRQHandler
                0x08000e40                I2C3_EV_IRQHandler
                0x08000e40                LPDMA1_Channel0_IRQHandler
                0x08000e40                PVD_PVM_IRQHandler
                0x08000e40                SPI2_IRQHandler
                0x08000e40                LPDMA1_Channel1_IRQHandler
                0x08000e40                EXTI14_IRQHandler
                0x08000e40                EXTI11_IRQHandler
                0x08000e40                OTFDEC2_IRQHandler
                0x08000e40                CRS_IRQHandler
                0x08000e40                GPDMA1_Channel14_IRQHandler
                0x08000e40                LSECSSD_IRQHandler
                0x08000e40                EXTI4_IRQHandler
                0x08000e40                RTC_S_IRQHandler
                0x08000e40                GPDMA1_Channel13_IRQHandler
                0x08000e40                RNG_IRQHandler
                0x08000e40                COMP_IRQHandler
                0x08000e40                TIM1_UP_IRQHandler
                0x08000e40                ADC4_IRQHandler
                0x08000e40                WWDG_IRQHandler
                0x08000e40                I2C4_EV_IRQHandler
                0x08000e40                ADF1_IRQHandler
                0x08000e40                IWDG_IRQHandler
                0x08000e40                I2C6_ER_IRQHandler
                0x08000e40                LPUART1_IRQHandler
                0x08000e40                MDF1_FLT0_IRQHandler
                0x08000e40                FDCAN1_IT0_IRQHandler
                0x08000e40                TIM2_IRQHandler
                0x08000e40                GPDMA1_Channel4_IRQHandler
                0x08000e40                OTG_HS_IRQHandler
                0x08000e40                EXTI7_IRQHandler
                0x08000e40                DMA2D_IRQHandler
                0x08000e40                TIM1_BRK_IRQHandler
                0x08000e40                EXTI1_IRQHandler
                0x08000e40                SDMMC2_IRQHandler
                0x08000e40                AES_IRQHandler
                0x08000e40                DAC1_IRQHandler
                0x08000e40                GTZC_IRQHandler
                0x08000e40                MDF1_FLT3_IRQHandler
                0x08000e40                USART2_IRQHandler
                0x08000e40                I2C6_EV_IRQHandler
                0x08000e40                GPDMA1_Channel6_IRQHandler
                0x08000e40                I2C2_ER_IRQHandler
                0x08000e40                TIM8_BRK_IRQHandler
                0x08000e40                FLASH_IRQHandler
                0x08000e40                USART1_IRQHandler
                0x08000e40                EXTI10_IRQHandler
                0x08000e40                SPI3_IRQHandler
                0x08000e40                LPDMA1_Channel2_IRQHandler
                0x08000e40                I2C1_ER_IRQHandler
                0x08000e40                FMC_IRQHandler
                0x08000e40                EXTI6_IRQHandler
                0x08000e40                LPTIM1_IRQHandler
                0x08000e40                DCMI_PSSI_IRQHandler
                0x08000e40                I2C4_ER_IRQHandler
                0x08000e40                GPDMA1_Channel10_IRQHandler
                0x08000e40                ICACHE_IRQHandler
                0x08000e40                SAI1_IRQHandler
                0x08000e40                HASH_IRQHandler
 *fill*         0x08000e42        0x2 
 .text.HAL_Init
                0x08000e44       0x5c ./Drivers/STM32U5xx_HAL_Driver/Src/stm32u5xx_hal.o
                0x08000e44                HAL_Init
 .text.HAL_InitTick
                0x08000ea0       0x6c ./Drivers/STM32U5xx_HAL_Driver/Src/stm32u5xx_hal.o
                0x08000ea0                HAL_InitTick
 .text.HAL_IncTick
                0x08000f0c       0x28 ./Drivers/STM32U5xx_HAL_Driver/Src/stm32u5xx_hal.o
                0x08000f0c                HAL_IncTick
 .text.HAL_GetTick
                0x08000f34       0x18 ./Drivers/STM32U5xx_HAL_Driver/Src/stm32u5xx_hal.o
                0x08000f34                HAL_GetTick
 .text.HAL_Delay
                0x08000f4c       0x48 ./Drivers/STM32U5xx_HAL_Driver/Src/stm32u5xx_hal.o
                0x08000f4c                HAL_Delay
 .text.__NVIC_SetPriorityGrouping
                0x08000f94       0x48 ./Drivers/STM32U5xx_HAL_Driver/Src/stm32u5xx_hal_cortex.o
 .text.__NVIC_GetPriorityGrouping
                0x08000fdc       0x1c ./Drivers/STM32U5xx_HAL_Driver/Src/stm32u5xx_hal_cortex.o
 .text.__NVIC_SetPriority
                0x08000ff8       0x54 ./Drivers/STM32U5xx_HAL_Driver/Src/stm32u5xx_hal_cortex.o
 .text.NVIC_EncodePriority
                0x0800104c       0x66 ./Drivers/STM32U5xx_HAL_Driver/Src/stm32u5xx_hal_cortex.o
 *fill*         0x080010b2        0x2 
 .text.SysTick_Config
                0x080010b4       0x44 ./Drivers/STM32U5xx_HAL_Driver/Src/stm32u5xx_hal_cortex.o
 .text.HAL_NVIC_SetPriorityGrouping
                0x080010f8       0x16 ./Drivers/STM32U5xx_HAL_Driver/Src/stm32u5xx_hal_cortex.o
                0x080010f8                HAL_NVIC_SetPriorityGrouping
 .text.HAL_NVIC_SetPriority
                0x0800110e       0x34 ./Drivers/STM32U5xx_HAL_Driver/Src/stm32u5xx_hal_cortex.o
                0x0800110e                HAL_NVIC_SetPriority
 .text.HAL_SYSTICK_Config
                0x08001142       0x18 ./Drivers/STM32U5xx_HAL_Driver/Src/stm32u5xx_hal_cortex.o
                0x08001142                HAL_SYSTICK_Config
 *fill*         0x0800115a        0x2 
 .text.HAL_GPIO_Init
                0x0800115c      0x3b0 ./Drivers/STM32U5xx_HAL_Driver/Src/stm32u5xx_hal_gpio.o
                0x0800115c                HAL_GPIO_Init
 .text.HAL_GPIO_WritePin
                0x0800150c       0x30 ./Drivers/STM32U5xx_HAL_Driver/Src/stm32u5xx_hal_gpio.o
                0x0800150c                HAL_GPIO_WritePin
 .text.HAL_ICACHE_ConfigAssociativityMode
                0x0800153c       0x40 ./Drivers/STM32U5xx_HAL_Driver/Src/stm32u5xx_hal_icache.o
                0x0800153c                HAL_ICACHE_ConfigAssociativityMode
 .text.HAL_ICACHE_Enable
                0x0800157c       0x20 ./Drivers/STM32U5xx_HAL_Driver/Src/stm32u5xx_hal_icache.o
                0x0800157c                HAL_ICACHE_Enable
 .text.HAL_PWREx_ControlVoltageScaling
                0x0800159c       0xfc ./Drivers/STM32U5xx_HAL_Driver/Src/stm32u5xx_hal_pwr_ex.o
                0x0800159c                HAL_PWREx_ControlVoltageScaling
 .text.HAL_PWREx_GetVoltageRange
                0x08001698       0x1c ./Drivers/STM32U5xx_HAL_Driver/Src/stm32u5xx_hal_pwr_ex.o
                0x08001698                HAL_PWREx_GetVoltageRange
 .text.HAL_PWREx_ConfigSupply
                0x080016b4       0xa0 ./Drivers/STM32U5xx_HAL_Driver/Src/stm32u5xx_hal_pwr_ex.o
                0x080016b4                HAL_PWREx_ConfigSupply
 .text.HAL_PWREx_EnableVddIO2
                0x08001754       0x20 ./Drivers/STM32U5xx_HAL_Driver/Src/stm32u5xx_hal_pwr_ex.o
                0x08001754                HAL_PWREx_EnableVddIO2
 .text.HAL_PWREx_DisableUCPDDeadBattery
                0x08001774       0x20 ./Drivers/STM32U5xx_HAL_Driver/Src/stm32u5xx_hal_pwr_ex.o
                0x08001774                HAL_PWREx_DisableUCPDDeadBattery
 .text.HAL_RCC_OscConfig
                0x08001794      0xdb8 ./Drivers/STM32U5xx_HAL_Driver/Src/stm32u5xx_hal_rcc.o
                0x08001794                HAL_RCC_OscConfig
 .text.HAL_RCC_ClockConfig
                0x0800254c      0x3e4 ./Drivers/STM32U5xx_HAL_Driver/Src/stm32u5xx_hal_rcc.o
                0x0800254c                HAL_RCC_ClockConfig
 .text.HAL_RCC_GetSysClockFreq
                0x08002930      0x210 ./Drivers/STM32U5xx_HAL_Driver/Src/stm32u5xx_hal_rcc.o
                0x08002930                HAL_RCC_GetSysClockFreq
 .text.HAL_RCC_GetHCLKFreq
                0x08002b40       0x34 ./Drivers/STM32U5xx_HAL_Driver/Src/stm32u5xx_hal_rcc.o
                0x08002b40                HAL_RCC_GetHCLKFreq
 .text.HAL_RCC_GetPCLK1Freq
                0x08002b74       0x28 ./Drivers/STM32U5xx_HAL_Driver/Src/stm32u5xx_hal_rcc.o
                0x08002b74                HAL_RCC_GetPCLK1Freq
 .text.HAL_RCC_GetPCLK2Freq
                0x08002b9c       0x28 ./Drivers/STM32U5xx_HAL_Driver/Src/stm32u5xx_hal_rcc.o
                0x08002b9c                HAL_RCC_GetPCLK2Freq
 .text.HAL_RCC_GetPCLK3Freq
                0x08002bc4       0x28 ./Drivers/STM32U5xx_HAL_Driver/Src/stm32u5xx_hal_rcc.o
                0x08002bc4                HAL_RCC_GetPCLK3Freq
 .text.RCC_SetFlashLatencyFromMSIRange
                0x08002bec      0x10c ./Drivers/STM32U5xx_HAL_Driver/Src/stm32u5xx_hal_rcc.o
 .text.HAL_RCCEx_PeriphCLKConfig
                0x08002cf8      0xd78 ./Drivers/STM32U5xx_HAL_Driver/Src/stm32u5xx_hal_rcc_ex.o
                0x08002cf8                HAL_RCCEx_PeriphCLKConfig
 .text.HAL_RCCEx_GetPLL1ClockFreq
                0x08003a70      0x2d0 ./Drivers/STM32U5xx_HAL_Driver/Src/stm32u5xx_hal_rcc_ex.o
                0x08003a70                HAL_RCCEx_GetPLL1ClockFreq
 .text.HAL_RCCEx_GetPLL2ClockFreq
                0x08003d40      0x2d0 ./Drivers/STM32U5xx_HAL_Driver/Src/stm32u5xx_hal_rcc_ex.o
                0x08003d40                HAL_RCCEx_GetPLL2ClockFreq
 .text.HAL_RCCEx_GetPLL3ClockFreq
                0x08004010      0x2d0 ./Drivers/STM32U5xx_HAL_Driver/Src/stm32u5xx_hal_rcc_ex.o
                0x08004010                HAL_RCCEx_GetPLL3ClockFreq
 .text.HAL_RCCEx_GetPeriphCLKFreq
                0x080042e0     0x16bc ./Drivers/STM32U5xx_HAL_Driver/Src/stm32u5xx_hal_rcc_ex.o
                0x080042e0                HAL_RCCEx_GetPeriphCLKFreq
 .text.RCCEx_PLL2_Config
                0x0800599c      0x130 ./Drivers/STM32U5xx_HAL_Driver/Src/stm32u5xx_hal_rcc_ex.o
 .text.RCCEx_PLL3_Config
                0x08005acc      0x130 ./Drivers/STM32U5xx_HAL_Driver/Src/stm32u5xx_hal_rcc_ex.o
 .text.HAL_SPI_Init
                0x08005bfc      0x22c ./Drivers/STM32U5xx_HAL_Driver/Src/stm32u5xx_hal_spi.o
                0x08005bfc                HAL_SPI_Init
 .text.HAL_SPI_Transmit
                0x08005e28      0x43c ./Drivers/STM32U5xx_HAL_Driver/Src/stm32u5xx_hal_spi.o
                0x08005e28                HAL_SPI_Transmit
 .text.HAL_SPI_TransmitReceive
                0x08006264      0x47c ./Drivers/STM32U5xx_HAL_Driver/Src/stm32u5xx_hal_spi.o
                0x08006264                HAL_SPI_TransmitReceive
 .text.SPI_CloseTransfer
                0x080066e0      0x140 ./Drivers/STM32U5xx_HAL_Driver/Src/stm32u5xx_hal_spi.o
 .text.SPI_WaitOnFlagUntilTimeout
                0x08006820       0x5c ./Drivers/STM32U5xx_HAL_Driver/Src/stm32u5xx_hal_spi.o
 .text.SPI_GetPacketSize
                0x0800687c       0x36 ./Drivers/STM32U5xx_HAL_Driver/Src/stm32u5xx_hal_spi.o
 .text.HAL_SPIEx_SetConfigAutonomousMode
                0x080068b2       0x82 ./Drivers/STM32U5xx_HAL_Driver/Src/stm32u5xx_hal_spi_ex.o
                0x080068b2                HAL_SPIEx_SetConfigAutonomousMode
 .text.HAL_UART_Init
                0x08006934       0xa0 ./Drivers/STM32U5xx_HAL_Driver/Src/stm32u5xx_hal_uart.o
                0x08006934                HAL_UART_Init
 .text.UART_SetConfig
                0x080069d4      0x35c ./Drivers/STM32U5xx_HAL_Driver/Src/stm32u5xx_hal_uart.o
                0x080069d4                UART_SetConfig
 .text.UART_AdvFeatureConfig
                0x08006d30      0x144 ./Drivers/STM32U5xx_HAL_Driver/Src/stm32u5xx_hal_uart.o
                0x08006d30                UART_AdvFeatureConfig
 .text.UART_CheckIdleState
                0x08006e74      0x154 ./Drivers/STM32U5xx_HAL_Driver/Src/stm32u5xx_hal_uart.o
                0x08006e74                UART_CheckIdleState
 .text.UART_WaitOnFlagUntilTimeout
                0x08006fc8       0xce ./Drivers/STM32U5xx_HAL_Driver/Src/stm32u5xx_hal_uart.o
                0x08006fc8                UART_WaitOnFlagUntilTimeout
 .text.UART_EndRxTransfer
                0x08007096       0xcc ./Drivers/STM32U5xx_HAL_Driver/Src/stm32u5xx_hal_uart.o
 .text.HAL_UARTEx_DisableFifoMode
                0x08007162       0x72 ./Drivers/STM32U5xx_HAL_Driver/Src/stm32u5xx_hal_uart_ex.o
                0x08007162                HAL_UARTEx_DisableFifoMode
 .text.HAL_UARTEx_SetTxFifoThreshold
                0x080071d4       0x7c ./Drivers/STM32U5xx_HAL_Driver/Src/stm32u5xx_hal_uart_ex.o
                0x080071d4                HAL_UARTEx_SetTxFifoThreshold
 .text.HAL_UARTEx_SetRxFifoThreshold
                0x08007250       0x7c ./Drivers/STM32U5xx_HAL_Driver/Src/stm32u5xx_hal_uart_ex.o
                0x08007250                HAL_UARTEx_SetRxFifoThreshold
 .text.UARTEx_SetNbDataToProcess
                0x080072cc       0x9c ./Drivers/STM32U5xx_HAL_Driver/Src/stm32u5xx_hal_uart_ex.o
 .text.memset   0x08007368       0x10 /opt/st/stm32cubeide_1.15.0/plugins/com.st.stm32cube.ide.mcu.externaltools.gnu-tools-for-stm32.12.3.rel1.linux64_1.0.100.202403111256/tools/bin/../lib/gcc/arm-none-eabi/12.3.1/../../../../arm-none-eabi/lib/thumb/v8-m.main+fp/hard/libc_nano.a(libc_a-memset.o)
                0x08007368                memset
 .text.__libc_init_array
                0x08007378       0x48 /opt/st/stm32cubeide_1.15.0/plugins/com.st.stm32cube.ide.mcu.externaltools.gnu-tools-for-stm32.12.3.rel1.linux64_1.0.100.202403111256/tools/bin/../lib/gcc/arm-none-eabi/12.3.1/../../../../arm-none-eabi/lib/thumb/v8-m.main+fp/hard/libc_nano.a(libc_a-init.o)
                0x08007378                __libc_init_array
 *(.glue_7)
 .glue_7        0x080073c0        0x0 linker stubs
 *(.glue_7t)
 .glue_7t       0x080073c0        0x0 linker stubs
 *(.eh_frame)
 .eh_frame      0x080073c0        0x0 /opt/st/stm32cubeide_1.15.0/plugins/com.st.stm32cube.ide.mcu.externaltools.gnu-tools-for-stm32.12.3.rel1.linux64_1.0.100.202403111256/tools/bin/../lib/gcc/arm-none-eabi/12.3.1/thumb/v8-m.main+fp/hard/crtbegin.o
 *(.init)
 .init          0x080073c0        0x4 /opt/st/stm32cubeide_1.15.0/plugins/com.st.stm32cube.ide.mcu.externaltools.gnu-tools-for-stm32.12.3.rel1.linux64_1.0.100.202403111256/tools/bin/../lib/gcc/arm-none-eabi/12.3.1/thumb/v8-m.main+fp/hard/crti.o
                0x080073c0                _init
 .init          0x080073c4        0x8 /opt/st/stm32cubeide_1.15.0/plugins/com.st.stm32cube.ide.mcu.externaltools.gnu-tools-for-stm32.12.3.rel1.linux64_1.0.100.202403111256/tools/bin/../lib/gcc/arm-none-eabi/12.3.1/thumb/v8-m.main+fp/hard/crtn.o
 *(.fini)
 .fini          0x080073cc        0x4 /opt/st/stm32cubeide_1.15.0/plugins/com.st.stm32cube.ide.mcu.externaltools.gnu-tools-for-stm32.12.3.rel1.linux64_1.0.100.202403111256/tools/bin/../lib/gcc/arm-none-eabi/12.3.1/thumb/v8-m.main+fp/hard/crti.o
                0x080073cc                _fini
 .fini          0x080073d0        0x8 /opt/st/stm32cubeide_1.15.0/plugins/com.st.stm32cube.ide.mcu.externaltools.gnu-tools-for-stm32.12.3.rel1.linux64_1.0.100.202403111256/tools/bin/../lib/gcc/arm-none-eabi/12.3.1/thumb/v8-m.main+fp/hard/crtn.o
                0x080073d8                        _etext = .

.vfp11_veneer   0x080073d8        0x0
 .vfp11_veneer  0x080073d8        0x0 linker stubs

.v4_bx          0x080073d8        0x0
 .v4_bx         0x080073d8        0x0 linker stubs

.iplt           0x080073d8        0x0
 .iplt          0x080073d8        0x0 /opt/st/stm32cubeide_1.15.0/plugins/com.st.stm32cube.ide.mcu.externaltools.gnu-tools-for-stm32.12.3.rel1.linux64_1.0.100.202403111256/tools/bin/../lib/gcc/arm-none-eabi/12.3.1/thumb/v8-m.main+fp/hard/crtbegin.o

.rodata         0x080073d8      0x104
 *(.rodata)
 .rodata        0x080073d8        0x3 ./Core/Src/main.o
 *(.rodata*)
 *fill*         0x080073db        0x1 
 .rodata.AHBPrescTable
                0x080073dc       0x10 ./Core/Src/system_stm32u5xx.o
                0x080073dc                AHBPrescTable
 .rodata.APBPrescTable
                0x080073ec        0x8 ./Core/Src/system_stm32u5xx.o
                0x080073ec                APBPrescTable
 .rodata.MSIRangeTable
                0x080073f4       0x40 ./Core/Src/system_stm32u5xx.o
                0x080073f4                MSIRangeTable
 .rodata.LPGPIO_Map
                0x08007434       0x80 ./Drivers/STM32U5xx_HAL_Driver/Src/stm32u5xx_hal_gpio.o
 .rodata.UARTPrescTable
                0x080074b4       0x18 ./Drivers/STM32U5xx_HAL_Driver/Src/stm32u5xx_hal_uart.o
                0x080074b4                UARTPrescTable
 .rodata.numerator.1
                0x080074cc        0x8 ./Drivers/STM32U5xx_HAL_Driver/Src/stm32u5xx_hal_uart_ex.o
 .rodata.denominator.0
                0x080074d4        0x8 ./Drivers/STM32U5xx_HAL_Driver/Src/stm32u5xx_hal_uart_ex.o

.ARM.extab
 *(.ARM.extab* .gnu.linkonce.armextab.*)

.ARM            0x080074dc        0x8
                0x080074dc                        __exidx_start = .
 *(.ARM.exidx*)
 .ARM.exidx     0x080074dc        0x8 /opt/st/stm32cubeide_1.15.0/plugins/com.st.stm32cube.ide.mcu.externaltools.gnu-tools-for-stm32.12.3.rel1.linux64_1.0.100.202403111256/tools/bin/../lib/gcc/arm-none-eabi/12.3.1/thumb/v8-m.main+fp/hard/libgcc.a(_udivmoddi4.o)
                0x080074e4                        __exidx_end = .

.rel.dyn        0x080074e4        0x0
 .rel.iplt      0x080074e4        0x0 /opt/st/stm32cubeide_1.15.0/plugins/com.st.stm32cube.ide.mcu.externaltools.gnu-tools-for-stm32.12.3.rel1.linux64_1.0.100.202403111256/tools/bin/../lib/gcc/arm-none-eabi/12.3.1/thumb/v8-m.main+fp/hard/crtbegin.o

.preinit_array  0x080074e4        0x0
                0x080074e4                        PROVIDE (__preinit_array_start = .)
 *(.preinit_array*)
                0x080074e4                        PROVIDE (__preinit_array_end = .)

.init_array     0x080074e4        0x4
                0x080074e4                        PROVIDE (__init_array_start = .)
 *(SORT_BY_NAME(.init_array.*))
 *(.init_array*)
 .init_array    0x080074e4        0x4 /opt/st/stm32cubeide_1.15.0/plugins/com.st.stm32cube.ide.mcu.externaltools.gnu-tools-for-stm32.12.3.rel1.linux64_1.0.100.202403111256/tools/bin/../lib/gcc/arm-none-eabi/12.3.1/thumb/v8-m.main+fp/hard/crtbegin.o
                0x080074e8                        PROVIDE (__init_array_end = .)

.fini_array     0x080074e8        0x4
                [!provide]                        PROVIDE (__fini_array_start = .)
 *(SORT_BY_NAME(.fini_array.*))
 *(.fini_array*)
 .fini_array    0x080074e8        0x4 /opt/st/stm32cubeide_1.15.0/plugins/com.st.stm32cube.ide.mcu.externaltools.gnu-tools-for-stm32.12.3.rel1.linux64_1.0.100.202403111256/tools/bin/../lib/gcc/arm-none-eabi/12.3.1/thumb/v8-m.main+fp/hard/crtbegin.o
                [!provide]                        PROVIDE (__fini_array_end = .)
                0x080074ec                        _sidata = LOADADDR (.data)

.data           0x20000000        0x9 load address 0x080074ec
                0x20000000                        _sdata = .
 *(.data)
 *(.data*)
 .data.SystemCoreClock
                0x20000000        0x4 ./Core/Src/system_stm32u5xx.o
                0x20000000                SystemCoreClock
 .data.uwTickPrio
                0x20000004        0x4 ./Drivers/STM32U5xx_HAL_Driver/Src/stm32u5xx_hal.o
                0x20000004                uwTickPrio
 .data.uwTickFreq
                0x20000008        0x1 ./Drivers/STM32U5xx_HAL_Driver/Src/stm32u5xx_hal.o
                0x20000008                uwTickFreq
 *(.RamFunc)
 *(.RamFunc*)
                0x20000009                        _edata = .

.igot.plt       0x2000000c        0x0 load address 0x080074f5
 .igot.plt      0x2000000c        0x0 /opt/st/stm32cubeide_1.15.0/plugins/com.st.stm32cube.ide.mcu.externaltools.gnu-tools-for-stm32.12.3.rel1.linux64_1.0.100.202403111256/tools/bin/../lib/gcc/arm-none-eabi/12.3.1/thumb/v8-m.main+fp/hard/crtbegin.o

.bss            0x2000000c      0x144 load address 0x080074f5
                0x2000000c                        _sbss = .
                0x2000000c                        __bss_start__ = _sbss
 *(.bss)
 .bss           0x2000000c       0x1c /opt/st/stm32cubeide_1.15.0/plugins/com.st.stm32cube.ide.mcu.externaltools.gnu-tools-for-stm32.12.3.rel1.linux64_1.0.100.202403111256/tools/bin/../lib/gcc/arm-none-eabi/12.3.1/thumb/v8-m.main+fp/hard/crtbegin.o
 *(.bss*)
 .bss.hspi1     0x20000028       0x90 ./Core/Src/spi.o
                0x20000028                hspi1
 .bss.huart1    0x200000b8       0x94 ./Core/Src/usart.o
                0x200000b8                huart1
 .bss.uwTick    0x2000014c        0x4 ./Drivers/STM32U5xx_HAL_Driver/Src/stm32u5xx_hal.o
                0x2000014c                uwTick
 *(COMMON)
                0x20000150                        _ebss = .
                0x20000150                        __bss_end__ = _ebss

._user_heap_stack
                0x20000150      0x600 load address 0x080074f5
                0x20000150                        . = ALIGN (0x8)
                [!provide]                        PROVIDE (end = .)
                0x20000150                        PROVIDE (_end = .)
                0x20000350                        . = (. + _Min_Heap_Size)
 *fill*         0x20000150      0x200 
                0x20000750                        . = (. + _Min_Stack_Size)
 *fill*         0x20000350      0x400 
                0x20000750                        . = ALIGN (0x8)

/DISCARD/
 libc.a(*)
 libm.a(*)
 libgcc.a(*)

.ARM.attributes
                0x00000000       0x36
 *(.ARM.attributes)
 .ARM.attributes
                0x00000000       0x26 /opt/st/stm32cubeide_1.15.0/plugins/com.st.stm32cube.ide.mcu.externaltools.gnu-tools-for-stm32.12.3.rel1.linux64_1.0.100.202403111256/tools/bin/../lib/gcc/arm-none-eabi/12.3.1/thumb/v8-m.main+fp/hard/crti.o
 .ARM.attributes
                0x00000026       0x38 /opt/st/stm32cubeide_1.15.0/plugins/com.st.stm32cube.ide.mcu.externaltools.gnu-tools-for-stm32.12.3.rel1.linux64_1.0.100.202403111256/tools/bin/../lib/gcc/arm-none-eabi/12.3.1/thumb/v8-m.main+fp/hard/crtbegin.o
 .ARM.attributes
                0x0000005e       0x3a ./Core/Src/gpio.o
 .ARM.attributes
                0x00000098       0x3a ./Core/Src/icache.o
 .ARM.attributes
                0x000000d2       0x3a ./Core/Src/main.o
 .ARM.attributes
                0x0000010c       0x3a ./Core/Src/rfm69.o
 .ARM.attributes
                0x00000146       0x3a ./Core/Src/spi.o
 .ARM.attributes
                0x00000180       0x3a ./Core/Src/stm32u5xx_hal_msp.o
 .ARM.attributes
                0x000001ba       0x3a ./Core/Src/stm32u5xx_it.o
 .ARM.attributes
                0x000001f4       0x3a ./Core/Src/system_stm32u5xx.o
 .ARM.attributes
                0x0000022e       0x3a ./Core/Src/usart.o
 .ARM.attributes
                0x00000268       0x24 ./Core/Startup/startup_stm32u5a5zjtxq.o
 .ARM.attributes
                0x0000028c       0x3a ./Drivers/STM32U5xx_HAL_Driver/Src/stm32u5xx_hal.o
 .ARM.attributes
                0x000002c6       0x3a ./Drivers/STM32U5xx_HAL_Driver/Src/stm32u5xx_hal_cortex.o
 .ARM.attributes
                0x00000300       0x3a ./Drivers/STM32U5xx_HAL_Driver/Src/stm32u5xx_hal_gpio.o
 .ARM.attributes
                0x0000033a       0x3a ./Drivers/STM32U5xx_HAL_Driver/Src/stm32u5xx_hal_icache.o
 .ARM.attributes
                0x00000374       0x3a ./Drivers/STM32U5xx_HAL_Driver/Src/stm32u5xx_hal_pwr_ex.o
 .ARM.attributes
                0x000003ae       0x3a ./Drivers/STM32U5xx_HAL_Driver/Src/stm32u5xx_hal_rcc.o
 .ARM.attributes
                0x000003e8       0x3a ./Drivers/STM32U5xx_HAL_Driver/Src/stm32u5xx_hal_rcc_ex.o
 .ARM.attributes
                0x00000422       0x3a ./Drivers/STM32U5xx_HAL_Driver/Src/stm32u5xx_hal_spi.o
 .ARM.attributes
                0x0000045c       0x3a ./Drivers/STM32U5xx_HAL_Driver/Src/stm32u5xx_hal_spi_ex.o
 .ARM.attributes
                0x00000496       0x3a ./Drivers/STM32U5xx_HAL_Driver/Src/stm32u5xx_hal_uart.o
 .ARM.attributes
                0x000004d0       0x3a ./Drivers/STM32U5xx_HAL_Driver/Src/stm32u5xx_hal_uart_ex.o
 .ARM.attributes
                0x0000050a       0x38 /opt/st/stm32cubeide_1.15.0/plugins/com.st.stm32cube.ide.mcu.externaltools.gnu-tools-for-stm32.12.3.rel1.linux64_1.0.100.202403111256/tools/bin/../lib/gcc/arm-none-eabi/12.3.1/../../../../arm-none-eabi/lib/thumb/v8-m.main+fp/hard/libc_nano.a(libc_a-memset.o)
 .ARM.attributes
                0x00000542       0x38 /opt/st/stm32cubeide_1.15.0/plugins/com.st.stm32cube.ide.mcu.externaltools.gnu-tools-for-stm32.12.3.rel1.linux64_1.0.100.202403111256/tools/bin/../lib/gcc/arm-none-eabi/12.3.1/../../../../arm-none-eabi/lib/thumb/v8-m.main+fp/hard/libc_nano.a(libc_a-init.o)
 .ARM.attributes
                0x0000057a       0x26 /opt/st/stm32cubeide_1.15.0/plugins/com.st.stm32cube.ide.mcu.externaltools.gnu-tools-for-stm32.12.3.rel1.linux64_1.0.100.202403111256/tools/bin/../lib/gcc/arm-none-eabi/12.3.1/thumb/v8-m.main+fp/hard/libgcc.a(_aeabi_uldivmod.o)
 .ARM.attributes
                0x000005a0       0x38 /opt/st/stm32cubeide_1.15.0/plugins/com.st.stm32cube.ide.mcu.externaltools.gnu-tools-for-stm32.12.3.rel1.linux64_1.0.100.202403111256/tools/bin/../lib/gcc/arm-none-eabi/12.3.1/thumb/v8-m.main+fp/hard/libgcc.a(_udivmoddi4.o)
 .ARM.attributes
                0x000005d8       0x26 /opt/st/stm32cubeide_1.15.0/plugins/com.st.stm32cube.ide.mcu.externaltools.gnu-tools-for-stm32.12.3.rel1.linux64_1.0.100.202403111256/tools/bin/../lib/gcc/arm-none-eabi/12.3.1/thumb/v8-m.main+fp/hard/libgcc.a(_dvmd_tls.o)
 .ARM.attributes
                0x000005fe       0x26 /opt/st/stm32cubeide_1.15.0/plugins/com.st.stm32cube.ide.mcu.externaltools.gnu-tools-for-stm32.12.3.rel1.linux64_1.0.100.202403111256/tools/bin/../lib/gcc/arm-none-eabi/12.3.1/thumb/v8-m.main+fp/hard/crtn.o
OUTPUT(STM32_SPI.elf elf32-littlearm)
LOAD linker stubs
LOAD /opt/st/stm32cubeide_1.15.0/plugins/com.st.stm32cube.ide.mcu.externaltools.gnu-tools-for-stm32.12.3.rel1.linux64_1.0.100.202403111256/tools/bin/../lib/gcc/arm-none-eabi/12.3.1/../../../../arm-none-eabi/lib/thumb/v8-m.main+fp/hard/libc.a
LOAD /opt/st/stm32cubeide_1.15.0/plugins/com.st.stm32cube.ide.mcu.externaltools.gnu-tools-for-stm32.12.3.rel1.linux64_1.0.100.202403111256/tools/bin/../lib/gcc/arm-none-eabi/12.3.1/../../../../arm-none-eabi/lib/thumb/v8-m.main+fp/hard/libm.a
LOAD /opt/st/stm32cubeide_1.15.0/plugins/com.st.stm32cube.ide.mcu.externaltools.gnu-tools-for-stm32.12.3.rel1.linux64_1.0.100.202403111256/tools/bin/../lib/gcc/arm-none-eabi/12.3.1/thumb/v8-m.main+fp/hard/libgcc.a

.debug_info     0x00000000    0x13147
 .debug_info    0x00000000      0x62c ./Core/Src/gpio.o
 .debug_info    0x0000062c      0x114 ./Core/Src/icache.o
 .debug_info    0x00000740      0x54a ./Core/Src/main.o
 .debug_info    0x00000c8a      0xb38 ./Core/Src/rfm69.o
 .debug_info    0x000017c2     0x129e ./Core/Src/spi.o
 .debug_info    0x00002a60      0x40c ./Core/Src/stm32u5xx_hal_msp.o
 .debug_info    0x00002e6c      0x128 ./Core/Src/stm32u5xx_it.o
 .debug_info    0x00002f94      0x8e0 ./Core/Src/system_stm32u5xx.o
 .debug_info    0x00003874     0x1250 ./Core/Src/usart.o
 .debug_info    0x00004ac4       0x30 ./Core/Startup/startup_stm32u5a5zjtxq.o
 .debug_info    0x00004af4     0x13d4 ./Drivers/STM32U5xx_HAL_Driver/Src/stm32u5xx_hal.o
 .debug_info    0x00005ec8     0x15a6 ./Drivers/STM32U5xx_HAL_Driver/Src/stm32u5xx_hal_cortex.o
 .debug_info    0x0000746e      0x859 ./Drivers/STM32U5xx_HAL_Driver/Src/stm32u5xx_hal_gpio.o
 .debug_info    0x00007cc7      0x53a ./Drivers/STM32U5xx_HAL_Driver/Src/stm32u5xx_hal_icache.o
 .debug_info    0x00008201      0xec5 ./Drivers/STM32U5xx_HAL_Driver/Src/stm32u5xx_hal_pwr_ex.o
 .debug_info    0x000090c6     0x12b0 ./Drivers/STM32U5xx_HAL_Driver/Src/stm32u5xx_hal_rcc.o
 .debug_info    0x0000a376     0x1610 ./Drivers/STM32U5xx_HAL_Driver/Src/stm32u5xx_hal_rcc_ex.o
 .debug_info    0x0000b986     0x15cc ./Drivers/STM32U5xx_HAL_Driver/Src/stm32u5xx_hal_spi.o
 .debug_info    0x0000cf52      0xa97 ./Drivers/STM32U5xx_HAL_Driver/Src/stm32u5xx_hal_spi_ex.o
 .debug_info    0x0000d9e9     0x456e ./Drivers/STM32U5xx_HAL_Driver/Src/stm32u5xx_hal_uart.o
 .debug_info    0x00011f57     0x11f0 ./Drivers/STM32U5xx_HAL_Driver/Src/stm32u5xx_hal_uart_ex.o

.debug_abbrev   0x00000000     0x28e6
 .debug_abbrev  0x00000000      0x179 ./Core/Src/gpio.o
 .debug_abbrev  0x00000179       0xb6 ./Core/Src/icache.o
 .debug_abbrev  0x0000022f      0x222 ./Core/Src/main.o
 .debug_abbrev  0x00000451      0x1de ./Core/Src/rfm69.o
 .debug_abbrev  0x0000062f      0x230 ./Core/Src/spi.o
 .debug_abbrev  0x0000085f       0xde ./Core/Src/stm32u5xx_hal_msp.o
 .debug_abbrev  0x0000093d       0x73 ./Core/Src/stm32u5xx_it.o
 .debug_abbrev  0x000009b0      0x129 ./Core/Src/system_stm32u5xx.o
 .debug_abbrev  0x00000ad9      0x218 ./Core/Src/usart.o
 .debug_abbrev  0x00000cf1       0x24 ./Core/Startup/startup_stm32u5a5zjtxq.o
 .debug_abbrev  0x00000d15      0x291 ./Drivers/STM32U5xx_HAL_Driver/Src/stm32u5xx_hal.o
 .debug_abbrev  0x00000fa6      0x30d ./Drivers/STM32U5xx_HAL_Driver/Src/stm32u5xx_hal_cortex.o
 .debug_abbrev  0x000012b3      0x25a ./Drivers/STM32U5xx_HAL_Driver/Src/stm32u5xx_hal_gpio.o
 .debug_abbrev  0x0000150d      0x23b ./Drivers/STM32U5xx_HAL_Driver/Src/stm32u5xx_hal_icache.o
 .debug_abbrev  0x00001748      0x243 ./Drivers/STM32U5xx_HAL_Driver/Src/stm32u5xx_hal_pwr_ex.o
 .debug_abbrev  0x0000198b      0x2cb ./Drivers/STM32U5xx_HAL_Driver/Src/stm32u5xx_hal_rcc.o
 .debug_abbrev  0x00001c56      0x23d ./Drivers/STM32U5xx_HAL_Driver/Src/stm32u5xx_hal_rcc_ex.o
 .debug_abbrev  0x00001e93      0x2b3 ./Drivers/STM32U5xx_HAL_Driver/Src/stm32u5xx_hal_spi.o
 .debug_abbrev  0x00002146      0x1c7 ./Drivers/STM32U5xx_HAL_Driver/Src/stm32u5xx_hal_spi_ex.o
 .debug_abbrev  0x0000230d      0x305 ./Drivers/STM32U5xx_HAL_Driver/Src/stm32u5xx_hal_uart.o
 .debug_abbrev  0x00002612      0x2d4 ./Drivers/STM32U5xx_HAL_Driver/Src/stm32u5xx_hal_uart_ex.o

.debug_aranges  0x00000000      0xee0
 .debug_aranges
                0x00000000       0x20 ./Core/Src/gpio.o
 .debug_aranges
                0x00000020       0x20 ./Core/Src/icache.o
 .debug_aranges
                0x00000040       0x38 ./Core/Src/main.o
 .debug_aranges
                0x00000078       0x38 ./Core/Src/rfm69.o
 .debug_aranges
                0x000000b0       0x30 ./Core/Src/spi.o
 .debug_aranges
                0x000000e0       0x20 ./Core/Src/stm32u5xx_hal_msp.o
 .debug_aranges
                0x00000100       0x60 ./Core/Src/stm32u5xx_it.o
 .debug_aranges
                0x00000160       0x28 ./Core/Src/system_stm32u5xx.o
 .debug_aranges
                0x00000188       0x30 ./Core/Src/usart.o
 .debug_aranges
                0x000001b8       0x28 ./Core/Startup/startup_stm32u5a5zjtxq.o
 .debug_aranges
                0x000001e0      0x188 ./Drivers/STM32U5xx_HAL_Driver/Src/stm32u5xx_hal.o
 .debug_aranges
                0x00000368      0x130 ./Drivers/STM32U5xx_HAL_Driver/Src/stm32u5xx_hal_cortex.o
 .debug_aranges
                0x00000498       0x78 ./Drivers/STM32U5xx_HAL_Driver/Src/stm32u5xx_hal_gpio.o
 .debug_aranges
                0x00000510       0xa8 ./Drivers/STM32U5xx_HAL_Driver/Src/stm32u5xx_hal_icache.o
 .debug_aranges
                0x000005b8      0x230 ./Drivers/STM32U5xx_HAL_Driver/Src/stm32u5xx_hal_pwr_ex.o
 .debug_aranges
                0x000007e8       0xa8 ./Drivers/STM32U5xx_HAL_Driver/Src/stm32u5xx_hal_rcc.o
 .debug_aranges
                0x00000890      0x160 ./Drivers/STM32U5xx_HAL_Driver/Src/stm32u5xx_hal_rcc_ex.o
 .debug_aranges
                0x000009f0      0x1a8 ./Drivers/STM32U5xx_HAL_Driver/Src/stm32u5xx_hal_spi.o
 .debug_aranges
                0x00000b98       0x48 ./Drivers/STM32U5xx_HAL_Driver/Src/stm32u5xx_hal_spi_ex.o
 .debug_aranges
                0x00000be0      0x248 ./Drivers/STM32U5xx_HAL_Driver/Src/stm32u5xx_hal_uart.o
 .debug_aranges
                0x00000e28       0xb8 ./Drivers/STM32U5xx_HAL_Driver/Src/stm32u5xx_hal_uart_ex.o

.debug_rnglists
                0x00000000      0xb55
 .debug_rnglists
                0x00000000       0x14 ./Core/Src/gpio.o
 .debug_rnglists
                0x00000014       0x13 ./Core/Src/icache.o
 .debug_rnglists
                0x00000027       0x26 ./Core/Src/main.o
 .debug_rnglists
                0x0000004d       0x26 ./Core/Src/rfm69.o
 .debug_rnglists
                0x00000073       0x21 ./Core/Src/spi.o
 .debug_rnglists
                0x00000094       0x13 ./Core/Src/stm32u5xx_hal_msp.o
 .debug_rnglists
                0x000000a7       0x43 ./Core/Src/stm32u5xx_it.o
 .debug_rnglists
                0x000000ea       0x1a ./Core/Src/system_stm32u5xx.o
 .debug_rnglists
                0x00000104       0x21 ./Core/Src/usart.o
 .debug_rnglists
                0x00000125       0x19 ./Core/Startup/startup_stm32u5a5zjtxq.o
 .debug_rnglists
                0x0000013e      0x122 ./Drivers/STM32U5xx_HAL_Driver/Src/stm32u5xx_hal.o
 .debug_rnglists
                0x00000260       0xe0 ./Drivers/STM32U5xx_HAL_Driver/Src/stm32u5xx_hal_cortex.o
 .debug_rnglists
                0x00000340       0x5a ./Drivers/STM32U5xx_HAL_Driver/Src/stm32u5xx_hal_gpio.o
 .debug_rnglists
                0x0000039a       0x7a ./Drivers/STM32U5xx_HAL_Driver/Src/stm32u5xx_hal_icache.o
 .debug_rnglists
                0x00000414      0x1aa ./Drivers/STM32U5xx_HAL_Driver/Src/stm32u5xx_hal_pwr_ex.o
 .debug_rnglists
                0x000005be       0x7f ./Drivers/STM32U5xx_HAL_Driver/Src/stm32u5xx_hal_rcc.o
 .debug_rnglists
                0x0000063d      0x113 ./Drivers/STM32U5xx_HAL_Driver/Src/stm32u5xx_hal_rcc_ex.o
 .debug_rnglists
                0x00000750      0x148 ./Drivers/STM32U5xx_HAL_Driver/Src/stm32u5xx_hal_spi.o
 .debug_rnglists
                0x00000898       0x35 ./Drivers/STM32U5xx_HAL_Driver/Src/stm32u5xx_hal_spi_ex.o
 .debug_rnglists
                0x000008cd      0x1fc ./Drivers/STM32U5xx_HAL_Driver/Src/stm32u5xx_hal_uart.o
 .debug_rnglists
                0x00000ac9       0x8c ./Drivers/STM32U5xx_HAL_Driver/Src/stm32u5xx_hal_uart_ex.o

.debug_macro    0x00000000    0x373fc
 .debug_macro   0x00000000      0x295 ./Core/Src/gpio.o
 .debug_macro   0x00000295      0xaba ./Core/Src/gpio.o
 .debug_macro   0x00000d4f      0x1ec ./Core/Src/gpio.o
 .debug_macro   0x00000f3b       0x2e ./Core/Src/gpio.o
 .debug_macro   0x00000f69       0x42 ./Core/Src/gpio.o
 .debug_macro   0x00000fab       0x22 ./Core/Src/gpio.o
 .debug_macro   0x00000fcd       0x8e ./Core/Src/gpio.o
 .debug_macro   0x0000105b       0x51 ./Core/Src/gpio.o
 .debug_macro   0x000010ac      0x103 ./Core/Src/gpio.o
 .debug_macro   0x000011af       0x6a ./Core/Src/gpio.o
 .debug_macro   0x00001219      0x1df ./Core/Src/gpio.o
 .debug_macro   0x000013f8       0x1c ./Core/Src/gpio.o
 .debug_macro   0x00001414       0x29 ./Core/Src/gpio.o
 .debug_macro   0x0000143d       0xfb ./Core/Src/gpio.o
 .debug_macro   0x00001538     0x1336 ./Core/Src/gpio.o
 .debug_macro   0x0000286e       0x5e ./Core/Src/gpio.o
 .debug_macro   0x000028cc    0x25cd2 ./Core/Src/gpio.o
 .debug_macro   0x0002859e       0x6d ./Core/Src/gpio.o
 .debug_macro   0x0002860b     0x3882 ./Core/Src/gpio.o
 .debug_macro   0x0002be8d      0x189 ./Core/Src/gpio.o
 .debug_macro   0x0002c016       0x61 ./Core/Src/gpio.o
 .debug_macro   0x0002c077       0x2a ./Core/Src/gpio.o
 .debug_macro   0x0002c0a1       0x43 ./Core/Src/gpio.o
 .debug_macro   0x0002c0e4       0x34 ./Core/Src/gpio.o
 .debug_macro   0x0002c118       0x16 ./Core/Src/gpio.o
 .debug_macro   0x0002c12e       0x43 ./Core/Src/gpio.o
 .debug_macro   0x0002c171       0x34 ./Core/Src/gpio.o
 .debug_macro   0x0002c1a5       0x10 ./Core/Src/gpio.o
 .debug_macro   0x0002c1b5       0x58 ./Core/Src/gpio.o
 .debug_macro   0x0002c20d       0x8e ./Core/Src/gpio.o
 .debug_macro   0x0002c29b       0x1c ./Core/Src/gpio.o
 .debug_macro   0x0002c2b7      0x177 ./Core/Src/gpio.o
 .debug_macro   0x0002c42e      0x369 ./Core/Src/gpio.o
 .debug_macro   0x0002c797      0x19b ./Core/Src/gpio.o
 .debug_macro   0x0002c932       0x5d ./Core/Src/gpio.o
 .debug_macro   0x0002c98f     0x1d23 ./Core/Src/gpio.o
 .debug_macro   0x0002e6b2      0x8f4 ./Core/Src/gpio.o
 .debug_macro   0x0002efa6      0x15f ./Core/Src/gpio.o
 .debug_macro   0x0002f105      0x2ca ./Core/Src/gpio.o
 .debug_macro   0x0002f3cf       0xc8 ./Core/Src/gpio.o
 .debug_macro   0x0002f497      0x5eb ./Core/Src/gpio.o
 .debug_macro   0x0002fa82      0x45c ./Core/Src/gpio.o
 .debug_macro   0x0002fede       0xd6 ./Core/Src/gpio.o
 .debug_macro   0x0002ffb4      0x1cd ./Core/Src/gpio.o
 .debug_macro   0x00030181      0x432 ./Core/Src/gpio.o
 .debug_macro   0x000305b3       0x95 ./Core/Src/gpio.o
 .debug_macro   0x00030648      0x11c ./Core/Src/gpio.o
 .debug_macro   0x00030764      0x51e ./Core/Src/gpio.o
 .debug_macro   0x00030c82      0x5d5 ./Core/Src/gpio.o
 .debug_macro   0x00031257      0x5cf ./Core/Src/gpio.o
 .debug_macro   0x00031826       0xee ./Core/Src/gpio.o
 .debug_macro   0x00031914       0xd6 ./Core/Src/gpio.o
 .debug_macro   0x000319ea      0x677 ./Core/Src/gpio.o
 .debug_macro   0x00032061      0x1a1 ./Core/Src/gpio.o
 .debug_macro   0x00032202      0x1d3 ./Core/Src/gpio.o
 .debug_macro   0x000323d5      0x425 ./Core/Src/gpio.o
 .debug_macro   0x000327fa       0x40 ./Core/Src/gpio.o
 .debug_macro   0x0003283a      0x295 ./Core/Src/icache.o
 .debug_macro   0x00032acf      0x2ea ./Core/Src/main.o
 .debug_macro   0x00032db9     0x17d6 ./Core/Src/main.o
 .debug_macro   0x0003458f      0x2ac ./Core/Src/rfm69.o
 .debug_macro   0x0003483b       0x46 ./Core/Src/rfm69.o
 .debug_macro   0x00034881      0x295 ./Core/Src/spi.o
 .debug_macro   0x00034b16      0x28b ./Core/Src/stm32u5xx_hal_msp.o
 .debug_macro   0x00034da1      0x295 ./Core/Src/stm32u5xx_it.o
 .debug_macro   0x00035036      0x283 ./Core/Src/system_stm32u5xx.o
 .debug_macro   0x000352b9      0x295 ./Core/Src/usart.o
 .debug_macro   0x0003554e      0x2a0 ./Drivers/STM32U5xx_HAL_Driver/Src/stm32u5xx_hal.o
 .debug_macro   0x000357ee      0x27c ./Drivers/STM32U5xx_HAL_Driver/Src/stm32u5xx_hal_cortex.o
 .debug_macro   0x00035a6a      0x2b1 ./Drivers/STM32U5xx_HAL_Driver/Src/stm32u5xx_hal_gpio.o
 .debug_macro   0x00035d1b      0x2ac ./Drivers/STM32U5xx_HAL_Driver/Src/stm32u5xx_hal_icache.o
 .debug_macro   0x00035fc7      0x2ae ./Drivers/STM32U5xx_HAL_Driver/Src/stm32u5xx_hal_pwr_ex.o
 .debug_macro   0x00036275      0x382 ./Drivers/STM32U5xx_HAL_Driver/Src/stm32u5xx_hal_rcc.o
 .debug_macro   0x000365f7      0x3cf ./Drivers/STM32U5xx_HAL_Driver/Src/stm32u5xx_hal_rcc_ex.o
 .debug_macro   0x000369c6      0x28b ./Drivers/STM32U5xx_HAL_Driver/Src/stm32u5xx_hal_spi.o
 .debug_macro   0x00036c51      0x27c ./Drivers/STM32U5xx_HAL_Driver/Src/stm32u5xx_hal_spi_ex.o
 .debug_macro   0x00036ecd      0x2a7 ./Drivers/STM32U5xx_HAL_Driver/Src/stm32u5xx_hal_uart.o
 .debug_macro   0x00037174      0x288 ./Drivers/STM32U5xx_HAL_Driver/Src/stm32u5xx_hal_uart_ex.o

.debug_line     0x00000000    0x14313
 .debug_line    0x00000000      0x81d ./Core/Src/gpio.o
 .debug_line    0x0000081d      0x7e4 ./Core/Src/icache.o
 .debug_line    0x00001001      0x8e5 ./Core/Src/main.o
 .debug_line    0x000018e6      0x875 ./Core/Src/rfm69.o
 .debug_line    0x0000215b      0x88b ./Core/Src/spi.o
 .debug_line    0x000029e6      0x7d2 ./Core/Src/stm32u5xx_hal_msp.o
 .debug_line    0x000031b8      0x896 ./Core/Src/stm32u5xx_it.o
 .debug_line    0x00003a4e      0x8d5 ./Core/Src/system_stm32u5xx.o
 .debug_line    0x00004323      0x872 ./Core/Src/usart.o
 .debug_line    0x00004b95       0x79 ./Core/Startup/startup_stm32u5a5zjtxq.o
 .debug_line    0x00004c0e      0xcd4 ./Drivers/STM32U5xx_HAL_Driver/Src/stm32u5xx_hal.o
 .debug_line    0x000058e2      0xdd3 ./Drivers/STM32U5xx_HAL_Driver/Src/stm32u5xx_hal_cortex.o
 .debug_line    0x000066b5      0xd63 ./Drivers/STM32U5xx_HAL_Driver/Src/stm32u5xx_hal_gpio.o
 .debug_line    0x00007418      0xac1 ./Drivers/STM32U5xx_HAL_Driver/Src/stm32u5xx_hal_icache.o
 .debug_line    0x00007ed9     0x126a ./Drivers/STM32U5xx_HAL_Driver/Src/stm32u5xx_hal_pwr_ex.o
 .debug_line    0x00009143     0x151d ./Drivers/STM32U5xx_HAL_Driver/Src/stm32u5xx_hal_rcc.o
 .debug_line    0x0000a660     0x24dc ./Drivers/STM32U5xx_HAL_Driver/Src/stm32u5xx_hal_rcc_ex.o
 .debug_line    0x0000cb3c     0x2244 ./Drivers/STM32U5xx_HAL_Driver/Src/stm32u5xx_hal_spi.o
 .debug_line    0x0000ed80      0x9f6 ./Drivers/STM32U5xx_HAL_Driver/Src/stm32u5xx_hal_spi_ex.o
 .debug_line    0x0000f776     0x3c4d ./Drivers/STM32U5xx_HAL_Driver/Src/stm32u5xx_hal_uart.o
 .debug_line    0x000133c3      0xf50 ./Drivers/STM32U5xx_HAL_Driver/Src/stm32u5xx_hal_uart_ex.o

.debug_str      0x00000000   0x151d47
 .debug_str     0x00000000   0x143b84 ./Core/Src/gpio.o
                             0x144690 (size before relaxing)
 .debug_str     0x00143b84       0xad ./Core/Src/icache.o
                             0x144404 (size before relaxing)
 .debug_str     0x00143c31     0x59bb ./Core/Src/main.o
                             0x149e74 (size before relaxing)
 .debug_str     0x001495ec      0x67f ./Core/Src/rfm69.o
                             0x14a215 (size before relaxing)
 .debug_str     0x00149c6b      0x495 ./Core/Src/spi.o
                             0x1451af (size before relaxing)
 .debug_str     0x0014a100       0x2c ./Core/Src/stm32u5xx_hal_msp.o
                             0x1445bf (size before relaxing)
 .debug_str     0x0014a12c       0xc9 ./Core/Src/stm32u5xx_it.o
                             0x14440c (size before relaxing)
 .debug_str     0x0014a1f5      0x1b8 ./Core/Src/system_stm32u5xx.o
                             0x144662 (size before relaxing)
 .debug_str     0x0014a3ad      0x28a ./Core/Src/usart.o
                             0x14511c (size before relaxing)
 .debug_str     0x0014a637       0x45 ./Core/Startup/startup_stm32u5a5zjtxq.o
                                 0x85 (size before relaxing)
 .debug_str     0x0014a67c     0x10e1 ./Drivers/STM32U5xx_HAL_Driver/Src/stm32u5xx_hal.o
                             0x145740 (size before relaxing)
 .debug_str     0x0014b75d      0x3c9 ./Drivers/STM32U5xx_HAL_Driver/Src/stm32u5xx_hal_cortex.o
                             0x1452c6 (size before relaxing)
 .debug_str     0x0014bb26      0x2eb ./Drivers/STM32U5xx_HAL_Driver/Src/stm32u5xx_hal_gpio.o
                             0x144698 (size before relaxing)
 .debug_str     0x0014be11      0x685 ./Drivers/STM32U5xx_HAL_Driver/Src/stm32u5xx_hal_icache.o
                             0x1449b6 (size before relaxing)
 .debug_str     0x0014c496      0x90b ./Drivers/STM32U5xx_HAL_Driver/Src/stm32u5xx_hal_pwr_ex.o
                             0x144e9c (size before relaxing)
 .debug_str     0x0014cda1     0x1301 ./Drivers/STM32U5xx_HAL_Driver/Src/stm32u5xx_hal_rcc.o
                             0x145e0c (size before relaxing)
 .debug_str     0x0014e0a2     0x2a17 ./Drivers/STM32U5xx_HAL_Driver/Src/stm32u5xx_hal_rcc_ex.o
                             0x1474f9 (size before relaxing)
 .debug_str     0x00150ab9      0x564 ./Drivers/STM32U5xx_HAL_Driver/Src/stm32u5xx_hal_spi.o
                             0x144f47 (size before relaxing)
 .debug_str     0x0015101d       0xee ./Drivers/STM32U5xx_HAL_Driver/Src/stm32u5xx_hal_spi_ex.o
                             0x144ad7 (size before relaxing)
 .debug_str     0x0015110b      0x929 ./Drivers/STM32U5xx_HAL_Driver/Src/stm32u5xx_hal_uart.o
                             0x14533a (size before relaxing)
 .debug_str     0x00151a34      0x313 ./Drivers/STM32U5xx_HAL_Driver/Src/stm32u5xx_hal_uart_ex.o
                             0x144dec (size before relaxing)

.comment        0x00000000       0x43
 .comment       0x00000000       0x43 ./Core/Src/gpio.o
                                 0x44 (size before relaxing)
 .comment       0x00000043       0x44 ./Core/Src/icache.o
 .comment       0x00000043       0x44 ./Core/Src/main.o
 .comment       0x00000043       0x44 ./Core/Src/rfm69.o
 .comment       0x00000043       0x44 ./Core/Src/spi.o
 .comment       0x00000043       0x44 ./Core/Src/stm32u5xx_hal_msp.o
 .comment       0x00000043       0x44 ./Core/Src/stm32u5xx_it.o
 .comment       0x00000043       0x44 ./Core/Src/system_stm32u5xx.o
 .comment       0x00000043       0x44 ./Core/Src/usart.o
 .comment       0x00000043       0x44 ./Drivers/STM32U5xx_HAL_Driver/Src/stm32u5xx_hal.o
 .comment       0x00000043       0x44 ./Drivers/STM32U5xx_HAL_Driver/Src/stm32u5xx_hal_cortex.o
 .comment       0x00000043       0x44 ./Drivers/STM32U5xx_HAL_Driver/Src/stm32u5xx_hal_gpio.o
 .comment       0x00000043       0x44 ./Drivers/STM32U5xx_HAL_Driver/Src/stm32u5xx_hal_icache.o
 .comment       0x00000043       0x44 ./Drivers/STM32U5xx_HAL_Driver/Src/stm32u5xx_hal_pwr_ex.o
 .comment       0x00000043       0x44 ./Drivers/STM32U5xx_HAL_Driver/Src/stm32u5xx_hal_rcc.o
 .comment       0x00000043       0x44 ./Drivers/STM32U5xx_HAL_Driver/Src/stm32u5xx_hal_rcc_ex.o
 .comment       0x00000043       0x44 ./Drivers/STM32U5xx_HAL_Driver/Src/stm32u5xx_hal_spi.o
 .comment       0x00000043       0x44 ./Drivers/STM32U5xx_HAL_Driver/Src/stm32u5xx_hal_spi_ex.o
 .comment       0x00000043       0x44 ./Drivers/STM32U5xx_HAL_Driver/Src/stm32u5xx_hal_uart.o
 .comment       0x00000043       0x44 ./Drivers/STM32U5xx_HAL_Driver/Src/stm32u5xx_hal_uart_ex.o

.debug_frame    0x00000000     0x3c5c
 .debug_frame   0x00000000       0x34 ./Core/Src/gpio.o
 .debug_frame   0x00000034       0x2c ./Core/Src/icache.o
 .debug_frame   0x00000060       0x8c ./Core/Src/main.o
 .debug_frame   0x000000ec       0xa0 ./Core/Src/rfm69.o
 .debug_frame   0x0000018c       0x80 ./Core/Src/spi.o
 .debug_frame   0x0000020c       0x38 ./Core/Src/stm32u5xx_hal_msp.o
 .debug_frame   0x00000244      0x104 ./Core/Src/stm32u5xx_it.o
 .debug_frame   0x00000348       0x58 ./Core/Src/system_stm32u5xx.o
 .debug_frame   0x000003a0       0x78 ./Core/Src/usart.o
 .debug_frame   0x00000418      0x630 ./Drivers/STM32U5xx_HAL_Driver/Src/stm32u5xx_hal.o
 .debug_frame   0x00000a48      0x508 ./Drivers/STM32U5xx_HAL_Driver/Src/stm32u5xx_hal_cortex.o
 .debug_frame   0x00000f50      0x1ec ./Drivers/STM32U5xx_HAL_Driver/Src/stm32u5xx_hal_gpio.o
 .debug_frame   0x0000113c      0x29c ./Drivers/STM32U5xx_HAL_Driver/Src/stm32u5xx_hal_icache.o
 .debug_frame   0x000013d8      0x910 ./Drivers/STM32U5xx_HAL_Driver/Src/stm32u5xx_hal_pwr_ex.o
 .debug_frame   0x00001ce8      0x28c ./Drivers/STM32U5xx_HAL_Driver/Src/stm32u5xx_hal_rcc.o
 .debug_frame   0x00001f74      0x5f0 ./Drivers/STM32U5xx_HAL_Driver/Src/stm32u5xx_hal_rcc_ex.o
 .debug_frame   0x00002564      0x7ac ./Drivers/STM32U5xx_HAL_Driver/Src/stm32u5xx_hal_spi.o
 .debug_frame   0x00002d10      0x100 ./Drivers/STM32U5xx_HAL_Driver/Src/stm32u5xx_hal_spi_ex.o
 .debug_frame   0x00002e10      0xa8c ./Drivers/STM32U5xx_HAL_Driver/Src/stm32u5xx_hal_uart.o
 .debug_frame   0x0000389c      0x310 ./Drivers/STM32U5xx_HAL_Driver/Src/stm32u5xx_hal_uart_ex.o
 .debug_frame   0x00003bac       0x20 /opt/st/stm32cubeide_1.15.0/plugins/com.st.stm32cube.ide.mcu.externaltools.gnu-tools-for-stm32.12.3.rel1.linux64_1.0.100.202403111256/tools/bin/../lib/gcc/arm-none-eabi/12.3.1/../../../../arm-none-eabi/lib/thumb/v8-m.main+fp/hard/libc_nano.a(libc_a-memset.o)
 .debug_frame   0x00003bcc       0x2c /opt/st/stm32cubeide_1.15.0/plugins/com.st.stm32cube.ide.mcu.externaltools.gnu-tools-for-stm32.12.3.rel1.linux64_1.0.100.202403111256/tools/bin/../lib/gcc/arm-none-eabi/12.3.1/../../../../arm-none-eabi/lib/thumb/v8-m.main+fp/hard/libc_nano.a(libc_a-init.o)
 .debug_frame   0x00003bf8       0x2c /opt/st/stm32cubeide_1.15.0/plugins/com.st.stm32cube.ide.mcu.externaltools.gnu-tools-for-stm32.12.3.rel1.linux64_1.0.100.202403111256/tools/bin/../lib/gcc/arm-none-eabi/12.3.1/thumb/v8-m.main+fp/hard/libgcc.a(_aeabi_uldivmod.o)
 .debug_frame   0x00003c24       0x38 /opt/st/stm32cubeide_1.15.0/plugins/com.st.stm32cube.ide.mcu.externaltools.gnu-tools-for-stm32.12.3.rel1.linux64_1.0.100.202403111256/tools/bin/../lib/gcc/arm-none-eabi/12.3.1/thumb/v8-m.main+fp/hard/libgcc.a(_udivmoddi4.o)

.debug_line_str
                0x00000000       0x69
 .debug_line_str
                0x00000000       0x69 ./Core/Startup/startup_stm32u5a5zjtxq.o
