Archive member included to satisfy reference by file (symbol)

/Applications/STM32CubeIDE.app/Contents/Eclipse/plugins/com.st.stm32cube.ide.mcu.externaltools.gnu-tools-for-stm32.12.3.rel1.macos64_1.0.100.202403111906/tools/bin/../lib/gcc/arm-none-eabi/12.3.1/../../../../arm-none-eabi/lib/thumb/v8-m.main+fp/hard/libc_nano.a(libc_a-exit.o)
                              /Applications/STM32CubeIDE.app/Contents/Eclipse/plugins/com.st.stm32cube.ide.mcu.externaltools.gnu-tools-for-stm32.12.3.rel1.macos64_1.0.100.202403111906/tools/bin/../lib/gcc/arm-none-eabi/12.3.1/../../../../arm-none-eabi/lib/thumb/v8-m.main+fp/hard/crt0.o (exit)
/Applications/STM32CubeIDE.app/Contents/Eclipse/plugins/com.st.stm32cube.ide.mcu.externaltools.gnu-tools-for-stm32.12.3.rel1.macos64_1.0.100.202403111906/tools/bin/../lib/gcc/arm-none-eabi/12.3.1/../../../../arm-none-eabi/lib/thumb/v8-m.main+fp/hard/libc_nano.a(libc_a-findfp.o)
                              /Applications/STM32CubeIDE.app/Contents/Eclipse/plugins/com.st.stm32cube.ide.mcu.externaltools.gnu-tools-for-stm32.12.3.rel1.macos64_1.0.100.202403111906/tools/bin/../lib/gcc/arm-none-eabi/12.3.1/../../../../arm-none-eabi/lib/thumb/v8-m.main+fp/hard/libc_nano.a(libc_a-exit.o) (__stdio_exit_handler)
/Applications/STM32CubeIDE.app/Contents/Eclipse/plugins/com.st.stm32cube.ide.mcu.externaltools.gnu-tools-for-stm32.12.3.rel1.macos64_1.0.100.202403111906/tools/bin/../lib/gcc/arm-none-eabi/12.3.1/../../../../arm-none-eabi/lib/thumb/v8-m.main+fp/hard/libc_nano.a(libc_a-fwalk.o)
                              /Applications/STM32CubeIDE.app/Contents/Eclipse/plugins/com.st.stm32cube.ide.mcu.externaltools.gnu-tools-for-stm32.12.3.rel1.macos64_1.0.100.202403111906/tools/bin/../lib/gcc/arm-none-eabi/12.3.1/../../../../arm-none-eabi/lib/thumb/v8-m.main+fp/hard/libc_nano.a(libc_a-findfp.o) (_fwalk_sglue)
/Applications/STM32CubeIDE.app/Contents/Eclipse/plugins/com.st.stm32cube.ide.mcu.externaltools.gnu-tools-for-stm32.12.3.rel1.macos64_1.0.100.202403111906/tools/bin/../lib/gcc/arm-none-eabi/12.3.1/../../../../arm-none-eabi/lib/thumb/v8-m.main+fp/hard/libc_nano.a(libc_a-memset.o)
                              /Applications/STM32CubeIDE.app/Contents/Eclipse/plugins/com.st.stm32cube.ide.mcu.externaltools.gnu-tools-for-stm32.12.3.rel1.macos64_1.0.100.202403111906/tools/bin/../lib/gcc/arm-none-eabi/12.3.1/../../../../arm-none-eabi/lib/thumb/v8-m.main+fp/hard/crt0.o (memset)
/Applications/STM32CubeIDE.app/Contents/Eclipse/plugins/com.st.stm32cube.ide.mcu.externaltools.gnu-tools-for-stm32.12.3.rel1.macos64_1.0.100.202403111906/tools/bin/../lib/gcc/arm-none-eabi/12.3.1/../../../../arm-none-eabi/lib/thumb/v8-m.main+fp/hard/libc_nano.a(libc_a-impure.o)
                              /Applications/STM32CubeIDE.app/Contents/Eclipse/plugins/com.st.stm32cube.ide.mcu.externaltools.gnu-tools-for-stm32.12.3.rel1.macos64_1.0.100.202403111906/tools/bin/../lib/gcc/arm-none-eabi/12.3.1/../../../../arm-none-eabi/lib/thumb/v8-m.main+fp/hard/libc_nano.a(libc_a-findfp.o) (_impure_data)
/Applications/STM32CubeIDE.app/Contents/Eclipse/plugins/com.st.stm32cube.ide.mcu.externaltools.gnu-tools-for-stm32.12.3.rel1.macos64_1.0.100.202403111906/tools/bin/../lib/gcc/arm-none-eabi/12.3.1/../../../../arm-none-eabi/lib/thumb/v8-m.main+fp/hard/libc_nano.a(libc_a-errno.o)
                              ./Core/Src/syscalls.o (__errno)
/Applications/STM32CubeIDE.app/Contents/Eclipse/plugins/com.st.stm32cube.ide.mcu.externaltools.gnu-tools-for-stm32.12.3.rel1.macos64_1.0.100.202403111906/tools/bin/../lib/gcc/arm-none-eabi/12.3.1/../../../../arm-none-eabi/lib/thumb/v8-m.main+fp/hard/libc_nano.a(libc_a-init.o)
                              /Applications/STM32CubeIDE.app/Contents/Eclipse/plugins/com.st.stm32cube.ide.mcu.externaltools.gnu-tools-for-stm32.12.3.rel1.macos64_1.0.100.202403111906/tools/bin/../lib/gcc/arm-none-eabi/12.3.1/../../../../arm-none-eabi/lib/thumb/v8-m.main+fp/hard/crt0.o (__libc_init_array)
/Applications/STM32CubeIDE.app/Contents/Eclipse/plugins/com.st.stm32cube.ide.mcu.externaltools.gnu-tools-for-stm32.12.3.rel1.macos64_1.0.100.202403111906/tools/bin/../lib/gcc/arm-none-eabi/12.3.1/../../../../arm-none-eabi/lib/thumb/v8-m.main+fp/hard/libc_nano.a(libc_a-lock.o)
                              /Applications/STM32CubeIDE.app/Contents/Eclipse/plugins/com.st.stm32cube.ide.mcu.externaltools.gnu-tools-for-stm32.12.3.rel1.macos64_1.0.100.202403111906/tools/bin/../lib/gcc/arm-none-eabi/12.3.1/../../../../arm-none-eabi/lib/thumb/v8-m.main+fp/hard/libc_nano.a(libc_a-findfp.o) (__retarget_lock_init_recursive)
/Applications/STM32CubeIDE.app/Contents/Eclipse/plugins/com.st.stm32cube.ide.mcu.externaltools.gnu-tools-for-stm32.12.3.rel1.macos64_1.0.100.202403111906/tools/bin/../lib/gcc/arm-none-eabi/12.3.1/../../../../arm-none-eabi/lib/thumb/v8-m.main+fp/hard/libc_nano.a(libc_a-mallocr.o)
[...]
Memory Configuration

Name             Origin             Length             Attributes
RAM              0x20000000         0x00270000         xrw
SRAM4            0x28000000         0x00004000         xrw
FLASH            0x08000000         0x00400000         xr
*default*        0x00000000         0xffffffff

Linker script and memory map

LOAD /Applications/STM32CubeIDE.app/Contents/Eclipse/plugins/com.st.stm32cube.ide.mcu.externaltools.gnu-tools-for-stm32.12.3.rel1.macos64_1.0.100.202403111906/tools/bin/../lib/gcc/arm-none-eabi/12.3.1/thumb/v8-m.main+fp/hard/crti.o
LOAD /Applications/STM32CubeIDE.app/Contents/Eclipse/plugins/com.st.stm32cube.ide.mcu.externaltools.gnu-tools-for-stm32.12.3.rel1.macos64_1.0.100.202403111906/tools/bin/../lib/gcc/arm-none-eabi/12.3.1/thumb/v8-m.main+fp/hard/crtbegin.o
LOAD /Applications/STM32CubeIDE.app/Contents/Eclipse/plugins/com.st.stm32cube.ide.mcu.externaltools.gnu-tools-for-stm32.12.3.rel1.macos64_1.0.100.202403111906/tools/bin/../lib/gcc/arm-none-eabi/12.3.1/../../../../arm-none-eabi/lib/thumb/v8-m.main+fp/hard/crt0.o
LOAD ./Core/Src/gpio.o
LOAD ./Core/Src/icache.o
LOAD ./Core/Src/lcd.o
LOAD ./Core/Src/main.o
LOAD ./Core/Src/memorymap.o
LOAD ./Core/Src/rfm69.o
LOAD ./Core/Src/spi.o
LOAD ./Core/Src/stm32u5xx_hal_msp.o
LOAD ./Core/Src/stm32u5xx_it.o
LOAD ./Core/Src/syscalls.o
LOAD ./Core/Src/sysmem.o
LOAD ./Core/Src/system_stm32u5xx.o
LOAD ./Core/Src/usart.o
LOAD ./Core/Startup/startup_stm32u5a5zjtxq.o
LOAD ./Drivers/STM32U5xx_HAL_Driver/Src/stm32u5xx_hal.o
LOAD ./Drivers/STM32U5xx_HAL_Driver/Src/stm32u5xx_hal_cortex.o
LOAD ./Drivers/STM32U5xx_HAL_Driver/Src/stm32u5xx_hal_dma.o
LOAD ./Drivers/STM32U5xx_HAL_Driver/Src/stm32u5xx_hal_dma_ex.o
LOAD ./Drivers/STM32U5xx_HAL_Driver/Src/stm32u5xx_hal_exti.o
LOAD ./Drivers/STM32U5xx_HAL_Driver/Src/stm32u5xx_hal_flash.o
LOAD ./Drivers/STM32U5xx_HAL_Driver/Src/stm32u5xx_hal_flash_ex.o
LOAD ./Drivers/STM32U5xx_HAL_Driver/Src/stm32u5xx_hal_gpio.o
LOAD ./Drivers/STM32U5xx_HAL_Driver/Src/stm32u5xx_hal_gtzc.o
LOAD ./Drivers/STM32U5xx_HAL_Driver/Src/stm32u5xx_hal_i2c.o
LOAD ./Drivers/STM32U5xx_HAL_Driver/Src/stm32u5xx_hal_i2c_ex.o
LOAD ./Drivers/STM32U5xx_HAL_Driver/Src/stm32u5xx_hal_icache.o
LOAD ./Drivers/STM32U5xx_HAL_Driver/Src/stm32u5xx_hal_pwr.o
LOAD ./Drivers/STM32U5xx_HAL_Driver/Src/stm32u5xx_hal_pwr_ex.o
LOAD ./Drivers/STM32U5xx_HAL_Driver/Src/stm32u5xx_hal_rcc.o
LOAD ./Drivers/STM32U5xx_HAL_Driver/Src/stm32u5xx_hal_rcc_ex.o
LOAD ./Drivers/STM32U5xx_HAL_Driver/Src/stm32u5xx_hal_spi.o
LOAD ./Drivers/STM32U5xx_HAL_Driver/Src/stm32u5xx_hal_spi_ex.o
LOAD ./Drivers/STM32U5xx_HAL_Driver/Src/stm32u5xx_hal_tim.o
LOAD ./Drivers/STM32U5xx_HAL_Driver/Src/stm32u5xx_hal_tim_ex.o
LOAD ./Drivers/STM32U5xx_HAL_Driver/Src/stm32u5xx_hal_uart.o
LOAD ./Drivers/STM32U5xx_HAL_Driver/Src/stm32u5xx_hal_uart_ex.o
START GROUP
LOAD /Applications/STM32CubeIDE.app/Contents/Eclipse/plugins/com.st.stm32cube.ide.mcu.externaltools.gnu-tools-for-stm32.12.3.rel1.macos64_1.0.100.202403111906/tools/bin/../lib/gcc/arm-none-eabi/12.3.1/../../../../arm-none-eabi/lib/thumb/v8-m.main+fp/hard/libc_nano.a
LOAD /Applications/STM32CubeIDE.app/Contents/Eclipse/plugins/com.st.stm32cube.ide.mcu.externaltools.gnu-tools-for-stm32.12.3.rel1.macos64_1.0.100.202403111906/tools/bin/../lib/gcc/arm-none-eabi/12.3.1/../../../../arm-none-eabi/lib/thumb/v8-m.main+fp/hard/libm.a
END GROUP
START GROUP
LOAD /Applications/STM32CubeIDE.app/Contents/Eclipse/plugins/com.st.stm32cube.ide.mcu.externaltools.gnu-tools-for-stm32.12.3.rel1.macos64_1.0.100.202403111906/tools/bin/../lib/gcc/arm-none-eabi/12.3.1/thumb/v8-m.main+fp/hard/libgcc.a
LOAD /Applications/STM32CubeIDE.app/Contents/Eclipse/plugins/com.st.stm32cube.ide.mcu.externaltools.gnu-tools-for-stm32.12.3.rel1.macos64_1.0.100.202403111906/tools/bin/../lib/gcc/arm-none-eabi/12.3.1/../../../../arm-none-eabi/lib/thumb/v8-m.main+fp/hard/libc_nano.a
END GROUP
START GROUP
LOAD /Applications/STM32CubeIDE.app/Contents/Eclipse/plugins/com.st.stm32cube.ide.mcu.externaltools.gnu-tools-for-stm32.12.3.rel1.macos64_1.0.100.202403111906/tools/bin/../lib/gcc/arm-none-eabi/12.3.1/thumb/v8-m.main+fp/hard/libgcc.a
LOAD /Applications/STM32CubeIDE.app/Contents/Eclipse/plugins/com.st.stm32cube.ide.mcu.externaltools.gnu-tools-for-stm32.12.3.rel1.macos64_1.0.100.202403111906/tools/bin/../lib/gcc/arm-none-eabi/12.3.1/../../../../arm-none-eabi/lib/thumb/v8-m.main+fp/hard/libc_nano.a
LOAD /Applications/STM32CubeIDE.app/Contents/Eclipse/plugins/com.st.stm32cube.ide.mcu.externaltools.gnu-tools-for-stm32.12.3.rel1.macos64_1.0.100.202403111906/tools/bin/../lib/gcc/arm-none-eabi/12.3.1/../../../../arm-none-eabi/lib/thumb/v8-m.main+fp/hard/libnosys.a
END GROUP
START GROUP
LOAD /Applications/STM32CubeIDE.app/Contents/Eclipse/plugins/com.st.stm32cube.ide.mcu.externaltools.gnu-tools-for-stm32.12.3.rel1.macos64_1.0.100.202403111906/tools/bin/../lib/gcc/arm-none-eabi/12.3.1/thumb/v8-m.main+fp/hard/libgcc.a
LOAD /Applications/STM32CubeIDE.app/Contents/Eclipse/plugins/com.st.stm32cube.ide.mcu.externaltools.gnu-tools-for-stm32.12.3.rel1.macos64_1.0.100.202403111906/tools/bin/../lib/gcc/arm-none-eabi/12.3.1/../../../../arm-none-eabi/lib/thumb/v8-m.main+fp/hard/libc_nano.a
LOAD /Applications/STM32CubeIDE.app/Contents/Eclipse/plugins/com.st.stm32cube.ide.mcu.externaltools.gnu-tools-for-stm32.12.3.rel1.macos64_1.0.100.202403111906/tools/bin/../lib/gcc/arm-none-eabi/12.3.1/../../../../arm-none-eabi/lib/thumb/v8-m.main+fp/hard/libnosys.a
END GROUP
LOAD /Applications/STM32CubeIDE.app/Contents/Eclipse/plugins/com.st.stm32cube.ide.mcu.externaltools.gnu-tools-for-stm32.12.3.rel1.macos64_1.0.100.202403111906/tools/bin/../lib/gcc/arm-none-eabi/12.3.1/thumb/v8-m.main+fp/hard/crtend.o
LOAD /Applications/STM32CubeIDE.app/Contents/Eclipse/plugins/com.st.stm32cube.ide.mcu.externaltools.gnu-tools-for-stm32.12.3.rel1.macos64_1.0.100.202403111906/tools/bin/../lib/gcc/arm-none-eabi/12.3.1/thumb/v8-m.main+fp/hard/crtn.o
                0x20270000                        _estack = (ORIGIN (RAM) + LENGTH (RAM))
                0x00000200                        _Min_Heap_Size = 0x200
                0x00000400                        _Min_Stack_Size = 0x400

.isr_vector     0x08000000      0x250
 *(.isr_vector)
 .isr_vector    0x08000000      0x250 ./Core/Startup/startup_stm32u5a5zjtxq.o
                0x08000000                g_pfnVectors

.text           0x08000250     0x7144
 *(.text)
 .text          0x08000250       0x40 /Applications/STM32CubeIDE.app/Contents/Eclipse/plugins/com.st.stm32cube.ide.mcu.externaltools.gnu-tools-for-stm32.12.3.rel1.macos64_1.0.100.202403111906/tools/bin/../lib/gcc/arm-none-eabi/12.3.1/thumb/v8-m.main+fp/hard/crtbegin.o
 .text          0x08000290       0x30 /Applications/STM32CubeIDE.app/Contents/Eclipse/plugins/com.st.stm32cube.ide.mcu.externaltools.gnu-tools-for-stm32.12.3.rel1.macos64_1.0.100.202403111906/tools/bin/../lib/gcc/arm-none-eabi/12.3.1/thumb/v8-m.main+fp/hard/libgcc.a(_aeabi_uldivmod.o)
                0x08000290                __aeabi_uldivmod
 .text          0x080002c0      0x2e4 /Applications/STM32CubeIDE.app/Contents/Eclipse/plugins/com.st.stm32cube.ide.mcu.externaltools.gnu-tools-for-stm32.12.3.rel1.macos64_1.0.100.202403111906/tools/bin/../lib/gcc/arm-none-eabi/12.3.1/thumb/v8-m.main+fp/hard/libgcc.a(_udivmoddi4.o)
                0x080002c0                __udivmoddi4
 .text          0x080005a4        0x4 /Applications/STM32CubeIDE.app/Contents/Eclipse/plugins/com.st.stm32cube.ide.mcu.externaltools.gnu-tools-for-stm32.12.3.rel1.macos64_1.0.100.202403111906/tools/bin/../lib/gcc/arm-none-eabi/12.3.1/thumb/v8-m.main+fp/hard/libgcc.a(_dvmd_tls.o)
                0x080005a4                __aeabi_ldiv0
                0x080005a4                __aeabi_idiv0
 *(.text*)
 .text.MX_GPIO_Init
                0x080005a8      0x1b0 ./Core/Src/gpio.o
                0x080005a8                MX_GPIO_Init
 .text.MX_ICACHE_Init
                0x08000758       0x26 ./Core/Src/icache.o
                0x08000758                MX_ICACHE_Init
 *fill*         0x0800077e        0x2 
 .text.main     0x08000780       0x70 ./Core/Src/main.o
                0x08000780                main
 .text.SystemClock_Config
                0x080007f0       0x92 ./Core/Src/main.o
                0x080007f0                SystemClock_Config
 .text.SystemPower_Config
                0x08000882       0x20 ./Core/Src/main.o
 .text.Error_Handler
                0x080008a2        0xc ./Core/Src/main.o
                0x080008a2                Error_Handler
 *fill*         0x080008ae        0x2 
 .text.RFM69_Init
                0x080008b0       0xb4 ./Core/Src/rfm69.o
                0x080008b0                RFM69_Init
 .text.chipPresent
                0x08000964       0x84 ./Core/Src/rfm69.o
                0x08000964                chipPresent
 .text.writeREG
                0x080009e8       0x60 ./Core/Src/rfm69.o
                0x080009e8                writeREG
 .text.readREG  0x08000a48       0x60 ./Core/Src/rfm69.o
                0x08000a48                readREG
 .text.MX_SPI1_Init
                0x08000aa8       0xdc ./Core/Src/spi.o
                0x08000aa8                MX_SPI1_Init
 .text.HAL_SPI_MspInit
                0x08000b84       0xd4 ./Core/Src/spi.o
                0x08000b84                HAL_SPI_MspInit
 .text.HAL_MspInit
                0x08000c58       0x34 ./Core/Src/stm32u5xx_hal_msp.o
                0x08000c58                HAL_MspInit
 .text.NMI_Handler
                0x08000c8c        0x8 ./Core/Src/stm32u5xx_it.o
                0x08000c8c                NMI_Handler
 .text.HardFault_Handler
                0x08000c94        0x8 ./Core/Src/stm32u5xx_it.o
                0x08000c94                HardFault_Handler
 .text.MemManage_Handler
                0x08000c9c        0x8 ./Core/Src/stm32u5xx_it.o
                0x08000c9c                MemManage_Handler
 .text.BusFault_Handler
                0x08000ca4        0x8 ./Core/Src/stm32u5xx_it.o
                0x08000ca4                BusFault_Handler
 .text.UsageFault_Handler
                0x08000cac        0x8 ./Core/Src/stm32u5xx_it.o
                0x08000cac                UsageFault_Handler
 .text.SVC_Handler
                0x08000cb4        0xe ./Core/Src/stm32u5xx_it.o
                0x08000cb4                SVC_Handler
 .text.DebugMon_Handler
                0x08000cc2        0xe ./Core/Src/stm32u5xx_it.o
                0x08000cc2                DebugMon_Handler
 .text.PendSV_Handler
                0x08000cd0        0xe ./Core/Src/stm32u5xx_it.o
                0x08000cd0                PendSV_Handler
 .text.SysTick_Handler
                0x08000cde        0xc ./Core/Src/stm32u5xx_it.o
                0x08000cde                SysTick_Handler
 *fill*         0x08000cea        0x2 
 .text.SystemInit
                0x08000cec       0x70 ./Core/Src/system_stm32u5xx.o
                0x08000cec                SystemInit
 .text.MX_USART1_UART_Init
                0x08000d5c       0x98 ./Core/Src/usart.o
                0x08000d5c                MX_USART1_UART_Init
 .text.HAL_UART_MspInit
                0x08000df4       0xd4 ./Core/Src/usart.o
                0x08000df4                HAL_UART_MspInit
 .text.Reset_Handler
                0x08000ec8       0x50 ./Core/Startup/startup_stm32u5a5zjtxq.o
                0x08000ec8                Reset_Handler
 .text.Default_Handler
                0x08000f18        0x2 ./Core/Startup/startup_stm32u5a5zjtxq.o
                0x08000f18                HASH_IRQHandler
                0x08000f18                TIM8_TRG_COM_IRQHandler
                0x08000f18                TIM8_CC_IRQHandler
                0x08000f18                EXTI5_IRQHandler
                0x08000f18                FLASH_S_IRQHandler
                0x08000f18                EXTI13_IRQHandler
                0x08000f18                TIM1_CC_IRQHandler
                0x08000f18                TSC_IRQHandler
                0x08000f18                TAMP_IRQHandler
                0x08000f18                TIM6_IRQHandler
                0x08000f18                EXTI12_IRQHandler
                0x08000f18                CORDIC_IRQHandler
                0x08000f18                EXTI3_IRQHandler
                0x08000f18                LPTIM4_IRQHandler
                0x08000f18                GPDMA1_Channel5_IRQHandler
                0x08000f18                EXTI8_IRQHandler
                0x08000f18                LPTIM2_IRQHandler
                0x08000f18                I2C3_ER_IRQHandler
                0x08000f18                I2C5_EV_IRQHandler
                0x08000f18                PWR_S3WU_IRQHandler
                0x08000f18                MDF1_FLT2_IRQHandler
                0x08000f18                LPDMA1_Channel3_IRQHandler
                0x08000f18                LPTIM3_IRQHandler
                0x08000f18                EXTI0_IRQHandler
                0x08000f18                I2C2_EV_IRQHandler
                0x08000f18                FPU_IRQHandler
                0x08000f18                GPDMA1_Channel3_IRQHandler
                0x08000f18                GPDMA1_Channel7_IRQHandler
                0x08000f18                MDF1_FLT4_IRQHandler
                0x08000f18                FDCAN1_IT1_IRQHandler
                0x08000f18                RAMCFG_IRQHandler
                0x08000f18                ADC1_2_IRQHandler
                0x08000f18                GPDMA1_Channel9_IRQHandler
                0x08000f18                DCACHE1_IRQHandler
                0x08000f18                SPI1_IRQHandler
                0x08000f18                OCTOSPI1_IRQHandler
                0x08000f18                GPDMA1_Channel2_IRQHandler
                0x08000f18                TIM8_UP_IRQHandler
                0x08000f18                RCC_S_IRQHandler
                0x08000f18                OCTOSPI2_IRQHandler
                0x08000f18                SAI2_IRQHandler
                0x08000f18                MDF1_FLT1_IRQHandler
                0x08000f18                PKA_IRQHandler
                0x08000f18                USART6_IRQHandler
                0x08000f18                MDF1_FLT5_IRQHandler
                0x08000f18                EXTI15_IRQHandler
                0x08000f18                TIM17_IRQHandler
                0x08000f18                USART3_IRQHandler
                0x08000f18                RTC_IRQHandler
                0x08000f18                EXTI9_IRQHandler
                0x08000f18                HSPI1_IRQHandler
                0x08000f18                UART5_IRQHandler
                0x08000f18                TIM4_IRQHandler
                0x08000f18                I2C1_EV_IRQHandler
                0x08000f18                GPDMA1_Channel12_IRQHandler
                0x08000f18                GPDMA1_Channel1_IRQHandler
                0x08000f18                TIM16_IRQHandler
                0x08000f18                GPDMA1_Channel15_IRQHandler
                0x08000f18                UART4_IRQHandler
                0x08000f18                SecureFault_Handler
                0x08000f18                TIM3_IRQHandler
                0x08000f18                RCC_IRQHandler
                0x08000f18                TIM1_TRG_COM_IRQHandler
                0x08000f18                Default_Handler
                0x08000f18                GPDMA1_Channel8_IRQHandler
                0x08000f18                FMAC_IRQHandler
                0x08000f18                I2C5_ER_IRQHandler
                0x08000f18                OTFDEC1_IRQHandler
                0x08000f18                GPDMA1_Channel11_IRQHandler
                0x08000f18                TIM7_IRQHandler
                0x08000f18                SDMMC1_IRQHandler
                0x08000f18                SAES_IRQHandler
                0x08000f18                TIM5_IRQHandler
                0x08000f18                UCPD1_IRQHandler
                0x08000f18                GPDMA1_Channel0_IRQHandler
                0x08000f18                TIM15_IRQHandler
                0x08000f18                I2C3_EV_IRQHandler
                0x08000f18                LPDMA1_Channel0_IRQHandler
                0x08000f18                PVD_PVM_IRQHandler
                0x08000f18                SPI2_IRQHandler
                0x08000f18                LPDMA1_Channel1_IRQHandler
                0x08000f18                EXTI14_IRQHandler
                0x08000f18                EXTI11_IRQHandler
                0x08000f18                OTFDEC2_IRQHandler
                0x08000f18                CRS_IRQHandler
                0x08000f18                GPDMA1_Channel14_IRQHandler
                0x08000f18                LSECSSD_IRQHandler
                0x08000f18                EXTI4_IRQHandler
                0x08000f18                RTC_S_IRQHandler
                0x08000f18                GPDMA1_Channel13_IRQHandler
                0x08000f18                RNG_IRQHandler
                0x08000f18                COMP_IRQHandler
                0x08000f18                TIM1_UP_IRQHandler
                0x08000f18                ADC4_IRQHandler
                0x08000f18                WWDG_IRQHandler
                0x08000f18                I2C4_EV_IRQHandler
                0x08000f18                ADF1_IRQHandler
                0x08000f18                IWDG_IRQHandler
                0x08000f18                I2C6_ER_IRQHandler
                0x08000f18                LPUART1_IRQHandler
                0x08000f18                MDF1_FLT0_IRQHandler
                0x08000f18                FDCAN1_IT0_IRQHandler
                0x08000f18                TIM2_IRQHandler
                0x08000f18                GPDMA1_Channel4_IRQHandler
                0x08000f18                OTG_HS_IRQHandler
                0x08000f18                EXTI7_IRQHandler
                0x08000f18                DMA2D_IRQHandler
                0x08000f18                TIM1_BRK_IRQHandler
                0x08000f18                EXTI1_IRQHandler
                0x08000f18                SDMMC2_IRQHandler
                0x08000f18                AES_IRQHandler
                0x08000f18                DAC1_IRQHandler
                0x08000f18                GTZC_IRQHandler
                0x08000f18                MDF1_FLT3_IRQHandler
                0x08000f18                USART2_IRQHandler
                0x08000f18                I2C6_EV_IRQHandler
                0x08000f18                GPDMA1_Channel6_IRQHandler
                0x08000f18                I2C2_ER_IRQHandler
                0x08000f18                TIM8_BRK_IRQHandler
                0x08000f18                FLASH_IRQHandler
                0x08000f18                USART1_IRQHandler
                0x08000f18                EXTI10_IRQHandler
                0x08000f18                SPI3_IRQHandler
                0x08000f18                LPDMA1_Channel2_IRQHandler
                0x08000f18                I2C1_ER_IRQHandler
                0x08000f18                FMC_IRQHandler
                0x08000f18                EXTI6_IRQHandler
                0x08000f18                LPTIM1_IRQHandler
                0x08000f18                DCMI_PSSI_IRQHandler
                0x08000f18                I2C4_ER_IRQHandler
                0x08000f18                GPDMA1_Channel10_IRQHandler
                0x08000f18                ICACHE_IRQHandler
                0x08000f18                SAI1_IRQHandler
                0x08000f18                EXTI2_IRQHandler
 *fill*         0x08000f1a        0x2 
 .text.HAL_Init
                0x08000f1c       0x5c ./Drivers/STM32U5xx_HAL_Driver/Src/stm32u5xx_hal.o
                0x08000f1c                HAL_Init
 .text.HAL_InitTick
                0x08000f78       0x6c ./Drivers/STM32U5xx_HAL_Driver/Src/stm32u5xx_hal.o
                0x08000f78                HAL_InitTick
 .text.HAL_IncTick
                0x08000fe4       0x28 ./Drivers/STM32U5xx_HAL_Driver/Src/stm32u5xx_hal.o
                0x08000fe4                HAL_IncTick
 .text.HAL_GetTick
                0x0800100c       0x18 ./Drivers/STM32U5xx_HAL_Driver/Src/stm32u5xx_hal.o
                0x0800100c                HAL_GetTick
 .text.HAL_Delay
                0x08001024       0x48 ./Drivers/STM32U5xx_HAL_Driver/Src/stm32u5xx_hal.o
                0x08001024                HAL_Delay
 .text.__NVIC_SetPriorityGrouping
                0x0800106c       0x48 ./Drivers/STM32U5xx_HAL_Driver/Src/stm32u5xx_hal_cortex.o
 .text.__NVIC_GetPriorityGrouping
                0x080010b4       0x1c ./Drivers/STM32U5xx_HAL_Driver/Src/stm32u5xx_hal_cortex.o
 .text.__NVIC_SetPriority
                0x080010d0       0x54 ./Drivers/STM32U5xx_HAL_Driver/Src/stm32u5xx_hal_cortex.o
 .text.NVIC_EncodePriority
                0x08001124       0x66 ./Drivers/STM32U5xx_HAL_Driver/Src/stm32u5xx_hal_cortex.o
 *fill*         0x0800118a        0x2 
 .text.SysTick_Config
                0x0800118c       0x44 ./Drivers/STM32U5xx_HAL_Driver/Src/stm32u5xx_hal_cortex.o
 .text.HAL_NVIC_SetPriorityGrouping
                0x080011d0       0x16 ./Drivers/STM32U5xx_HAL_Driver/Src/stm32u5xx_hal_cortex.o
                0x080011d0                HAL_NVIC_SetPriorityGrouping
 .text.HAL_NVIC_SetPriority
                0x080011e6       0x34 ./Drivers/STM32U5xx_HAL_Driver/Src/stm32u5xx_hal_cortex.o
                0x080011e6                HAL_NVIC_SetPriority
 .text.HAL_SYSTICK_Config
                0x0800121a       0x18 ./Drivers/STM32U5xx_HAL_Driver/Src/stm32u5xx_hal_cortex.o
                0x0800121a                HAL_SYSTICK_Config
 *fill*         0x08001232        0x2 
 .text.HAL_GPIO_Init
                0x08001234      0x3b0 ./Drivers/STM32U5xx_HAL_Driver/Src/stm32u5xx_hal_gpio.o
                0x08001234                HAL_GPIO_Init
 .text.HAL_GPIO_WritePin
                0x080015e4       0x30 ./Drivers/STM32U5xx_HAL_Driver/Src/stm32u5xx_hal_gpio.o
                0x080015e4                HAL_GPIO_WritePin
 .text.HAL_ICACHE_ConfigAssociativityMode
                0x08001614       0x40 ./Drivers/STM32U5xx_HAL_Driver/Src/stm32u5xx_hal_icache.o
                0x08001614                HAL_ICACHE_ConfigAssociativityMode
 .text.HAL_ICACHE_Enable
                0x08001654       0x20 ./Drivers/STM32U5xx_HAL_Driver/Src/stm32u5xx_hal_icache.o
                0x08001654                HAL_ICACHE_Enable
 .text.HAL_PWREx_ControlVoltageScaling
                0x08001674       0xfc ./Drivers/STM32U5xx_HAL_Driver/Src/stm32u5xx_hal_pwr_ex.o
                0x08001674                HAL_PWREx_ControlVoltageScaling
 .text.HAL_PWREx_GetVoltageRange
                0x08001770       0x1c ./Drivers/STM32U5xx_HAL_Driver/Src/stm32u5xx_hal_pwr_ex.o
                0x08001770                HAL_PWREx_GetVoltageRange
 .text.HAL_PWREx_ConfigSupply
                0x0800178c       0xa0 ./Drivers/STM32U5xx_HAL_Driver/Src/stm32u5xx_hal_pwr_ex.o
                0x0800178c                HAL_PWREx_ConfigSupply
 .text.HAL_PWREx_EnableVddIO2
                0x0800182c       0x20 ./Drivers/STM32U5xx_HAL_Driver/Src/stm32u5xx_hal_pwr_ex.o
                0x0800182c                HAL_PWREx_EnableVddIO2
 .text.HAL_PWREx_DisableUCPDDeadBattery
                0x0800184c       0x20 ./Drivers/STM32U5xx_HAL_Driver/Src/stm32u5xx_hal_pwr_ex.o
                0x0800184c                HAL_PWREx_DisableUCPDDeadBattery
 .text.HAL_RCC_OscConfig
                0x0800186c      0xdb8 ./Drivers/STM32U5xx_HAL_Driver/Src/stm32u5xx_hal_rcc.o
                0x0800186c                HAL_RCC_OscConfig
 .text.HAL_RCC_ClockConfig
                0x08002624      0x3e4 ./Drivers/STM32U5xx_HAL_Driver/Src/stm32u5xx_hal_rcc.o
                0x08002624                HAL_RCC_ClockConfig
 .text.HAL_RCC_GetSysClockFreq
                0x08002a08      0x210 ./Drivers/STM32U5xx_HAL_Driver/Src/stm32u5xx_hal_rcc.o
                0x08002a08                HAL_RCC_GetSysClockFreq
 .text.HAL_RCC_GetHCLKFreq
                0x08002c18       0x34 ./Drivers/STM32U5xx_HAL_Driver/Src/stm32u5xx_hal_rcc.o
                0x08002c18                HAL_RCC_GetHCLKFreq
 .text.HAL_RCC_GetPCLK1Freq
                0x08002c4c       0x28 ./Drivers/STM32U5xx_HAL_Driver/Src/stm32u5xx_hal_rcc.o
                0x08002c4c                HAL_RCC_GetPCLK1Freq
 .text.HAL_RCC_GetPCLK2Freq
                0x08002c74       0x28 ./Drivers/STM32U5xx_HAL_Driver/Src/stm32u5xx_hal_rcc.o
                0x08002c74                HAL_RCC_GetPCLK2Freq
 .text.HAL_RCC_GetPCLK3Freq
                0x08002c9c       0x28 ./Drivers/STM32U5xx_HAL_Driver/Src/stm32u5xx_hal_rcc.o
                0x08002c9c                HAL_RCC_GetPCLK3Freq
 .text.RCC_SetFlashLatencyFromMSIRange
                0x08002cc4      0x10c ./Drivers/STM32U5xx_HAL_Driver/Src/stm32u5xx_hal_rcc.o
 .text.HAL_RCCEx_PeriphCLKConfig
                0x08002dd0      0xd78 ./Drivers/STM32U5xx_HAL_Driver/Src/stm32u5xx_hal_rcc_ex.o
                0x08002dd0                HAL_RCCEx_PeriphCLKConfig
 .text.HAL_RCCEx_GetPLL1ClockFreq
                0x08003b48      0x2d0 ./Drivers/STM32U5xx_HAL_Driver/Src/stm32u5xx_hal_rcc_ex.o
                0x08003b48                HAL_RCCEx_GetPLL1ClockFreq
 .text.HAL_RCCEx_GetPLL2ClockFreq
                0x08003e18      0x2d0 ./Drivers/STM32U5xx_HAL_Driver/Src/stm32u5xx_hal_rcc_ex.o
                0x08003e18                HAL_RCCEx_GetPLL2ClockFreq
 .text.HAL_RCCEx_GetPLL3ClockFreq
                0x080040e8      0x2d0 ./Drivers/STM32U5xx_HAL_Driver/Src/stm32u5xx_hal_rcc_ex.o
                0x080040e8                HAL_RCCEx_GetPLL3ClockFreq
 .text.HAL_RCCEx_GetPeriphCLKFreq
                0x080043b8     0x16bc ./Drivers/STM32U5xx_HAL_Driver/Src/stm32u5xx_hal_rcc_ex.o
                0x080043b8                HAL_RCCEx_GetPeriphCLKFreq
 .text.RCCEx_PLL2_Config
                0x08005a74      0x130 ./Drivers/STM32U5xx_HAL_Driver/Src/stm32u5xx_hal_rcc_ex.o
 .text.RCCEx_PLL3_Config
                0x08005ba4      0x130 ./Drivers/STM32U5xx_HAL_Driver/Src/stm32u5xx_hal_rcc_ex.o
 .text.HAL_SPI_Init
                0x08005cd4      0x22c ./Drivers/STM32U5xx_HAL_Driver/Src/stm32u5xx_hal_spi.o
                0x08005cd4                HAL_SPI_Init
 .text.HAL_SPI_Transmit
                0x08005f00      0x43c ./Drivers/STM32U5xx_HAL_Driver/Src/stm32u5xx_hal_spi.o
                0x08005f00                HAL_SPI_Transmit
 .text.HAL_SPI_Receive
                0x0800633c      0x360 ./Drivers/STM32U5xx_HAL_Driver/Src/stm32u5xx_hal_spi.o
                0x0800633c                HAL_SPI_Receive
 .text.SPI_CloseTransfer
                0x0800669c      0x140 ./Drivers/STM32U5xx_HAL_Driver/Src/stm32u5xx_hal_spi.o
 .text.SPI_WaitOnFlagUntilTimeout
                0x080067dc       0x5c ./Drivers/STM32U5xx_HAL_Driver/Src/stm32u5xx_hal_spi.o
 .text.SPI_GetPacketSize
                0x08006838       0x36 ./Drivers/STM32U5xx_HAL_Driver/Src/stm32u5xx_hal_spi.o
 .text.HAL_SPIEx_SetConfigAutonomousMode
                0x0800686e       0x82 ./Drivers/STM32U5xx_HAL_Driver/Src/stm32u5xx_hal_spi_ex.o
                0x0800686e                HAL_SPIEx_SetConfigAutonomousMode
 .text.HAL_UART_Init
                0x080068f0       0xa0 ./Drivers/STM32U5xx_HAL_Driver/Src/stm32u5xx_hal_uart.o
                0x080068f0                HAL_UART_Init
 .text.UART_SetConfig
                0x08006990      0x35c ./Drivers/STM32U5xx_HAL_Driver/Src/stm32u5xx_hal_uart.o
                0x08006990                UART_SetConfig
 .text.UART_AdvFeatureConfig
                0x08006cec      0x144 ./Drivers/STM32U5xx_HAL_Driver/Src/stm32u5xx_hal_uart.o
                0x08006cec                UART_AdvFeatureConfig
 .text.UART_CheckIdleState
                0x08006e30      0x154 ./Drivers/STM32U5xx_HAL_Driver/Src/stm32u5xx_hal_uart.o
                0x08006e30                UART_CheckIdleState
 .text.UART_WaitOnFlagUntilTimeout
                0x08006f84       0xce ./Drivers/STM32U5xx_HAL_Driver/Src/stm32u5xx_hal_uart.o
                0x08006f84                UART_WaitOnFlagUntilTimeout
 .text.UART_EndRxTransfer
                0x08007052       0xcc ./Drivers/STM32U5xx_HAL_Driver/Src/stm32u5xx_hal_uart.o
 .text.HAL_UARTEx_DisableFifoMode
                0x0800711e       0x72 ./Drivers/STM32U5xx_HAL_Driver/Src/stm32u5xx_hal_uart_ex.o
                0x0800711e                HAL_UARTEx_DisableFifoMode
 .text.HAL_UARTEx_SetTxFifoThreshold
                0x08007190       0x7c ./Drivers/STM32U5xx_HAL_Driver/Src/stm32u5xx_hal_uart_ex.o
                0x08007190                HAL_UARTEx_SetTxFifoThreshold
 .text.HAL_UARTEx_SetRxFifoThreshold
                0x0800720c       0x7c ./Drivers/STM32U5xx_HAL_Driver/Src/stm32u5xx_hal_uart_ex.o
                0x0800720c                HAL_UARTEx_SetRxFifoThreshold
 .text.UARTEx_SetNbDataToProcess
                0x08007288       0x9c ./Drivers/STM32U5xx_HAL_Driver/Src/stm32u5xx_hal_uart_ex.o
 .text.memset   0x08007324       0x10 /Applications/STM32CubeIDE.app/Contents/Eclipse/plugins/com.st.stm32cube.ide.mcu.externaltools.gnu-tools-for-stm32.12.3.rel1.macos64_1.0.100.202403111906/tools/bin/../lib/gcc/arm-none-eabi/12.3.1/../../../../arm-none-eabi/lib/thumb/v8-m.main+fp/hard/libc_nano.a(libc_a-memset.o)
                0x08007324                memset
 .text.__libc_init_array
                0x08007334       0x48 /Applications/STM32CubeIDE.app/Contents/Eclipse/plugins/com.st.stm32cube.ide.mcu.externaltools.gnu-tools-for-stm32.12.3.rel1.macos64_1.0.100.202403111906/tools/bin/../lib/gcc/arm-none-eabi/12.3.1/../../../../arm-none-eabi/lib/thumb/v8-m.main+fp/hard/libc_nano.a(libc_a-init.o)
                0x08007334                __libc_init_array
 *(.glue_7)
 .glue_7        0x0800737c        0x0 linker stubs
 *(.glue_7t)
 .glue_7t       0x0800737c        0x0 linker stubs
 *(.eh_frame)
 .eh_frame      0x0800737c        0x0 /Applications/STM32CubeIDE.app/Contents/Eclipse/plugins/com.st.stm32cube.ide.mcu.externaltools.gnu-tools-for-stm32.12.3.rel1.macos64_1.0.100.202403111906/tools/bin/../lib/gcc/arm-none-eabi/12.3.1/thumb/v8-m.main+fp/hard/crtbegin.o
 *(.init)
 .init          0x0800737c        0x4 /Applications/STM32CubeIDE.app/Contents/Eclipse/plugins/com.st.stm32cube.ide.mcu.externaltools.gnu-tools-for-stm32.12.3.rel1.macos64_1.0.100.202403111906/tools/bin/../lib/gcc/arm-none-eabi/12.3.1/thumb/v8-m.main+fp/hard/crti.o
                0x0800737c                _init
 .init          0x08007380        0x8 /Applications/STM32CubeIDE.app/Contents/Eclipse/plugins/com.st.stm32cube.ide.mcu.externaltools.gnu-tools-for-stm32.12.3.rel1.macos64_1.0.100.202403111906/tools/bin/../lib/gcc/arm-none-eabi/12.3.1/thumb/v8-m.main+fp/hard/crtn.o
 *(.fini)
 .fini          0x08007388        0x4 /Applications/STM32CubeIDE.app/Contents/Eclipse/plugins/com.st.stm32cube.ide.mcu.externaltools.gnu-tools-for-stm32.12.3.rel1.macos64_1.0.100.202403111906/tools/bin/../lib/gcc/arm-none-eabi/12.3.1/thumb/v8-m.main+fp/hard/crti.o
                0x08007388                _fini
 .fini          0x0800738c        0x8 /Applications/STM32CubeIDE.app/Contents/Eclipse/plugins/com.st.stm32cube.ide.mcu.externaltools.gnu-tools-for-stm32.12.3.rel1.macos64_1.0.100.202403111906/tools/bin/../lib/gcc/arm-none-eabi/12.3.1/thumb/v8-m.main+fp/hard/crtn.o
                0x08007394                        _etext = .

.vfp11_veneer   0x08007394        0x0
 .vfp11_veneer  0x08007394        0x0 linker stubs

.v4_bx          0x08007394        0x0
 .v4_bx         0x08007394        0x0 linker stubs

.iplt           0x08007394        0x0
 .iplt          0x08007394        0x0 /Applications/STM32CubeIDE.app/Contents/Eclipse/plugins/com.st.stm32cube.ide.mcu.externaltools.gnu-tools-for-stm32.12.3.rel1.macos64_1.0.100.202403111906/tools/bin/../lib/gcc/arm-none-eabi/12.3.1/thumb/v8-m.main+fp/hard/crtbegin.o

.rodata         0x08007394      0x104
 *(.rodata)
 .rodata        0x08007394        0x3 ./Core/Src/main.o
 *(.rodata*)
 *fill*         0x08007397        0x1 
 .rodata.AHBPrescTable
                0x08007398       0x10 ./Core/Src/system_stm32u5xx.o
                0x08007398                AHBPrescTable
 .rodata.APBPrescTable
                0x080073a8        0x8 ./Core/Src/system_stm32u5xx.o
                0x080073a8                APBPrescTable
 .rodata.MSIRangeTable
                0x080073b0       0x40 ./Core/Src/system_stm32u5xx.o
                0x080073b0                MSIRangeTable
 .rodata.LPGPIO_Map
                0x080073f0       0x80 ./Drivers/STM32U5xx_HAL_Driver/Src/stm32u5xx_hal_gpio.o
 .rodata.UARTPrescTable
                0x08007470       0x18 ./Drivers/STM32U5xx_HAL_Driver/Src/stm32u5xx_hal_uart.o
                0x08007470                UARTPrescTable
 .rodata.numerator.1
                0x08007488        0x8 ./Drivers/STM32U5xx_HAL_Driver/Src/stm32u5xx_hal_uart_ex.o
 .rodata.denominator.0
                0x08007490        0x8 ./Drivers/STM32U5xx_HAL_Driver/Src/stm32u5xx_hal_uart_ex.o

.ARM.extab
 *(.ARM.extab* .gnu.linkonce.armextab.*)

.ARM            0x08007498        0x8
                0x08007498                        __exidx_start = .
 *(.ARM.exidx*)
 .ARM.exidx     0x08007498        0x8 /Applications/STM32CubeIDE.app/Contents/Eclipse/plugins/com.st.stm32cube.ide.mcu.externaltools.gnu-tools-for-stm32.12.3.rel1.macos64_1.0.100.202403111906/tools/bin/../lib/gcc/arm-none-eabi/12.3.1/thumb/v8-m.main+fp/hard/libgcc.a(_udivmoddi4.o)
                0x080074a0                        __exidx_end = .

.rel.dyn        0x080074a0        0x0
 .rel.iplt      0x080074a0        0x0 /Applications/STM32CubeIDE.app/Contents/Eclipse/plugins/com.st.stm32cube.ide.mcu.externaltools.gnu-tools-for-stm32.12.3.rel1.macos64_1.0.100.202403111906/tools/bin/../lib/gcc/arm-none-eabi/12.3.1/thumb/v8-m.main+fp/hard/crtbegin.o

.preinit_array  0x080074a0        0x0
                0x080074a0                        PROVIDE (__preinit_array_start = .)
 *(.preinit_array*)
                0x080074a0                        PROVIDE (__preinit_array_end = .)

.init_array     0x080074a0        0x4
                0x080074a0                        PROVIDE (__init_array_start = .)
 *(SORT_BY_NAME(.init_array.*))
 *(.init_array*)
 .init_array    0x080074a0        0x4 /Applications/STM32CubeIDE.app/Contents/Eclipse/plugins/com.st.stm32cube.ide.mcu.externaltools.gnu-tools-for-stm32.12.3.rel1.macos64_1.0.100.202403111906/tools/bin/../lib/gcc/arm-none-eabi/12.3.1/thumb/v8-m.main+fp/hard/crtbegin.o
                0x080074a4                        PROVIDE (__init_array_end = .)

.fini_array     0x080074a4        0x4
                [!provide]                        PROVIDE (__fini_array_start = .)
 *(SORT_BY_NAME(.fini_array.*))
 *(.fini_array*)
 .fini_array    0x080074a4        0x4 /Applications/STM32CubeIDE.app/Contents/Eclipse/plugins/com.st.stm32cube.ide.mcu.externaltools.gnu-tools-for-stm32.12.3.rel1.macos64_1.0.100.202403111906/tools/bin/../lib/gcc/arm-none-eabi/12.3.1/thumb/v8-m.main+fp/hard/crtbegin.o
                [!provide]                        PROVIDE (__fini_array_end = .)
                0x080074a8                        _sidata = LOADADDR (.data)

.data           0x20000000        0x9 load address 0x080074a8
                0x20000000                        _sdata = .
 *(.data)
 *(.data*)
 .data.SystemCoreClock
                0x20000000        0x4 ./Core/Src/system_stm32u5xx.o
                0x20000000                SystemCoreClock
 .data.uwTickPrio
                0x20000004        0x4 ./Drivers/STM32U5xx_HAL_Driver/Src/stm32u5xx_hal.o
                0x20000004                uwTickPrio
 .data.uwTickFreq
                0x20000008        0x1 ./Drivers/STM32U5xx_HAL_Driver/Src/stm32u5xx_hal.o
                0x20000008                uwTickFreq
 *(.RamFunc)
 *(.RamFunc*)
                0x20000009                        _edata = .

.igot.plt       0x2000000c        0x0 load address 0x080074b1
 .igot.plt      0x2000000c        0x0 /Applications/STM32CubeIDE.app/Contents/Eclipse/plugins/com.st.stm32cube.ide.mcu.externaltools.gnu-tools-for-stm32.12.3.rel1.macos64_1.0.100.202403111906/tools/bin/../lib/gcc/arm-none-eabi/12.3.1/thumb/v8-m.main+fp/hard/crtbegin.o

.bss            0x2000000c      0x144 load address 0x080074b1
                0x2000000c                        _sbss = .
                0x2000000c                        __bss_start__ = _sbss
 *(.bss)
 .bss           0x2000000c       0x1c /Applications/STM32CubeIDE.app/Contents/Eclipse/plugins/com.st.stm32cube.ide.mcu.externaltools.gnu-tools-for-stm32.12.3.rel1.macos64_1.0.100.202403111906/tools/bin/../lib/gcc/arm-none-eabi/12.3.1/thumb/v8-m.main+fp/hard/crtbegin.o
 *(.bss*)
 .bss.hspi1     0x20000028       0x90 ./Core/Src/spi.o
                0x20000028                hspi1
 .bss.huart1    0x200000b8       0x94 ./Core/Src/usart.o
                0x200000b8                huart1
 .bss.uwTick    0x2000014c        0x4 ./Drivers/STM32U5xx_HAL_Driver/Src/stm32u5xx_hal.o
                0x2000014c                uwTick
 *(COMMON)
                0x20000150                        _ebss = .
                0x20000150                        __bss_end__ = _ebss

._user_heap_stack
                0x20000150      0x600 load address 0x080074b1
                0x20000150                        . = ALIGN (0x8)
                [!provide]                        PROVIDE (end = .)
                0x20000150                        PROVIDE (_end = .)
                0x20000350                        . = (. + _Min_Heap_Size)
 *fill*         0x20000150      0x200 
                0x20000750                        . = (. + _Min_Stack_Size)
 *fill*         0x20000350      0x400 
                0x20000750                        . = ALIGN (0x8)

/DISCARD/
 libc.a(*)
 libm.a(*)
 libgcc.a(*)

.ARM.attributes
                0x00000000       0x36
 *(.ARM.attributes)
 .ARM.attributes
                0x00000000       0x26 /Applications/STM32CubeIDE.app/Contents/Eclipse/plugins/com.st.stm32cube.ide.mcu.externaltools.gnu-tools-for-stm32.12.3.rel1.macos64_1.0.100.202403111906/tools/bin/../lib/gcc/arm-none-eabi/12.3.1/thumb/v8-m.main+fp/hard/crti.o
 .ARM.attributes
                0x00000026       0x38 /Applications/STM32CubeIDE.app/Contents/Eclipse/plugins/com.st.stm32cube.ide.mcu.externaltools.gnu-tools-for-stm32.12.3.rel1.macos64_1.0.100.202403111906/tools/bin/../lib/gcc/arm-none-eabi/12.3.1/thumb/v8-m.main+fp/hard/crtbegin.o
 .ARM.attributes
                0x0000005e       0x3a ./Core/Src/gpio.o
 .ARM.attributes
                0x00000098       0x3a ./Core/Src/icache.o
 .ARM.attributes
                0x000000d2       0x3a ./Core/Src/main.o
 .ARM.attributes
                0x0000010c       0x3a ./Core/Src/rfm69.o
 .ARM.attributes
                0x00000146       0x3a ./Core/Src/spi.o
 .ARM.attributes
                0x00000180       0x3a ./Core/Src/stm32u5xx_hal_msp.o
 .ARM.attributes
                0x000001ba       0x3a ./Core/Src/stm32u5xx_it.o
 .ARM.attributes
                0x000001f4       0x3a ./Core/Src/system_stm32u5xx.o
 .ARM.attributes
                0x0000022e       0x3a ./Core/Src/usart.o
 .ARM.attributes
                0x00000268       0x24 ./Core/Startup/startup_stm32u5a5zjtxq.o
 .ARM.attributes
                0x0000028c       0x3a ./Drivers/STM32U5xx_HAL_Driver/Src/stm32u5xx_hal.o
 .ARM.attributes
                0x000002c6       0x3a ./Drivers/STM32U5xx_HAL_Driver/Src/stm32u5xx_hal_cortex.o
 .ARM.attributes
                0x00000300       0x3a ./Drivers/STM32U5xx_HAL_Driver/Src/stm32u5xx_hal_gpio.o
 .ARM.attributes
                0x0000033a       0x3a ./Drivers/STM32U5xx_HAL_Driver/Src/stm32u5xx_hal_icache.o
 .ARM.attributes
                0x00000374       0x3a ./Drivers/STM32U5xx_HAL_Driver/Src/stm32u5xx_hal_pwr_ex.o
 .ARM.attributes
                0x000003ae       0x3a ./Drivers/STM32U5xx_HAL_Driver/Src/stm32u5xx_hal_rcc.o
 .ARM.attributes
                0x000003e8       0x3a ./Drivers/STM32U5xx_HAL_Driver/Src/stm32u5xx_hal_rcc_ex.o
 .ARM.attributes
                0x00000422       0x3a ./Drivers/STM32U5xx_HAL_Driver/Src/stm32u5xx_hal_spi.o
 .ARM.attributes
                0x0000045c       0x3a ./Drivers/STM32U5xx_HAL_Driver/Src/stm32u5xx_hal_spi_ex.o
 .ARM.attributes
                0x00000496       0x3a ./Drivers/STM32U5xx_HAL_Driver/Src/stm32u5xx_hal_uart.o
 .ARM.attributes
                0x000004d0       0x3a ./Drivers/STM32U5xx_HAL_Driver/Src/stm32u5xx_hal_uart_ex.o
 .ARM.attributes
                0x0000050a       0x38 /Applications/STM32CubeIDE.app/Contents/Eclipse/plugins/com.st.stm32cube.ide.mcu.externaltools.gnu-tools-for-stm32.12.3.rel1.macos64_1.0.100.202403111906/tools/bin/../lib/gcc/arm-none-eabi/12.3.1/../../../../arm-none-eabi/lib/thumb/v8-m.main+fp/hard/libc_nano.a(libc_a-memset.o)
 .ARM.attributes
                0x00000542       0x38 /Applications/STM32CubeIDE.app/Contents/Eclipse/plugins/com.st.stm32cube.ide.mcu.externaltools.gnu-tools-for-stm32.12.3.rel1.macos64_1.0.100.202403111906/tools/bin/../lib/gcc/arm-none-eabi/12.3.1/../../../../arm-none-eabi/lib/thumb/v8-m.main+fp/hard/libc_nano.a(libc_a-init.o)
 .ARM.attributes
                0x0000057a       0x26 /Applications/STM32CubeIDE.app/Contents/Eclipse/plugins/com.st.stm32cube.ide.mcu.externaltools.gnu-tools-for-stm32.12.3.rel1.macos64_1.0.100.202403111906/tools/bin/../lib/gcc/arm-none-eabi/12.3.1/thumb/v8-m.main+fp/hard/libgcc.a(_aeabi_uldivmod.o)
 .ARM.attributes
                0x000005a0       0x38 /Applications/STM32CubeIDE.app/Contents/Eclipse/plugins/com.st.stm32cube.ide.mcu.externaltools.gnu-tools-for-stm32.12.3.rel1.macos64_1.0.100.202403111906/tools/bin/../lib/gcc/arm-none-eabi/12.3.1/thumb/v8-m.main+fp/hard/libgcc.a(_udivmoddi4.o)
 .ARM.attributes
                0x000005d8       0x26 /Applications/STM32CubeIDE.app/Contents/Eclipse/plugins/com.st.stm32cube.ide.mcu.externaltools.gnu-tools-for-stm32.12.3.rel1.macos64_1.0.100.202403111906/tools/bin/../lib/gcc/arm-none-eabi/12.3.1/thumb/v8-m.main+fp/hard/libgcc.a(_dvmd_tls.o)
 .ARM.attributes
                0x000005fe       0x26 /Applications/STM32CubeIDE.app/Contents/Eclipse/plugins/com.st.stm32cube.ide.mcu.externaltools.gnu-tools-for-stm32.12.3.rel1.macos64_1.0.100.202403111906/tools/bin/../lib/gcc/arm-none-eabi/12.3.1/thumb/v8-m.main+fp/hard/crtn.o
OUTPUT(STM32_SPI.elf elf32-littlearm)
LOAD linker stubs
LOAD /Applications/STM32CubeIDE.app/Contents/Eclipse/plugins/com.st.stm32cube.ide.mcu.externaltools.gnu-tools-for-stm32.12.3.rel1.macos64_1.0.100.202403111906/tools/bin/../lib/gcc/arm-none-eabi/12.3.1/../../../../arm-none-eabi/lib/thumb/v8-m.main+fp/hard/libc.a
LOAD /Applications/STM32CubeIDE.app/Contents/Eclipse/plugins/com.st.stm32cube.ide.mcu.externaltools.gnu-tools-for-stm32.12.3.rel1.macos64_1.0.100.202403111906/tools/bin/../lib/gcc/arm-none-eabi/12.3.1/../../../../arm-none-eabi/lib/thumb/v8-m.main+fp/hard/libm.a
LOAD /Applications/STM32CubeIDE.app/Contents/Eclipse/plugins/com.st.stm32cube.ide.mcu.externaltools.gnu-tools-for-stm32.12.3.rel1.macos64_1.0.100.202403111906/tools/bin/../lib/gcc/arm-none-eabi/12.3.1/thumb/v8-m.main+fp/hard/libgcc.a

.debug_info     0x00000000    0x1316b
 .debug_info    0x00000000      0x62c ./Core/Src/gpio.o
 .debug_info    0x0000062c      0x114 ./Core/Src/icache.o
 .debug_info    0x00000740      0x545 ./Core/Src/main.o
 .debug_info    0x00000c85      0xb61 ./Core/Src/rfm69.o
 .debug_info    0x000017e6     0x129e ./Core/Src/spi.o
 .debug_info    0x00002a84      0x40c ./Core/Src/stm32u5xx_hal_msp.o
 .debug_info    0x00002e90      0x128 ./Core/Src/stm32u5xx_it.o
 .debug_info    0x00002fb8      0x8e0 ./Core/Src/system_stm32u5xx.o
 .debug_info    0x00003898     0x1250 ./Core/Src/usart.o
 .debug_info    0x00004ae8       0x30 ./Core/Startup/startup_stm32u5a5zjtxq.o
 .debug_info    0x00004b18     0x13d4 ./Drivers/STM32U5xx_HAL_Driver/Src/stm32u5xx_hal.o
 .debug_info    0x00005eec     0x15a6 ./Drivers/STM32U5xx_HAL_Driver/Src/stm32u5xx_hal_cortex.o
 .debug_info    0x00007492      0x859 ./Drivers/STM32U5xx_HAL_Driver/Src/stm32u5xx_hal_gpio.o
 .debug_info    0x00007ceb      0x53a ./Drivers/STM32U5xx_HAL_Driver/Src/stm32u5xx_hal_icache.o
 .debug_info    0x00008225      0xec5 ./Drivers/STM32U5xx_HAL_Driver/Src/stm32u5xx_hal_pwr_ex.o
 .debug_info    0x000090ea     0x12b0 ./Drivers/STM32U5xx_HAL_Driver/Src/stm32u5xx_hal_rcc.o
 .debug_info    0x0000a39a     0x1610 ./Drivers/STM32U5xx_HAL_Driver/Src/stm32u5xx_hal_rcc_ex.o
 .debug_info    0x0000b9aa     0x15cc ./Drivers/STM32U5xx_HAL_Driver/Src/stm32u5xx_hal_spi.o
 .debug_info    0x0000cf76      0xa97 ./Drivers/STM32U5xx_HAL_Driver/Src/stm32u5xx_hal_spi_ex.o
 .debug_info    0x0000da0d     0x456e ./Drivers/STM32U5xx_HAL_Driver/Src/stm32u5xx_hal_uart.o
 .debug_info    0x00011f7b     0x11f0 ./Drivers/STM32U5xx_HAL_Driver/Src/stm32u5xx_hal_uart_ex.o

.debug_abbrev   0x00000000     0x28d7
 .debug_abbrev  0x00000000      0x179 ./Core/Src/gpio.o
 .debug_abbrev  0x00000179       0xb6 ./Core/Src/icache.o
 .debug_abbrev  0x0000022f      0x222 ./Core/Src/main.o
 .debug_abbrev  0x00000451      0x1cf ./Core/Src/rfm69.o
 .debug_abbrev  0x00000620      0x230 ./Core/Src/spi.o
 .debug_abbrev  0x00000850       0xde ./Core/Src/stm32u5xx_hal_msp.o
 .debug_abbrev  0x0000092e       0x73 ./Core/Src/stm32u5xx_it.o
 .debug_abbrev  0x000009a1      0x129 ./Core/Src/system_stm32u5xx.o
 .debug_abbrev  0x00000aca      0x218 ./Core/Src/usart.o
 .debug_abbrev  0x00000ce2       0x24 ./Core/Startup/startup_stm32u5a5zjtxq.o
 .debug_abbrev  0x00000d06      0x291 ./Drivers/STM32U5xx_HAL_Driver/Src/stm32u5xx_hal.o
 .debug_abbrev  0x00000f97      0x30d ./Drivers/STM32U5xx_HAL_Driver/Src/stm32u5xx_hal_cortex.o
 .debug_abbrev  0x000012a4      0x25a ./Drivers/STM32U5xx_HAL_Driver/Src/stm32u5xx_hal_gpio.o
 .debug_abbrev  0x000014fe      0x23b ./Drivers/STM32U5xx_HAL_Driver/Src/stm32u5xx_hal_icache.o
 .debug_abbrev  0x00001739      0x243 ./Drivers/STM32U5xx_HAL_Driver/Src/stm32u5xx_hal_pwr_ex.o
 .debug_abbrev  0x0000197c      0x2cb ./Drivers/STM32U5xx_HAL_Driver/Src/stm32u5xx_hal_rcc.o
 .debug_abbrev  0x00001c47      0x23d ./Drivers/STM32U5xx_HAL_Driver/Src/stm32u5xx_hal_rcc_ex.o
 .debug_abbrev  0x00001e84      0x2b3 ./Drivers/STM32U5xx_HAL_Driver/Src/stm32u5xx_hal_spi.o
 .debug_abbrev  0x00002137      0x1c7 ./Drivers/STM32U5xx_HAL_Driver/Src/stm32u5xx_hal_spi_ex.o
 .debug_abbrev  0x000022fe      0x305 ./Drivers/STM32U5xx_HAL_Driver/Src/stm32u5xx_hal_uart.o
 .debug_abbrev  0x00002603      0x2d4 ./Drivers/STM32U5xx_HAL_Driver/Src/stm32u5xx_hal_uart_ex.o

.debug_aranges  0x00000000      0xee0
 .debug_aranges
                0x00000000       0x20 ./Core/Src/gpio.o
 .debug_aranges
                0x00000020       0x20 ./Core/Src/icache.o
 .debug_aranges
                0x00000040       0x38 ./Core/Src/main.o
 .debug_aranges
                0x00000078       0x38 ./Core/Src/rfm69.o
 .debug_aranges
                0x000000b0       0x30 ./Core/Src/spi.o
 .debug_aranges
                0x000000e0       0x20 ./Core/Src/stm32u5xx_hal_msp.o
 .debug_aranges
                0x00000100       0x60 ./Core/Src/stm32u5xx_it.o
 .debug_aranges
                0x00000160       0x28 ./Core/Src/system_stm32u5xx.o
 .debug_aranges
                0x00000188       0x30 ./Core/Src/usart.o
 .debug_aranges
                0x000001b8       0x28 ./Core/Startup/startup_stm32u5a5zjtxq.o
 .debug_aranges
                0x000001e0      0x188 ./Drivers/STM32U5xx_HAL_Driver/Src/stm32u5xx_hal.o
 .debug_aranges
                0x00000368      0x130 ./Drivers/STM32U5xx_HAL_Driver/Src/stm32u5xx_hal_cortex.o
 .debug_aranges
                0x00000498       0x78 ./Drivers/STM32U5xx_HAL_Driver/Src/stm32u5xx_hal_gpio.o
 .debug_aranges
                0x00000510       0xa8 ./Drivers/STM32U5xx_HAL_Driver/Src/stm32u5xx_hal_icache.o
 .debug_aranges
                0x000005b8      0x230 ./Drivers/STM32U5xx_HAL_Driver/Src/stm32u5xx_hal_pwr_ex.o
 .debug_aranges
                0x000007e8       0xa8 ./Drivers/STM32U5xx_HAL_Driver/Src/stm32u5xx_hal_rcc.o
 .debug_aranges
                0x00000890      0x160 ./Drivers/STM32U5xx_HAL_Driver/Src/stm32u5xx_hal_rcc_ex.o
 .debug_aranges
                0x000009f0      0x1a8 ./Drivers/STM32U5xx_HAL_Driver/Src/stm32u5xx_hal_spi.o
 .debug_aranges
                0x00000b98       0x48 ./Drivers/STM32U5xx_HAL_Driver/Src/stm32u5xx_hal_spi_ex.o
 .debug_aranges
                0x00000be0      0x248 ./Drivers/STM32U5xx_HAL_Driver/Src/stm32u5xx_hal_uart.o
 .debug_aranges
                0x00000e28       0xb8 ./Drivers/STM32U5xx_HAL_Driver/Src/stm32u5xx_hal_uart_ex.o

.debug_rnglists
                0x00000000      0xb56
 .debug_rnglists
                0x00000000       0x14 ./Core/Src/gpio.o
 .debug_rnglists
                0x00000014       0x13 ./Core/Src/icache.o
 .debug_rnglists
                0x00000027       0x26 ./Core/Src/main.o
 .debug_rnglists
                0x0000004d       0x27 ./Core/Src/rfm69.o
 .debug_rnglists
                0x00000074       0x21 ./Core/Src/spi.o
 .debug_rnglists
                0x00000095       0x13 ./Core/Src/stm32u5xx_hal_msp.o
 .debug_rnglists
                0x000000a8       0x43 ./Core/Src/stm32u5xx_it.o
 .debug_rnglists
                0x000000eb       0x1a ./Core/Src/system_stm32u5xx.o
 .debug_rnglists
                0x00000105       0x21 ./Core/Src/usart.o
 .debug_rnglists
                0x00000126       0x19 ./Core/Startup/startup_stm32u5a5zjtxq.o
 .debug_rnglists
                0x0000013f      0x122 ./Drivers/STM32U5xx_HAL_Driver/Src/stm32u5xx_hal.o
 .debug_rnglists
                0x00000261       0xe0 ./Drivers/STM32U5xx_HAL_Driver/Src/stm32u5xx_hal_cortex.o
 .debug_rnglists
                0x00000341       0x5a ./Drivers/STM32U5xx_HAL_Driver/Src/stm32u5xx_hal_gpio.o
 .debug_rnglists
                0x0000039b       0x7a ./Drivers/STM32U5xx_HAL_Driver/Src/stm32u5xx_hal_icache.o
 .debug_rnglists
                0x00000415      0x1aa ./Drivers/STM32U5xx_HAL_Driver/Src/stm32u5xx_hal_pwr_ex.o
 .debug_rnglists
                0x000005bf       0x7f ./Drivers/STM32U5xx_HAL_Driver/Src/stm32u5xx_hal_rcc.o
 .debug_rnglists
                0x0000063e      0x113 ./Drivers/STM32U5xx_HAL_Driver/Src/stm32u5xx_hal_rcc_ex.o
 .debug_rnglists
                0x00000751      0x148 ./Drivers/STM32U5xx_HAL_Driver/Src/stm32u5xx_hal_spi.o
 .debug_rnglists
                0x00000899       0x35 ./Drivers/STM32U5xx_HAL_Driver/Src/stm32u5xx_hal_spi_ex.o
 .debug_rnglists
                0x000008ce      0x1fc ./Drivers/STM32U5xx_HAL_Driver/Src/stm32u5xx_hal_uart.o
 .debug_rnglists
                0x00000aca       0x8c ./Drivers/STM32U5xx_HAL_Driver/Src/stm32u5xx_hal_uart_ex.o

.debug_macro    0x00000000    0x373fc
 .debug_macro   0x00000000      0x295 ./Core/Src/gpio.o
 .debug_macro   0x00000295      0xaba ./Core/Src/gpio.o
 .debug_macro   0x00000d4f      0x1ec ./Core/Src/gpio.o
 .debug_macro   0x00000f3b       0x2e ./Core/Src/gpio.o
 .debug_macro   0x00000f69       0x42 ./Core/Src/gpio.o
 .debug_macro   0x00000fab       0x22 ./Core/Src/gpio.o
 .debug_macro   0x00000fcd       0x8e ./Core/Src/gpio.o
 .debug_macro   0x0000105b       0x51 ./Core/Src/gpio.o
 .debug_macro   0x000010ac      0x103 ./Core/Src/gpio.o
 .debug_macro   0x000011af       0x6a ./Core/Src/gpio.o
 .debug_macro   0x00001219      0x1df ./Core/Src/gpio.o
 .debug_macro   0x000013f8       0x1c ./Core/Src/gpio.o
 .debug_macro   0x00001414       0x29 ./Core/Src/gpio.o
 .debug_macro   0x0000143d       0xfb ./Core/Src/gpio.o
 .debug_macro   0x00001538     0x1336 ./Core/Src/gpio.o
 .debug_macro   0x0000286e       0x5e ./Core/Src/gpio.o
 .debug_macro   0x000028cc    0x25cd2 ./Core/Src/gpio.o
 .debug_macro   0x0002859e       0x6d ./Core/Src/gpio.o
 .debug_macro   0x0002860b     0x3882 ./Core/Src/gpio.o
 .debug_macro   0x0002be8d      0x189 ./Core/Src/gpio.o
 .debug_macro   0x0002c016       0x61 ./Core/Src/gpio.o
 .debug_macro   0x0002c077       0x2a ./Core/Src/gpio.o
 .debug_macro   0x0002c0a1       0x43 ./Core/Src/gpio.o
 .debug_macro   0x0002c0e4       0x34 ./Core/Src/gpio.o
 .debug_macro   0x0002c118       0x16 ./Core/Src/gpio.o
 .debug_macro   0x0002c12e       0x43 ./Core/Src/gpio.o
 .debug_macro   0x0002c171       0x34 ./Core/Src/gpio.o
 .debug_macro   0x0002c1a5       0x10 ./Core/Src/gpio.o
 .debug_macro   0x0002c1b5       0x58 ./Core/Src/gpio.o
 .debug_macro   0x0002c20d       0x8e ./Core/Src/gpio.o
 .debug_macro   0x0002c29b       0x1c ./Core/Src/gpio.o
 .debug_macro   0x0002c2b7      0x177 ./Core/Src/gpio.o
 .debug_macro   0x0002c42e      0x369 ./Core/Src/gpio.o
 .debug_macro   0x0002c797      0x19b ./Core/Src/gpio.o
 .debug_macro   0x0002c932       0x5d ./Core/Src/gpio.o
 .debug_macro   0x0002c98f     0x1d23 ./Core/Src/gpio.o
 .debug_macro   0x0002e6b2      0x8f4 ./Core/Src/gpio.o
 .debug_macro   0x0002efa6      0x15f ./Core/Src/gpio.o
 .debug_macro   0x0002f105      0x2ca ./Core/Src/gpio.o
 .debug_macro   0x0002f3cf       0xc8 ./Core/Src/gpio.o
 .debug_macro   0x0002f497      0x5eb ./Core/Src/gpio.o
 .debug_macro   0x0002fa82      0x45c ./Core/Src/gpio.o
 .debug_macro   0x0002fede       0xd6 ./Core/Src/gpio.o
 .debug_macro   0x0002ffb4      0x1cd ./Core/Src/gpio.o
 .debug_macro   0x00030181      0x432 ./Core/Src/gpio.o
 .debug_macro   0x000305b3       0x95 ./Core/Src/gpio.o
 .debug_macro   0x00030648      0x11c ./Core/Src/gpio.o
 .debug_macro   0x00030764      0x51e ./Core/Src/gpio.o
 .debug_macro   0x00030c82      0x5d5 ./Core/Src/gpio.o
 .debug_macro   0x00031257      0x5cf ./Core/Src/gpio.o
 .debug_macro   0x00031826       0xee ./Core/Src/gpio.o
 .debug_macro   0x00031914       0xd6 ./Core/Src/gpio.o
 .debug_macro   0x000319ea      0x677 ./Core/Src/gpio.o
 .debug_macro   0x00032061      0x1a1 ./Core/Src/gpio.o
 .debug_macro   0x00032202      0x1d3 ./Core/Src/gpio.o
 .debug_macro   0x000323d5      0x425 ./Core/Src/gpio.o
 .debug_macro   0x000327fa       0x40 ./Core/Src/gpio.o
 .debug_macro   0x0003283a      0x295 ./Core/Src/icache.o
 .debug_macro   0x00032acf      0x2ea ./Core/Src/main.o
 .debug_macro   0x00032db9     0x17d6 ./Core/Src/main.o
 .debug_macro   0x0003458f      0x2ac ./Core/Src/rfm69.o
 .debug_macro   0x0003483b       0x46 ./Core/Src/rfm69.o
 .debug_macro   0x00034881      0x295 ./Core/Src/spi.o
 .debug_macro   0x00034b16      0x28b ./Core/Src/stm32u5xx_hal_msp.o
 .debug_macro   0x00034da1      0x295 ./Core/Src/stm32u5xx_it.o
 .debug_macro   0x00035036      0x283 ./Core/Src/system_stm32u5xx.o
 .debug_macro   0x000352b9      0x295 ./Core/Src/usart.o
 .debug_macro   0x0003554e      0x2a0 ./Drivers/STM32U5xx_HAL_Driver/Src/stm32u5xx_hal.o
 .debug_macro   0x000357ee      0x27c ./Drivers/STM32U5xx_HAL_Driver/Src/stm32u5xx_hal_cortex.o
 .debug_macro   0x00035a6a      0x2b1 ./Drivers/STM32U5xx_HAL_Driver/Src/stm32u5xx_hal_gpio.o
 .debug_macro   0x00035d1b      0x2ac ./Drivers/STM32U5xx_HAL_Driver/Src/stm32u5xx_hal_icache.o
 .debug_macro   0x00035fc7      0x2ae ./Drivers/STM32U5xx_HAL_Driver/Src/stm32u5xx_hal_pwr_ex.o
 .debug_macro   0x00036275      0x382 ./Drivers/STM32U5xx_HAL_Driver/Src/stm32u5xx_hal_rcc.o
 .debug_macro   0x000365f7      0x3cf ./Drivers/STM32U5xx_HAL_Driver/Src/stm32u5xx_hal_rcc_ex.o
 .debug_macro   0x000369c6      0x28b ./Drivers/STM32U5xx_HAL_Driver/Src/stm32u5xx_hal_spi.o
 .debug_macro   0x00036c51      0x27c ./Drivers/STM32U5xx_HAL_Driver/Src/stm32u5xx_hal_spi_ex.o
 .debug_macro   0x00036ecd      0x2a7 ./Drivers/STM32U5xx_HAL_Driver/Src/stm32u5xx_hal_uart.o
 .debug_macro   0x00037174      0x288 ./Drivers/STM32U5xx_HAL_Driver/Src/stm32u5xx_hal_uart_ex.o

.debug_line     0x00000000    0x14af9
 .debug_line    0x00000000      0x881 ./Core/Src/gpio.o
 .debug_line    0x00000881      0x848 ./Core/Src/icache.o
 .debug_line    0x000010c9      0x949 ./Core/Src/main.o
 .debug_line    0x00001a12      0x8ef ./Core/Src/rfm69.o
 .debug_line    0x00002301      0x8ef ./Core/Src/spi.o
 .debug_line    0x00002bf0      0x836 ./Core/Src/stm32u5xx_hal_msp.o
 .debug_line    0x00003426      0x8fa ./Core/Src/stm32u5xx_it.o
 .debug_line    0x00003d20      0x939 ./Core/Src/system_stm32u5xx.o
 .debug_line    0x00004659      0x8d6 ./Core/Src/usart.o
 .debug_line    0x00004f2f       0x79 ./Core/Startup/startup_stm32u5a5zjtxq.o
 .debug_line    0x00004fa8      0xd38 ./Drivers/STM32U5xx_HAL_Driver/Src/stm32u5xx_hal.o
 .debug_line    0x00005ce0      0xe37 ./Drivers/STM32U5xx_HAL_Driver/Src/stm32u5xx_hal_cortex.o
 .debug_line    0x00006b17      0xdc7 ./Drivers/STM32U5xx_HAL_Driver/Src/stm32u5xx_hal_gpio.o
 .debug_line    0x000078de      0xb25 ./Drivers/STM32U5xx_HAL_Driver/Src/stm32u5xx_hal_icache.o
 .debug_line    0x00008403     0x12ce ./Drivers/STM32U5xx_HAL_Driver/Src/stm32u5xx_hal_pwr_ex.o
 .debug_line    0x000096d1     0x1581 ./Drivers/STM32U5xx_HAL_Driver/Src/stm32u5xx_hal_rcc.o
 .debug_line    0x0000ac52     0x2540 ./Drivers/STM32U5xx_HAL_Driver/Src/stm32u5xx_hal_rcc_ex.o
 .debug_line    0x0000d192     0x22a8 ./Drivers/STM32U5xx_HAL_Driver/Src/stm32u5xx_hal_spi.o
 .debug_line    0x0000f43a      0xa5a ./Drivers/STM32U5xx_HAL_Driver/Src/stm32u5xx_hal_spi_ex.o
 .debug_line    0x0000fe94     0x3cb1 ./Drivers/STM32U5xx_HAL_Driver/Src/stm32u5xx_hal_uart.o
 .debug_line    0x00013b45      0xfb4 ./Drivers/STM32U5xx_HAL_Driver/Src/stm32u5xx_hal_uart_ex.o

.debug_str      0x00000000   0x151d4f
 .debug_str     0x00000000   0x143b85 ./Core/Src/gpio.o
                             0x144691 (size before relaxing)
 .debug_str     0x00143b85       0xad ./Core/Src/icache.o
                             0x144405 (size before relaxing)
 .debug_str     0x00143c32     0x59bb ./Core/Src/main.o
                             0x149e75 (size before relaxing)
 .debug_str     0x001495ed      0x67e ./Core/Src/rfm69.o
                             0x14a221 (size before relaxing)
 .debug_str     0x00149c6b      0x495 ./Core/Src/spi.o
                             0x1451b0 (size before relaxing)
 .debug_str     0x0014a100       0x2c ./Core/Src/stm32u5xx_hal_msp.o
                             0x1445c0 (size before relaxing)
 .debug_str     0x0014a12c       0xc9 ./Core/Src/stm32u5xx_it.o
                             0x14440d (size before relaxing)
 .debug_str     0x0014a1f5      0x1b8 ./Core/Src/system_stm32u5xx.o
                             0x144663 (size before relaxing)
 .debug_str     0x0014a3ad      0x28a ./Core/Src/usart.o
                             0x14511d (size before relaxing)
 .debug_str     0x0014a637       0x45 ./Core/Startup/startup_stm32u5a5zjtxq.o
                                 0x86 (size before relaxing)
 .debug_str     0x0014a67c     0x10e1 ./Drivers/STM32U5xx_HAL_Driver/Src/stm32u5xx_hal.o
                             0x145741 (size before relaxing)
 .debug_str     0x0014b75d      0x3c9 ./Drivers/STM32U5xx_HAL_Driver/Src/stm32u5xx_hal_cortex.o
                             0x1452c7 (size before relaxing)
 .debug_str     0x0014bb26      0x2eb ./Drivers/STM32U5xx_HAL_Driver/Src/stm32u5xx_hal_gpio.o
                             0x144699 (size before relaxing)
 .debug_str     0x0014be11      0x685 ./Drivers/STM32U5xx_HAL_Driver/Src/stm32u5xx_hal_icache.o
                             0x1449b7 (size before relaxing)
 .debug_str     0x0014c496      0x90b ./Drivers/STM32U5xx_HAL_Driver/Src/stm32u5xx_hal_pwr_ex.o
                             0x144e9d (size before relaxing)
 .debug_str     0x0014cda1     0x1301 ./Drivers/STM32U5xx_HAL_Driver/Src/stm32u5xx_hal_rcc.o
                             0x145e0d (size before relaxing)
 .debug_str     0x0014e0a2     0x2a17 ./Drivers/STM32U5xx_HAL_Driver/Src/stm32u5xx_hal_rcc_ex.o
                             0x1474fa (size before relaxing)
 .debug_str     0x00150ab9      0x56c ./Drivers/STM32U5xx_HAL_Driver/Src/stm32u5xx_hal_spi.o
                             0x144f48 (size before relaxing)
 .debug_str     0x00151025       0xee ./Drivers/STM32U5xx_HAL_Driver/Src/stm32u5xx_hal_spi_ex.o
                             0x144ad8 (size before relaxing)
 .debug_str     0x00151113      0x929 ./Drivers/STM32U5xx_HAL_Driver/Src/stm32u5xx_hal_uart.o
                             0x14533b (size before relaxing)
 .debug_str     0x00151a3c      0x313 ./Drivers/STM32U5xx_HAL_Driver/Src/stm32u5xx_hal_uart_ex.o
                             0x144ded (size before relaxing)

.comment        0x00000000       0x43
 .comment       0x00000000       0x43 ./Core/Src/gpio.o
                                 0x44 (size before relaxing)
 .comment       0x00000043       0x44 ./Core/Src/icache.o
 .comment       0x00000043       0x44 ./Core/Src/main.o
 .comment       0x00000043       0x44 ./Core/Src/rfm69.o
 .comment       0x00000043       0x44 ./Core/Src/spi.o
 .comment       0x00000043       0x44 ./Core/Src/stm32u5xx_hal_msp.o
 .comment       0x00000043       0x44 ./Core/Src/stm32u5xx_it.o
 .comment       0x00000043       0x44 ./Core/Src/system_stm32u5xx.o
 .comment       0x00000043       0x44 ./Core/Src/usart.o
 .comment       0x00000043       0x44 ./Drivers/STM32U5xx_HAL_Driver/Src/stm32u5xx_hal.o
 .comment       0x00000043       0x44 ./Drivers/STM32U5xx_HAL_Driver/Src/stm32u5xx_hal_cortex.o
 .comment       0x00000043       0x44 ./Drivers/STM32U5xx_HAL_Driver/Src/stm32u5xx_hal_gpio.o
 .comment       0x00000043       0x44 ./Drivers/STM32U5xx_HAL_Driver/Src/stm32u5xx_hal_icache.o
 .comment       0x00000043       0x44 ./Drivers/STM32U5xx_HAL_Driver/Src/stm32u5xx_hal_pwr_ex.o
 .comment       0x00000043       0x44 ./Drivers/STM32U5xx_HAL_Driver/Src/stm32u5xx_hal_rcc.o
 .comment       0x00000043       0x44 ./Drivers/STM32U5xx_HAL_Driver/Src/stm32u5xx_hal_rcc_ex.o
 .comment       0x00000043       0x44 ./Drivers/STM32U5xx_HAL_Driver/Src/stm32u5xx_hal_spi.o
 .comment       0x00000043       0x44 ./Drivers/STM32U5xx_HAL_Driver/Src/stm32u5xx_hal_spi_ex.o
 .comment       0x00000043       0x44 ./Drivers/STM32U5xx_HAL_Driver/Src/stm32u5xx_hal_uart.o
 .comment       0x00000043       0x44 ./Drivers/STM32U5xx_HAL_Driver/Src/stm32u5xx_hal_uart_ex.o

.debug_frame    0x00000000     0x3c5c
 .debug_frame   0x00000000       0x34 ./Core/Src/gpio.o
 .debug_frame   0x00000034       0x2c ./Core/Src/icache.o
 .debug_frame   0x00000060       0x8c ./Core/Src/main.o
 .debug_frame   0x000000ec       0xa0 ./Core/Src/rfm69.o
 .debug_frame   0x0000018c       0x80 ./Core/Src/spi.o
 .debug_frame   0x0000020c       0x38 ./Core/Src/stm32u5xx_hal_msp.o
 .debug_frame   0x00000244      0x104 ./Core/Src/stm32u5xx_it.o
 .debug_frame   0x00000348       0x58 ./Core/Src/system_stm32u5xx.o
 .debug_frame   0x000003a0       0x78 ./Core/Src/usart.o
 .debug_frame   0x00000418      0x630 ./Drivers/STM32U5xx_HAL_Driver/Src/stm32u5xx_hal.o
 .debug_frame   0x00000a48      0x508 ./Drivers/STM32U5xx_HAL_Driver/Src/stm32u5xx_hal_cortex.o
 .debug_frame   0x00000f50      0x1ec ./Drivers/STM32U5xx_HAL_Driver/Src/stm32u5xx_hal_gpio.o
 .debug_frame   0x0000113c      0x29c ./Drivers/STM32U5xx_HAL_Driver/Src/stm32u5xx_hal_icache.o
 .debug_frame   0x000013d8      0x910 ./Drivers/STM32U5xx_HAL_Driver/Src/stm32u5xx_hal_pwr_ex.o
 .debug_frame   0x00001ce8      0x28c ./Drivers/STM32U5xx_HAL_Driver/Src/stm32u5xx_hal_rcc.o
 .debug_frame   0x00001f74      0x5f0 ./Drivers/STM32U5xx_HAL_Driver/Src/stm32u5xx_hal_rcc_ex.o
 .debug_frame   0x00002564      0x7ac ./Drivers/STM32U5xx_HAL_Driver/Src/stm32u5xx_hal_spi.o
 .debug_frame   0x00002d10      0x100 ./Drivers/STM32U5xx_HAL_Driver/Src/stm32u5xx_hal_spi_ex.o
 .debug_frame   0x00002e10      0xa8c ./Drivers/STM32U5xx_HAL_Driver/Src/stm32u5xx_hal_uart.o
 .debug_frame   0x0000389c      0x310 ./Drivers/STM32U5xx_HAL_Driver/Src/stm32u5xx_hal_uart_ex.o
 .debug_frame   0x00003bac       0x20 /Applications/STM32CubeIDE.app/Contents/Eclipse/plugins/com.st.stm32cube.ide.mcu.externaltools.gnu-tools-for-stm32.12.3.rel1.macos64_1.0.100.202403111906/tools/bin/../lib/gcc/arm-none-eabi/12.3.1/../../../../arm-none-eabi/lib/thumb/v8-m.main+fp/hard/libc_nano.a(libc_a-memset.o)
 .debug_frame   0x00003bcc       0x2c /Applications/STM32CubeIDE.app/Contents/Eclipse/plugins/com.st.stm32cube.ide.mcu.externaltools.gnu-tools-for-stm32.12.3.rel1.macos64_1.0.100.202403111906/tools/bin/../lib/gcc/arm-none-eabi/12.3.1/../../../../arm-none-eabi/lib/thumb/v8-m.main+fp/hard/libc_nano.a(libc_a-init.o)
 .debug_frame   0x00003bf8       0x2c /Applications/STM32CubeIDE.app/Contents/Eclipse/plugins/com.st.stm32cube.ide.mcu.externaltools.gnu-tools-for-stm32.12.3.rel1.macos64_1.0.100.202403111906/tools/bin/../lib/gcc/arm-none-eabi/12.3.1/thumb/v8-m.main+fp/hard/libgcc.a(_aeabi_uldivmod.o)
 .debug_frame   0x00003c24       0x38 /Applications/STM32CubeIDE.app/Contents/Eclipse/plugins/com.st.stm32cube.ide.mcu.externaltools.gnu-tools-for-stm32.12.3.rel1.macos64_1.0.100.202403111906/tools/bin/../lib/gcc/arm-none-eabi/12.3.1/thumb/v8-m.main+fp/hard/libgcc.a(_udivmoddi4.o)

.debug_line_str
                0x00000000       0x6a
 .debug_line_str
                0x00000000       0x6a ./Core/Startup/startup_stm32u5a5zjtxq.o
