20:25:59 **** Incremental Build of configuration Debug for project STM32_SPI_PoC ****
make -j8 all 
arm-none-eabi-gcc "../Core/Src/lcd.c" -mcpu=cortex-m33 -std=gnu11 -g3 -DDEBUG -DUSE_HAL_DRIVER -DSTM32U5A5xx -c -I../Core/Inc -I../Drivers/STM32U5xx_HAL_Driver/Inc -I../Drivers/STM32U5xx_HAL_Driver/Inc/Legacy -I../Drivers/CMSIS/Device/ST/STM32U5xx/Include -I../Drivers/CMSIS/Include -I../Drivers/BSP/STM32U5xx_Nucleo -O0 -ffunction-sections -fdata-sections -Wall -fstack-usage -fcyclomatic-complexity -MMD -MP -MF"Core/Src/lcd.d" -MT"Core/Src/lcd.o" --specs=nano.specs -mfpu=fpv5-sp-d16 -mfloat-abi=hard -mthumb -o "Core/Src/lcd.o"
arm-none-eabi-gcc -o "STM32_SPI_PoC.elf" @"objects.list"   -mcpu=cortex-m33 -T"C:\Users\Jan.WEISS\CUSTOMERS\BIANCO_SOLUTIONS\bs\biancoSfera\02_SW\001_poc\001_STM32_SPI_PoC\STM32_SPI_PoC\STM32U5A5ZJTXQ_FLASH.ld" --specs=nosys.specs -Wl,-Map="STM32_SPI_PoC.map" -Wl,--gc-sections -static --specs=nano.specs -mfpu=fpv5-sp-d16 -mfloat-abi=hard -mthumb -Wl,--start-group -lc -lm -Wl,--end-group
Finished building target: STM32_SPI_PoC.elf
 
arm-none-eabi-size   STM32_SPI_PoC.elf 
arm-none-eabi-objdump -h -S  STM32_SPI_PoC.elf  > "STM32_SPI_PoC.list"
   text	   data	    bss	    dec	    hex	filename
  16520	     17	   1860	  18397	   47dd	STM32_SPI_PoC.elf
Finished building: default.size.stdout
 
Finished building: STM32_SPI_PoC.list
 
20:26:05 **** Incremental Build of configuration Debug for project STM32_SPI_PoC ****
make -j8 all 
arm-none-eabi-size   STM32_SPI_PoC.elf 
   text	   data	    bss	    dec	    hex	filename
  16520	     17	   1860	  18397	   47dd	STM32_SPI_PoC.elf
Finished building: default.size.stdout
 
20:29:32 **** Incremental Build of configuration Debug for project STM32_SPI_PoC ****
make -j8 all 
arm-none-eabi-gcc "../Core/Src/main.c" -mcpu=cortex-m33 -std=gnu11 -g3 -DDEBUG -DUSE_HAL_DRIVER -DSTM32U5A5xx -c -I../Core/Inc -I../Drivers/STM32U5xx_HAL_Driver/Inc -I../Drivers/STM32U5xx_HAL_Driver/Inc/Legacy -I../Drivers/CMSIS/Device/ST/STM32U5xx/Include -I../Drivers/CMSIS/Include -I../Drivers/BSP/STM32U5xx_Nucleo -O0 -ffunction-sections -fdata-sections -Wall -fstack-usage -fcyclomatic-complexity -MMD -MP -MF"Core/Src/main.d" -MT"Core/Src/main.o" --specs=nano.specs -mfpu=fpv5-sp-d16 -mfloat-abi=hard -mthumb -o "Core/Src/main.o"
arm-none-eabi-gcc -o "STM32_SPI_PoC.elf" @"objects.list"   -mcpu=cortex-m33 -T"C:\Users\Jan.WEISS\CUSTOMERS\BIANCO_SOLUTIONS\bs\biancoSfera\02_SW\001_poc\001_STM32_SPI_PoC\STM32_SPI_PoC\STM32U5A5ZJTXQ_FLASH.ld" --specs=nosys.specs -Wl,-Map="STM32_SPI_PoC.map" -Wl,--gc-sections -static --specs=nano.specs -mfpu=fpv5-sp-d16 -mfloat-abi=hard -mthumb -Wl,--start-group -lc -lm -Wl,--end-group
Finished building target: STM32_SPI_PoC.elf
 
arm-none-eabi-size   STM32_SPI_PoC.elf 
arm-none-eabi-objdump -h -S  STM32_SPI_PoC.elf  > "STM32_SPI_PoC.list"
   text	   data	    bss	    dec	    hex	filename
  16520	     17	   1716	  18253	   474d	STM32_SPI_PoC.elf
Finished building: default.size.stdout
 
Finished building: STM32_SPI_PoC.list
 
20:30:35 **** Incremental Build of configuration Debug for project STM32_SPI_PoC ****
make -j8 all 
arm-none-eabi-gcc "../Core/Src/main.c" -mcpu=cortex-m33 -std=gnu11 -g3 -DDEBUG -DUSE_HAL_DRIVER -DSTM32U5A5xx -c -I../Core/Inc -I../Drivers/STM32U5xx_HAL_Driver/Inc -I../Drivers/STM32U5xx_HAL_Driver/Inc/Legacy -I../Drivers/CMSIS/Device/ST/STM32U5xx/Include -I../Drivers/CMSIS/Include -I../Drivers/BSP/STM32U5xx_Nucleo -O0 -ffunction-sections -fdata-sections -Wall -fstack-usage -fcyclomatic-complexity -MMD -MP -MF"Core/Src/main.d" -MT"Core/Src/main.o" --specs=nano.specs -mfpu=fpv5-sp-d16 -mfloat-abi=hard -mthumb -o "Core/Src/main.o"
arm-none-eabi-gcc -o "STM32_SPI_PoC.elf" @"objects.list"   -mcpu=cortex-m33 -T"C:\Users\Jan.WEISS\CUSTOMERS\BIANCO_SOLUTIONS\bs\biancoSfera\02_SW\001_poc\001_STM32_SPI_PoC\STM32_SPI_PoC\STM32U5A5ZJTXQ_FLASH.ld" --specs=nosys.specs -Wl,-Map="STM32_SPI_PoC.map" -Wl,--gc-sections -static --specs=nano.specs -mfpu=fpv5-sp-d16 -mfloat-abi=hard -mthumb -Wl,--start-group -lc -lm -Wl,--end-group
Finished building target: STM32_SPI_PoC.elf
 
arm-none-eabi-size   STM32_SPI_PoC.elf 
arm-none-eabi-objdump -h -S  STM32_SPI_PoC.elf  > "STM32_SPI_PoC.list"
   text	   data	    bss	    dec	    hex	filename
  16520	     17	   1716	  18253	   474d	STM32_SPI_PoC.elf
Finished building: default.size.stdout
 
Finished building: STM32_SPI_PoC.list
 
20:31:12 **** Incremental Build of configuration Debug for project STM32_SPI_PoC ****
make -j8 all 
arm-none-eabi-gcc "../Core/Src/main.c" -mcpu=cortex-m33 -std=gnu11 -g3 -DDEBUG -DUSE_HAL_DRIVER -DSTM32U5A5xx -c -I../Core/Inc -I../Drivers/STM32U5xx_HAL_Driver/Inc -I../Drivers/STM32U5xx_HAL_Driver/Inc/Legacy -I../Drivers/CMSIS/Device/ST/STM32U5xx/Include -I../Drivers/CMSIS/Include -I../Drivers/BSP/STM32U5xx_Nucleo -O0 -ffunction-sections -fdata-sections -Wall -fstack-usage -fcyclomatic-complexity -MMD -MP -MF"Core/Src/main.d" -MT"Core/Src/main.o" --specs=nano.specs -mfpu=fpv5-sp-d16 -mfloat-abi=hard -mthumb -o "Core/Src/main.o"
arm-none-eabi-gcc -o "STM32_SPI_PoC.elf" @"objects.list"   -mcpu=cortex-m33 -T"C:\Users\Jan.WEISS\CUSTOMERS\BIANCO_SOLUTIONS\bs\biancoSfera\02_SW\001_poc\001_STM32_SPI_PoC\STM32_SPI_PoC\STM32U5A5ZJTXQ_FLASH.ld" --specs=nosys.specs -Wl,-Map="STM32_SPI_PoC.map" -Wl,--gc-sections -static --specs=nano.specs -mfpu=fpv5-sp-d16 -mfloat-abi=hard -mthumb -Wl,--start-group -lc -lm -Wl,--end-group
Finished building target: STM32_SPI_PoC.elf
 
arm-none-eabi-size   STM32_SPI_PoC.elf 
arm-none-eabi-objdump -h -S  STM32_SPI_PoC.elf  > "STM32_SPI_PoC.list"
   text	   data	    bss	    dec	    hex	filename
  16552	     17	   1716	  18285	   476d	STM32_SPI_PoC.elf
Finished building: default.size.stdout
 
Finished building: STM32_SPI_PoC.list
 
20:33:43 **** Incremental Build of configuration Debug for project STM32_SPI_PoC ****
make -j8 all 
arm-none-eabi-gcc "../Core/Src/main.c" -mcpu=cortex-m33 -std=gnu11 -g3 -DDEBUG -DUSE_HAL_DRIVER -DSTM32U5A5xx -c -I../Core/Inc -I../Drivers/STM32U5xx_HAL_Driver/Inc -I../Drivers/STM32U5xx_HAL_Driver/Inc/Legacy -I../Drivers/CMSIS/Device/ST/STM32U5xx/Include -I../Drivers/CMSIS/Include -I../Drivers/BSP/STM32U5xx_Nucleo -O0 -ffunction-sections -fdata-sections -Wall -fstack-usage -fcyclomatic-complexity -MMD -MP -MF"Core/Src/main.d" -MT"Core/Src/main.o" --specs=nano.specs -mfpu=fpv5-sp-d16 -mfloat-abi=hard -mthumb -o "Core/Src/main.o"
arm-none-eabi-gcc -o "STM32_SPI_PoC.elf" @"objects.list"   -mcpu=cortex-m33 -T"C:\Users\Jan.WEISS\CUSTOMERS\BIANCO_SOLUTIONS\bs\biancoSfera\02_SW\001_poc\001_STM32_SPI_PoC\STM32_SPI_PoC\STM32U5A5ZJTXQ_FLASH.ld" --specs=nosys.specs -Wl,-Map="STM32_SPI_PoC.map" -Wl,--gc-sections -static --specs=nano.specs -mfpu=fpv5-sp-d16 -mfloat-abi=hard -mthumb -Wl,--start-group -lc -lm -Wl,--end-group
Finished building target: STM32_SPI_PoC.elf
 
arm-none-eabi-size   STM32_SPI_PoC.elf 
arm-none-eabi-objdump -h -S  STM32_SPI_PoC.elf  > "STM32_SPI_PoC.list"
   text	   data	    bss	    dec	    hex	filename
  16552	     17	   1716	  18285	   476d	STM32_SPI_PoC.elf
Finished building: default.size.stdout
 
Finished building: STM32_SPI_PoC.list
 
