Archive member included to satisfy reference by file (symbol)

c:/program files (x86)/atmel/studio/7.0/toolchain/arm/arm-gnu-toolchain/bin/../lib/gcc/arm-none-eabi/6.3.1/../../../../arm-none-eabi/lib/thumb/v6-m\libc.a(lib_a-exit.o)
                              c:/program files (x86)/atmel/studio/7.0/toolchain/arm/arm-gnu-toolchain/bin/../lib/gcc/arm-none-eabi/6.3.1/../../../../arm-none-eabi/lib/thumb/v6-m/crt0.o (exit)
c:/program files (x86)/atmel/studio/7.0/toolchain/arm/arm-gnu-toolchain/bin/../lib/gcc/arm-none-eabi/6.3.1/../../../../arm-none-eabi/lib/thumb/v6-m\libc.a(lib_a-impure.o)
                              c:/program files (x86)/atmel/studio/7.0/toolchain/arm/arm-gnu-toolchain/bin/../lib/gcc/arm-none-eabi/6.3.1/../../../../arm-none-eabi/lib/thumb/v6-m\libc.a(lib_a-exit.o) (_global_impure_ptr)
c:/program files (x86)/atmel/studio/7.0/toolchain/arm/arm-gnu-toolchain/bin/../lib/gcc/arm-none-eabi/6.3.1/../../../../arm-none-eabi/lib/thumb/v6-m\libc.a(lib_a-init.o)
                              c:/program files (x86)/atmel/studio/7.0/toolchain/arm/arm-gnu-toolchain/bin/../lib/gcc/arm-none-eabi/6.3.1/../../../../arm-none-eabi/lib/thumb/v6-m/crt0.o (__libc_init_array)
c:/program files (x86)/atmel/studio/7.0/toolchain/arm/arm-gnu-toolchain/bin/../lib/gcc/arm-none-eabi/6.3.1/../../../../arm-none-eabi/lib/thumb/v6-m\libc.a(lib_a-memset.o)
                              c:/program files (x86)/atmel/studio/7.0/toolchain/arm/arm-gnu-toolchain/bin/../lib/gcc/arm-none-eabi/6.3.1/../../../../arm-none-eabi/lib/thumb/v6-m/crt0.o (memset)
c:/program files (x86)/atmel/studio/7.0/toolchain/arm/arm-gnu-toolchain/bin/../lib/gcc/arm-none-eabi/6.3.1/../../../../arm-none-eabi/lib/thumb/v6-m\libc.a(lib_a-__call_atexit.o)
                              c:/program files (x86)/atmel/studio/7.0/toolchain/arm/arm-gnu-toolchain/bin/../lib/gcc/arm-none-eabi/6.3.1/../../../../arm-none-eabi/lib/thumb/v6-m\libc.a(lib_a-exit.o) (__call_exitprocs)
c:/program files (x86)/atmel/studio/7.0/toolchain/arm/arm-gnu-toolchain/bin/../lib/gcc/arm-none-eabi/6.3.1/../../../../arm-none-eabi/lib/thumb/v6-m\libc.a(lib_a-atexit.o)
                              c:/program files (x86)/atmel/studio/7.0/toolchain/arm/arm-gnu-toolchain/bin/../lib/gcc/arm-none-eabi/6.3.1/../../../../arm-none-eabi/lib/thumb/v6-m\libc.a(lib_a-__call_atexit.o) (atexit)
c:/program files (x86)/atmel/studio/7.0/toolchain/arm/arm-gnu-toolchain/bin/../lib/gcc/arm-none-eabi/6.3.1/../../../../arm-none-eabi/lib/thumb/v6-m\libc.a(lib_a-fini.o)
                              c:/program files (x86)/atmel/studio/7.0/toolchain/arm/arm-gnu-toolchain/bin/../lib/gcc/arm-none-eabi/6.3.1/../../../../arm-none-eabi/lib/thumb/v6-m\libc.a(lib_a-__call_atexit.o) (__libc_fini_array)
c:/program files (x86)/atmel/studio/7.0/toolchain/arm/arm-gnu-toolchain/bin/../lib/gcc/arm-none-eabi/6.3.1/../../../../arm-none-eabi/lib/thumb/v6-m\libc.a(lib_a-lock.o)
                              c:/program files (x86)/atmel/studio/7.0/toolchain/arm/arm-gnu-toolchain/bin/../lib/gcc/arm-none-eabi/6.3.1/../../../../arm-none-eabi/lib/thumb/v6-m\libc.a(lib_a-__call_atexit.o) (__retarget_lock_acquire_recursive)
c:/program files (x86)/atmel/studio/7.0/toolchain/arm/arm-gnu-toolchain/bin/../lib/gcc/arm-none-eabi/6.3.1/../../../../arm-none-eabi/lib/thumb/v6-m\libc.a(lib_a-__atexit.o)
                              c:/program files (x86)/atmel/studio/7.0/toolchain/arm/arm-gnu-toolchain/bin/../lib/gcc/arm-none-eabi/6.3.1/../../../../arm-none-eabi/lib/thumb/v6-m\libc.a(lib_a-atexit.o) (__register_exitproc)

Allocating common symbols
Common symbol       size              file

__lock___atexit_recursive_mutex
                    0x1               c:/program files (x86)/atmel/studio/7.0/toolchain/arm/arm-gnu-toolchain/bin/../lib/gcc/arm-none-eabi/6.3.1/../../../../arm-none-eabi/lib/thumb/v6-m\libc.a(lib_a-lock.o)
__lock___arc4random_mutex
                    0x1               c:/program files (x86)/atmel/studio/7.0/toolchain/arm/arm-gnu-toolchain/bin/../lib/gcc/arm-none-eabi/6.3.1/../../../../arm-none-eabi/lib/thumb/v6-m\libc.a(lib_a-lock.o)
__lock___env_recursive_mutex
                    0x1               c:/program files (x86)/atmel/studio/7.0/toolchain/arm/arm-gnu-toolchain/bin/../lib/gcc/arm-none-eabi/6.3.1/../../../../arm-none-eabi/lib/thumb/v6-m\libc.a(lib_a-lock.o)
__lock___sinit_recursive_mutex
                    0x1               c:/program files (x86)/atmel/studio/7.0/toolchain/arm/arm-gnu-toolchain/bin/../lib/gcc/arm-none-eabi/6.3.1/../../../../arm-none-eabi/lib/thumb/v6-m\libc.a(lib_a-lock.o)
__lock___malloc_recursive_mutex
                    0x1               c:/program files (x86)/atmel/studio/7.0/toolchain/arm/arm-gnu-toolchain/bin/../lib/gcc/arm-none-eabi/6.3.1/../../../../arm-none-eabi/lib/thumb/v6-m\libc.a(lib_a-lock.o)
__lock___at_quick_exit_mutex
[...]
Memory Configuration

Name             Origin             Length             Attributes
rom              0x00000000         0x00040000         xr
ram              0x20000000         0x00008000         xrw
*default*        0x00000000         0xffffffff

Linker script and memory map

LOAD c:/program files (x86)/atmel/studio/7.0/toolchain/arm/arm-gnu-toolchain/bin/../lib/gcc/arm-none-eabi/6.3.1/thumb/v6-m/crti.o
LOAD c:/program files (x86)/atmel/studio/7.0/toolchain/arm/arm-gnu-toolchain/bin/../lib/gcc/arm-none-eabi/6.3.1/thumb/v6-m/crtbegin.o
LOAD c:/program files (x86)/atmel/studio/7.0/toolchain/arm/arm-gnu-toolchain/bin/../lib/gcc/arm-none-eabi/6.3.1/../../../../arm-none-eabi/lib/thumb/v6-m/crt0.o
LOAD rfm69.o
LOAD Device_Startup/startup_samd21.o
LOAD Device_Startup/system_samd21.o
LOAD gpio.o
LOAD lcd.o
LOAD main.o
LOAD spi_master.o
LOAD tmr.o
START GROUP
LOAD c:/program files (x86)/atmel/studio/7.0/toolchain/arm/arm-gnu-toolchain/bin/../lib/gcc/arm-none-eabi/6.3.1/../../../../arm-none-eabi/lib/thumb/v6-m\libm.a
END GROUP
START GROUP
LOAD c:/program files (x86)/atmel/studio/7.0/toolchain/arm/arm-gnu-toolchain/bin/../lib/gcc/arm-none-eabi/6.3.1/thumb/v6-m\libgcc.a
LOAD c:/program files (x86)/atmel/studio/7.0/toolchain/arm/arm-gnu-toolchain/bin/../lib/gcc/arm-none-eabi/6.3.1/../../../../arm-none-eabi/lib/thumb/v6-m\libc.a
END GROUP
LOAD c:/program files (x86)/atmel/studio/7.0/toolchain/arm/arm-gnu-toolchain/bin/../lib/gcc/arm-none-eabi/6.3.1/thumb/v6-m/crtend.o
LOAD c:/program files (x86)/atmel/studio/7.0/toolchain/arm/arm-gnu-toolchain/bin/../lib/gcc/arm-none-eabi/6.3.1/thumb/v6-m/crtn.o
                0x00002000                STACK_SIZE = DEFINED (STACK_SIZE)?STACK_SIZE:DEFINED (__stack_size__)?__stack_size__:0x2000

.text           0x00000000      0xa6c
                0x00000000                . = ALIGN (0x4)
                0x00000000                _sfixed = .
 *(.vectors .vectors.*)
 .vectors       0x00000000       0xb4 Device_Startup/startup_samd21.o
                0x00000000                exception_table
 *(.text .text.* .gnu.linkonce.t.*)
 .text          0x000000b4       0x60 c:/program files (x86)/atmel/studio/7.0/toolchain/arm/arm-gnu-toolchain/bin/../lib/gcc/arm-none-eabi/6.3.1/thumb/v6-m/crtbegin.o
 .text.NVIC_SystemReset
                0x00000114       0x20 rfm69.o
 .text.RFM69_Init
                0x00000134      0x270 rfm69.o
                0x00000134                RFM69_Init
 .text.chipPresent
                0x000003a4       0x74 rfm69.o
                0x000003a4                chipPresent
 .text.writeREG
                0x00000418       0x5c rfm69.o
                0x00000418                writeREG
 .text.readREG  0x00000474       0x70 rfm69.o
                0x00000474                readREG
 .text.Reset_Handler
                0x000004e4       0xf8 Device_Startup/startup_samd21.o
                0x000004e4                Reset_Handler
 .text.Dummy_Handler
                0x000005dc        0x6 Device_Startup/startup_samd21.o
                0x000005dc                SVCall_Handler
                0x000005dc                DMAC_Handler
                0x000005dc                HardFault_Handler
                0x000005dc                AC_Handler
                0x000005dc                SysTick_Handler
                0x000005dc                PendSV_Handler
                0x000005dc                TC7_Handler
                0x000005dc                SERCOM1_Handler
                0x000005dc                ADC_Handler
                0x000005dc                NonMaskableInt_Handler
                0x000005dc                TCC1_Handler
                0x000005dc                SERCOM2_Handler
                0x000005dc                TCC0_Handler
                0x000005dc                RTC_Handler
                0x000005dc                EIC_Handler
                0x000005dc                TC6_Handler
                0x000005dc                WDT_Handler
                0x000005dc                TC4_Handler
                0x000005dc                USB_Handler
                0x000005dc                Dummy_Handler
                0x000005dc                PM_Handler
                0x000005dc                SERCOM5_Handler
                0x000005dc                TCC2_Handler
                0x000005dc                EVSYS_Handler
                0x000005dc                SERCOM3_Handler
                0x000005dc                SERCOM4_Handler
                0x000005dc                I2S_Handler
                0x000005dc                NVMCTRL_Handler
                0x000005dc                SERCOM0_Handler
                0x000005dc                DAC_Handler
                0x000005dc                PTC_Handler
                0x000005dc                TC5_Handler
                0x000005dc                SYSCTRL_Handler
 *fill*         0x000005e2        0x2 
 .text.SystemInit
                0x000005e4       0x2c Device_Startup/system_samd21.o
                0x000005e4                SystemInit
 .text.GPIO_Init
                0x00000610       0x40 gpio.o
                0x00000610                GPIO_Init
 .text.main     0x00000650       0x38 main.o
                0x00000650                main
 .text.SPI_init
                0x00000688       0xfc spi_master.o
                0x00000688                SPI_init
 .text.spiSend  0x00000784       0x58 spi_master.o
                0x00000784                spiSend
 .text.__NVIC_EnableIRQ
                0x000007dc       0x34 tmr.o
 .text.TC3_Handler
                0x00000810       0x24 tmr.o
                0x00000810                TC3_Handler
 .text.TMR_Init
                0x00000834       0x70 tmr.o
                0x00000834                TMR_Init
 .text.__libc_init_array
                0x000008a4       0x48 c:/program files (x86)/atmel/studio/7.0/toolchain/arm/arm-gnu-toolchain/bin/../lib/gcc/arm-none-eabi/6.3.1/../../../../arm-none-eabi/lib/thumb/v6-m\libc.a(lib_a-init.o)
                0x000008a4                __libc_init_array
 .text.startup.register_fini
                0x000008ec       0x18 c:/program files (x86)/atmel/studio/7.0/toolchain/arm/arm-gnu-toolchain/bin/../lib/gcc/arm-none-eabi/6.3.1/../../../../arm-none-eabi/lib/thumb/v6-m\libc.a(lib_a-__call_atexit.o)
 .text.atexit   0x00000904       0x10 c:/program files (x86)/atmel/studio/7.0/toolchain/arm/arm-gnu-toolchain/bin/../lib/gcc/arm-none-eabi/6.3.1/../../../../arm-none-eabi/lib/thumb/v6-m\libc.a(lib_a-atexit.o)
                0x00000904                atexit
 .text.__libc_fini_array
                0x00000914       0x34 c:/program files (x86)/atmel/studio/7.0/toolchain/arm/arm-gnu-toolchain/bin/../lib/gcc/arm-none-eabi/6.3.1/../../../../arm-none-eabi/lib/thumb/v6-m\libc.a(lib_a-fini.o)
                0x00000914                __libc_fini_array
 .text.__retarget_lock_acquire_recursive
                0x00000948        0x4 c:/program files (x86)/atmel/studio/7.0/toolchain/arm/arm-gnu-toolchain/bin/../lib/gcc/arm-none-eabi/6.3.1/../../../../arm-none-eabi/lib/thumb/v6-m\libc.a(lib_a-lock.o)
                0x00000948                __retarget_lock_acquire_recursive
 .text.__retarget_lock_release_recursive
                0x0000094c        0x4 c:/program files (x86)/atmel/studio/7.0/toolchain/arm/arm-gnu-toolchain/bin/../lib/gcc/arm-none-eabi/6.3.1/../../../../arm-none-eabi/lib/thumb/v6-m\libc.a(lib_a-lock.o)
                0x0000094c                __retarget_lock_release_recursive
 .text.__register_exitproc
                0x00000950       0xf4 c:/program files (x86)/atmel/studio/7.0/toolchain/arm/arm-gnu-toolchain/bin/../lib/gcc/arm-none-eabi/6.3.1/../../../../arm-none-eabi/lib/thumb/v6-m\libc.a(lib_a-__atexit.o)
                0x00000950                __register_exitproc
 *(.glue_7t)
 .glue_7t       0x00000a44        0x0 linker stubs
 *(.glue_7)
 .glue_7        0x00000a44        0x0 linker stubs
 *(.rodata .rodata* .gnu.linkonce.r.*)
 .rodata._global_impure_ptr
                0x00000a44        0x4 c:/program files (x86)/atmel/studio/7.0/toolchain/arm/arm-gnu-toolchain/bin/../lib/gcc/arm-none-eabi/6.3.1/../../../../arm-none-eabi/lib/thumb/v6-m\libc.a(lib_a-impure.o)
                0x00000a44                _global_impure_ptr
 *(.ARM.extab* .gnu.linkonce.armextab.*)
                0x00000a48                . = ALIGN (0x4)
 *(.init)
 .init          0x00000a48        0x4 c:/program files (x86)/atmel/studio/7.0/toolchain/arm/arm-gnu-toolchain/bin/../lib/gcc/arm-none-eabi/6.3.1/thumb/v6-m/crti.o
                0x00000a48                _init
 .init          0x00000a4c        0x8 c:/program files (x86)/atmel/studio/7.0/toolchain/arm/arm-gnu-toolchain/bin/../lib/gcc/arm-none-eabi/6.3.1/thumb/v6-m/crtn.o
                0x00000a54                . = ALIGN (0x4)
                0x00000a54                __preinit_array_start = .
 *(.preinit_array)
                0x00000a54                __preinit_array_end = .
                0x00000a54                . = ALIGN (0x4)
                0x00000a54                __init_array_start = .
 *(SORT(.init_array.*))
 .init_array.00000
                0x00000a54        0x4 c:/program files (x86)/atmel/studio/7.0/toolchain/arm/arm-gnu-toolchain/bin/../lib/gcc/arm-none-eabi/6.3.1/../../../../arm-none-eabi/lib/thumb/v6-m\libc.a(lib_a-__call_atexit.o)
 *(.init_array)
 .init_array    0x00000a58        0x4 c:/program files (x86)/atmel/studio/7.0/toolchain/arm/arm-gnu-toolchain/bin/../lib/gcc/arm-none-eabi/6.3.1/thumb/v6-m/crtbegin.o
                0x00000a5c                __init_array_end = .
                0x00000a5c                . = ALIGN (0x4)
 *crtbegin.o(.ctors)
 *(EXCLUDE_FILE(*crtend.o) .ctors)
 *(SORT(.ctors.*))
 *crtend.o(.ctors)
                0x00000a5c                . = ALIGN (0x4)
 *(.fini)
 .fini          0x00000a5c        0x4 c:/program files (x86)/atmel/studio/7.0/toolchain/arm/arm-gnu-toolchain/bin/../lib/gcc/arm-none-eabi/6.3.1/thumb/v6-m/crti.o
                0x00000a5c                _fini
 .fini          0x00000a60        0x8 c:/program files (x86)/atmel/studio/7.0/toolchain/arm/arm-gnu-toolchain/bin/../lib/gcc/arm-none-eabi/6.3.1/thumb/v6-m/crtn.o
                0x00000a68                . = ALIGN (0x4)
                0x00000a68                __fini_array_start = .
 *(.fini_array)
 .fini_array    0x00000a68        0x4 c:/program files (x86)/atmel/studio/7.0/toolchain/arm/arm-gnu-toolchain/bin/../lib/gcc/arm-none-eabi/6.3.1/thumb/v6-m/crtbegin.o
 *(SORT(.fini_array.*))
                0x00000a6c                __fini_array_end = .
 *crtbegin.o(.dtors)
 *(EXCLUDE_FILE(*crtend.o) .dtors)
 *(SORT(.dtors.*))
 *crtend.o(.dtors)
                0x00000a6c                . = ALIGN (0x4)
                0x00000a6c                _efixed = .
                [!provide]                PROVIDE (__exidx_start, .)

.vfp11_veneer   0x00000a6c        0x0
 .vfp11_veneer  0x00000a6c        0x0 linker stubs

.v4_bx          0x00000a6c        0x0
 .v4_bx         0x00000a6c        0x0 linker stubs

.iplt           0x00000a6c        0x0
 .iplt          0x00000a6c        0x0 c:/program files (x86)/atmel/studio/7.0/toolchain/arm/arm-gnu-toolchain/bin/../lib/gcc/arm-none-eabi/6.3.1/thumb/v6-m/crtbegin.o

.eh_frame       0x00000a6c        0x0
 .eh_frame      0x00000a6c        0x0 c:/program files (x86)/atmel/studio/7.0/toolchain/arm/arm-gnu-toolchain/bin/../lib/gcc/arm-none-eabi/6.3.1/thumb/v6-m/crtbegin.o

.rel.dyn        0x00000a6c        0x0
 .rel.iplt      0x00000a6c        0x0 c:/program files (x86)/atmel/studio/7.0/toolchain/arm/arm-gnu-toolchain/bin/../lib/gcc/arm-none-eabi/6.3.1/thumb/v6-m/crtbegin.o

.jcr            0x00000a6c        0x0
 .jcr           0x00000a6c        0x0 c:/program files (x86)/atmel/studio/7.0/toolchain/arm/arm-gnu-toolchain/bin/../lib/gcc/arm-none-eabi/6.3.1/thumb/v6-m/crtbegin.o

.igot.plt       0x00000a6c        0x0
 .igot.plt      0x00000a6c        0x0 c:/program files (x86)/atmel/studio/7.0/toolchain/arm/arm-gnu-toolchain/bin/../lib/gcc/arm-none-eabi/6.3.1/thumb/v6-m/crtbegin.o

.ARM.exidx
 *(.ARM.exidx* .gnu.linkonce.armexidx.*)
                [!provide]                PROVIDE (__exidx_end, .)
                0x00000a6c                . = ALIGN (0x4)
                0x00000a6c                _etext = .

.relocate       0x20000000      0x434 load address 0x00000a6c
                0x20000000                . = ALIGN (0x4)
                0x20000000                _srelocate = .
 *(.ramfunc .ramfunc.*)
 *(.data .data.*)
 .data          0x20000000        0x4 Device_Startup/system_samd21.o
                0x20000000                SystemCoreClock
 *fill*         0x20000004        0x4 
 .data.impure_data
                0x20000008      0x428 c:/program files (x86)/atmel/studio/7.0/toolchain/arm/arm-gnu-toolchain/bin/../lib/gcc/arm-none-eabi/6.3.1/../../../../arm-none-eabi/lib/thumb/v6-m\libc.a(lib_a-impure.o)
 .data.__atexit_recursive_mutex
                0x20000430        0x4 c:/program files (x86)/atmel/studio/7.0/toolchain/arm/arm-gnu-toolchain/bin/../lib/gcc/arm-none-eabi/6.3.1/../../../../arm-none-eabi/lib/thumb/v6-m\libc.a(lib_a-__call_atexit.o)
                0x20000430                __atexit_recursive_mutex
                0x20000434                . = ALIGN (0x4)
                0x20000434                _erelocate = .

.bss            0x20000434       0x44 load address 0x00000ea0
                0x20000434                . = ALIGN (0x4)
                0x20000434                _sbss = .
                0x20000434                _szero = .
 *(.bss .bss.*)
 .bss           0x20000434       0x1c c:/program files (x86)/atmel/studio/7.0/toolchain/arm/arm-gnu-toolchain/bin/../lib/gcc/arm-none-eabi/6.3.1/thumb/v6-m/crtbegin.o
 .bss           0x20000450        0x4 tmr.o
                0x20000450                GlobalTick
 *(COMMON)
 COMMON         0x20000454       0x21 c:/program files (x86)/atmel/studio/7.0/toolchain/arm/arm-gnu-toolchain/bin/../lib/gcc/arm-none-eabi/6.3.1/../../../../arm-none-eabi/lib/thumb/v6-m\libc.a(lib_a-lock.o)
                0x20000454                __lock___atexit_recursive_mutex
                0x20000458                __lock___arc4random_mutex
                0x2000045c                __lock___env_recursive_mutex
                0x20000460                __lock___sinit_recursive_mutex
                0x20000464                __lock___malloc_recursive_mutex
                0x20000468                __lock___at_quick_exit_mutex
                0x2000046c                __lock___dd_hash_mutex
                0x20000470                __lock___tz_mutex
                0x20000474                __lock___sfp_recursive_mutex
                0x20000478                . = ALIGN (0x4)
 *fill*         0x20000475        0x3 
                0x20000478                _ebss = .
                0x20000478                _ezero = .

.stack          0x20000478     0x2000 load address 0x00000ee4
                0x20000478                . = ALIGN (0x8)
                0x20000478                _sstack = .
                0x20002478                . = (. + STACK_SIZE)
 *fill*         0x20000478     0x2000 
                0x20002478                . = ALIGN (0x8)
                0x20002478                _estack = .
                0x20002478                . = ALIGN (0x4)
                0x20002478                _end = .
OUTPUT(spi-master-demo.elf elf32-littlearm)

.ARM.attributes
                0x00000000       0x28
 .ARM.attributes
                0x00000000       0x1e c:/program files (x86)/atmel/studio/7.0/toolchain/arm/arm-gnu-toolchain/bin/../lib/gcc/arm-none-eabi/6.3.1/thumb/v6-m/crti.o
 .ARM.attributes
                0x0000001e       0x2c c:/program files (x86)/atmel/studio/7.0/toolchain/arm/arm-gnu-toolchain/bin/../lib/gcc/arm-none-eabi/6.3.1/thumb/v6-m/crtbegin.o
 .ARM.attributes
                0x0000004a       0x32 rfm69.o
 .ARM.attributes
                0x0000007c       0x32 Device_Startup/startup_samd21.o
 .ARM.attributes
                0x000000ae       0x32 Device_Startup/system_samd21.o
 .ARM.attributes
                0x000000e0       0x32 gpio.o
 .ARM.attributes
                0x00000112       0x32 main.o
 .ARM.attributes
                0x00000144       0x32 spi_master.o
 .ARM.attributes
                0x00000176       0x32 tmr.o
 .ARM.attributes
                0x000001a8       0x2c c:/program files (x86)/atmel/studio/7.0/toolchain/arm/arm-gnu-toolchain/bin/../lib/gcc/arm-none-eabi/6.3.1/../../../../arm-none-eabi/lib/thumb/v6-m\libc.a(lib_a-impure.o)
 .ARM.attributes
                0x000001d4       0x2c c:/program files (x86)/atmel/studio/7.0/toolchain/arm/arm-gnu-toolchain/bin/../lib/gcc/arm-none-eabi/6.3.1/../../../../arm-none-eabi/lib/thumb/v6-m\libc.a(lib_a-init.o)
 .ARM.attributes
                0x00000200       0x2c c:/program files (x86)/atmel/studio/7.0/toolchain/arm/arm-gnu-toolchain/bin/../lib/gcc/arm-none-eabi/6.3.1/../../../../arm-none-eabi/lib/thumb/v6-m\libc.a(lib_a-__call_atexit.o)
 .ARM.attributes
                0x0000022c       0x2c c:/program files (x86)/atmel/studio/7.0/toolchain/arm/arm-gnu-toolchain/bin/../lib/gcc/arm-none-eabi/6.3.1/../../../../arm-none-eabi/lib/thumb/v6-m\libc.a(lib_a-atexit.o)
 .ARM.attributes
                0x00000258       0x2c c:/program files (x86)/atmel/studio/7.0/toolchain/arm/arm-gnu-toolchain/bin/../lib/gcc/arm-none-eabi/6.3.1/../../../../arm-none-eabi/lib/thumb/v6-m\libc.a(lib_a-fini.o)
 .ARM.attributes
                0x00000284       0x2c c:/program files (x86)/atmel/studio/7.0/toolchain/arm/arm-gnu-toolchain/bin/../lib/gcc/arm-none-eabi/6.3.1/../../../../arm-none-eabi/lib/thumb/v6-m\libc.a(lib_a-lock.o)
 .ARM.attributes
                0x000002b0       0x2c c:/program files (x86)/atmel/studio/7.0/toolchain/arm/arm-gnu-toolchain/bin/../lib/gcc/arm-none-eabi/6.3.1/../../../../arm-none-eabi/lib/thumb/v6-m\libc.a(lib_a-__atexit.o)
 .ARM.attributes
                0x000002dc       0x1e c:/program files (x86)/atmel/studio/7.0/toolchain/arm/arm-gnu-toolchain/bin/../lib/gcc/arm-none-eabi/6.3.1/thumb/v6-m/crtn.o

.comment        0x00000000       0x59
 .comment       0x00000000       0x59 rfm69.o
                                 0x5a (size before relaxing)
 .comment       0x00000059       0x5a Device_Startup/startup_samd21.o
 .comment       0x00000059       0x5a Device_Startup/system_samd21.o
 .comment       0x00000059       0x5a gpio.o
 .comment       0x00000059       0x5a main.o
 .comment       0x00000059       0x5a spi_master.o
 .comment       0x00000059       0x5a tmr.o

.debug_info     0x00000000     0xa92a
 .debug_info    0x00000000      0xaa7 rfm69.o
 .debug_info    0x00000aa7     0x3a2b Device_Startup/startup_samd21.o
 .debug_info    0x000044d2     0x1187 Device_Startup/system_samd21.o
 .debug_info    0x00005659      0x6fe gpio.o
 .debug_info    0x00005d57      0x138 main.o
 .debug_info    0x00005e8f     0x2f86 spi_master.o
 .debug_info    0x00008e15     0x1b15 tmr.o

.debug_abbrev   0x00000000      0xae5
 .debug_abbrev  0x00000000      0x20d rfm69.o
 .debug_abbrev  0x0000020d      0x227 Device_Startup/startup_samd21.o
 .debug_abbrev  0x00000434      0x13b Device_Startup/system_samd21.o
 .debug_abbrev  0x0000056f      0x14a gpio.o
 .debug_abbrev  0x000006b9       0x86 main.o
 .debug_abbrev  0x0000073f      0x1b3 spi_master.o
 .debug_abbrev  0x000008f2      0x1f3 tmr.o

.debug_loc      0x00000000      0x3ca
 .debug_loc     0x00000000      0x1b6 rfm69.o
 .debug_loc     0x000001b6       0x64 Device_Startup/startup_samd21.o
 .debug_loc     0x0000021a       0x58 Device_Startup/system_samd21.o
 .debug_loc     0x00000272       0x2c gpio.o
 .debug_loc     0x0000029e       0x2c main.o
 .debug_loc     0x000002ca       0x70 spi_master.o
 .debug_loc     0x0000033a       0x90 tmr.o

.debug_aranges  0x00000000      0x140
 .debug_aranges
                0x00000000       0x58 rfm69.o
 .debug_aranges
                0x00000058       0x28 Device_Startup/startup_samd21.o
 .debug_aranges
                0x00000080       0x28 Device_Startup/system_samd21.o
 .debug_aranges
                0x000000a8       0x20 gpio.o
 .debug_aranges
                0x000000c8       0x20 main.o
 .debug_aranges
                0x000000e8       0x28 spi_master.o
 .debug_aranges
                0x00000110       0x30 tmr.o

.debug_ranges   0x00000000       0xd0
 .debug_ranges  0x00000000       0x48 rfm69.o
 .debug_ranges  0x00000048       0x18 Device_Startup/startup_samd21.o
 .debug_ranges  0x00000060       0x18 Device_Startup/system_samd21.o
 .debug_ranges  0x00000078       0x10 gpio.o
 .debug_ranges  0x00000088       0x10 main.o
 .debug_ranges  0x00000098       0x18 spi_master.o
 .debug_ranges  0x000000b0       0x20 tmr.o

.debug_macro    0x00000000    0x13f09
 .debug_macro   0x00000000      0x33b rfm69.o
 .debug_macro   0x0000033b      0x89e rfm69.o
 .debug_macro   0x00000bd9       0x22 rfm69.o
 .debug_macro   0x00000bfb       0x87 rfm69.o
 .debug_macro   0x00000c82       0x51 rfm69.o
 .debug_macro   0x00000cd3       0xef rfm69.o
 .debug_macro   0x00000dc2       0x6a rfm69.o
 .debug_macro   0x00000e2c      0x1df rfm69.o
 .debug_macro   0x0000100b       0x2e rfm69.o
 .debug_macro   0x00001039     0x17d6 rfm69.o
 .debug_macro   0x0000280f       0x3f rfm69.o
 .debug_macro   0x0000284e       0x28 rfm69.o
 .debug_macro   0x00002876       0x85 rfm69.o
 .debug_macro   0x000028fb      0x375 rfm69.o
 .debug_macro   0x00002c70      0x67e rfm69.o
 .debug_macro   0x000032ee      0x8b1 rfm69.o
 .debug_macro   0x00003b9f      0x22e rfm69.o
 .debug_macro   0x00003dcd      0xd5c rfm69.o
 .debug_macro   0x00004b29      0x4dc rfm69.o
 .debug_macro   0x00005005      0x9f6 rfm69.o
 .debug_macro   0x000059fb      0x82b rfm69.o
 .debug_macro   0x00006226      0x45f rfm69.o
 .debug_macro   0x00006685       0x5e rfm69.o
 .debug_macro   0x000066e3      0x8f9 rfm69.o
 .debug_macro   0x00006fdc      0x21c rfm69.o
 .debug_macro   0x000071f8      0x735 rfm69.o
 .debug_macro   0x0000792d       0x5e rfm69.o
 .debug_macro   0x0000798b      0x632 rfm69.o
 .debug_macro   0x00007fbd      0x3ac rfm69.o
 .debug_macro   0x00008369      0xc76 rfm69.o
 .debug_macro   0x00008fdf     0x1092 rfm69.o
 .debug_macro   0x0000a071      0xc4a rfm69.o
 .debug_macro   0x0000acbb      0x6ba rfm69.o
 .debug_macro   0x0000b375     0x1b3d rfm69.o
 .debug_macro   0x0000ceb2     0x143c rfm69.o
 .debug_macro   0x0000e2ee      0x340 rfm69.o
 .debug_macro   0x0000e62e       0x7c rfm69.o
 .debug_macro   0x0000e6aa       0xa0 rfm69.o
 .debug_macro   0x0000e74a       0x4c rfm69.o
 .debug_macro   0x0000e796       0xca rfm69.o
 .debug_macro   0x0000e860       0x94 rfm69.o
 .debug_macro   0x0000e8f4       0x58 rfm69.o
 .debug_macro   0x0000e94c      0x341 rfm69.o
 .debug_macro   0x0000ec8d       0x82 rfm69.o
 .debug_macro   0x0000ed0f      0x189 rfm69.o
 .debug_macro   0x0000ee98       0xb8 rfm69.o
 .debug_macro   0x0000ef50       0xa0 rfm69.o
 .debug_macro   0x0000eff0       0xb2 rfm69.o
 .debug_macro   0x0000f0a2       0x1c rfm69.o
 .debug_macro   0x0000f0be       0x1c rfm69.o
 .debug_macro   0x0000f0da       0x1c rfm69.o
 .debug_macro   0x0000f0f6       0x7c rfm69.o
 .debug_macro   0x0000f172      0x15a rfm69.o
 .debug_macro   0x0000f2cc       0x10 rfm69.o
 .debug_macro   0x0000f2dc       0xdc rfm69.o
 .debug_macro   0x0000f3b8      0x124 rfm69.o
 .debug_macro   0x0000f4dc      0x124 rfm69.o
 .debug_macro   0x0000f600      0x124 rfm69.o
 .debug_macro   0x0000f724      0x124 rfm69.o
 .debug_macro   0x0000f848      0x124 rfm69.o
 .debug_macro   0x0000f96c      0x124 rfm69.o
 .debug_macro   0x0000fa90      0x124 rfm69.o
 .debug_macro   0x0000fbb4       0xe2 rfm69.o
 .debug_macro   0x0000fc96       0xe2 rfm69.o
 .debug_macro   0x0000fd78       0xe2 rfm69.o
 .debug_macro   0x0000fe5a       0xe2 rfm69.o
 .debug_macro   0x0000ff3c       0xe2 rfm69.o
 .debug_macro   0x0001001e      0x12a rfm69.o
 .debug_macro   0x00010148      0x100 rfm69.o
 .debug_macro   0x00010248       0xf4 rfm69.o
 .debug_macro   0x0001033c      0x40f rfm69.o
 .debug_macro   0x0001074b       0x40 rfm69.o
 .debug_macro   0x0001078b      0x392 rfm69.o
 .debug_macro   0x00010b1d     0x1fb0 rfm69.o
 .debug_macro   0x00012acd       0x6d rfm69.o
 .debug_macro   0x00012b3a       0x76 rfm69.o
 .debug_macro   0x00012bb0       0x40 rfm69.o
 .debug_macro   0x00012bf0      0x301 Device_Startup/startup_samd21.o
 .debug_macro   0x00012ef1       0x39 Device_Startup/startup_samd21.o
 .debug_macro   0x00012f2a      0x307 Device_Startup/system_samd21.o
 .debug_macro   0x00013231      0x310 gpio.o
 .debug_macro   0x00013541      0x326 main.o
 .debug_macro   0x00013867       0x7c main.o
 .debug_macro   0x000138e3      0x313 spi_master.o
 .debug_macro   0x00013bf6      0x313 tmr.o

.debug_line     0x00000000     0x31a7
 .debug_line    0x00000000      0x7fa rfm69.o
 .debug_line    0x000007fa      0x6fd Device_Startup/startup_samd21.o
 .debug_line    0x00000ef7      0x6df Device_Startup/system_samd21.o
 .debug_line    0x000015d6      0x6c0 gpio.o
 .debug_line    0x00001c96      0x6e4 main.o
 .debug_line    0x0000237a      0x738 spi_master.o
 .debug_line    0x00002ab2      0x6f5 tmr.o

.debug_str      0x00000000    0x77e7a
 .debug_str     0x00000000    0x75cf7 rfm69.o
                              0x76042 (size before relaxing)
 .debug_str     0x00075cf7     0x1085 Device_Startup/startup_samd21.o
                              0x7137b (size before relaxing)
 .debug_str     0x00076d7c      0x402 Device_Startup/system_samd21.o
                              0x70663 (size before relaxing)
 .debug_str     0x0007717e       0x16 gpio.o
                              0x70669 (size before relaxing)
 .debug_str     0x00077194       0x1e main.o
                              0x706f2 (size before relaxing)
 .debug_str     0x000771b2      0x8ce spi_master.o
                              0x71124 (size before relaxing)
 .debug_str     0x00077a80      0x3fa tmr.o
                              0x70d64 (size before relaxing)

.debug_frame    0x00000000      0x470
 .debug_frame   0x00000000      0x10c rfm69.o
 .debug_frame   0x0000010c       0x4c Device_Startup/startup_samd21.o
 .debug_frame   0x00000158       0x48 Device_Startup/system_samd21.o
 .debug_frame   0x000001a0       0x2c gpio.o
 .debug_frame   0x000001cc       0x2c main.o
 .debug_frame   0x000001f8       0x50 spi_master.o
 .debug_frame   0x00000248       0x68 tmr.o
 .debug_frame   0x000002b0       0x2c c:/program files (x86)/atmel/studio/7.0/toolchain/arm/arm-gnu-toolchain/bin/../lib/gcc/arm-none-eabi/6.3.1/../../../../arm-none-eabi/lib/thumb/v6-m\libc.a(lib_a-init.o)
 .debug_frame   0x000002dc       0x54 c:/program files (x86)/atmel/studio/7.0/toolchain/arm/arm-gnu-toolchain/bin/../lib/gcc/arm-none-eabi/6.3.1/../../../../arm-none-eabi/lib/thumb/v6-m\libc.a(lib_a-__call_atexit.o)
 .debug_frame   0x00000330       0x28 c:/program files (x86)/atmel/studio/7.0/toolchain/arm/arm-gnu-toolchain/bin/../lib/gcc/arm-none-eabi/6.3.1/../../../../arm-none-eabi/lib/thumb/v6-m\libc.a(lib_a-atexit.o)
 .debug_frame   0x00000358       0x2c c:/program files (x86)/atmel/studio/7.0/toolchain/arm/arm-gnu-toolchain/bin/../lib/gcc/arm-none-eabi/6.3.1/../../../../arm-none-eabi/lib/thumb/v6-m\libc.a(lib_a-fini.o)
 .debug_frame   0x00000384       0xb0 c:/program files (x86)/atmel/studio/7.0/toolchain/arm/arm-gnu-toolchain/bin/../lib/gcc/arm-none-eabi/6.3.1/../../../../arm-none-eabi/lib/thumb/v6-m\libc.a(lib_a-lock.o)
 .debug_frame   0x00000434       0x3c c:/program files (x86)/atmel/studio/7.0/toolchain/arm/arm-gnu-toolchain/bin/../lib/gcc/arm-none-eabi/6.3.1/../../../../arm-none-eabi/lib/thumb/v6-m\libc.a(lib_a-__atexit.o)
